Component: ARM Compiler 5.06 update 6 (build 750) Tool: armlink [4d35ed]

==============================================================================

Section Cross References

    led.o(i.IWDG_Feed) refers to stm32f4xx_iwdg.o(i.IWDG_ReloadCounter) for IWDG_ReloadCounter
    led.o(i.IWDG_Init) refers to stm32f4xx_iwdg.o(i.IWDG_WriteAccessCmd) for IWDG_WriteAccessCmd
    led.o(i.IWDG_Init) refers to stm32f4xx_iwdg.o(i.IWDG_SetPrescaler) for IWDG_SetPrescaler
    led.o(i.IWDG_Init) refers to stm32f4xx_iwdg.o(i.IWDG_SetReload) for IWDG_SetReload
    led.o(i.IWDG_Init) refers to stm32f4xx_iwdg.o(i.IWDG_ReloadCounter) for IWDG_ReloadCounter
    led.o(i.IWDG_Init) refers to stm32f4xx_iwdg.o(i.IWDG_Enable) for IWDG_Enable
    led.o(i.LED_init) refers to stm32f4xx_rcc.o(i.RCC_AHB1PeriphClockCmd) for RCC_AHB1PeriphClockCmd
    led.o(i.LED_init) refers to stm32f4xx_gpio.o(i.GPIO_Init) for GPIO_Init
    led.o(i.LED_init) refers to stm32f4xx_gpio.o(i.GPIO_ResetBits) for GPIO_ResetBits
    led.o(i.LED_init) refers to led.o(i.IWDG_Init) for IWDG_Init
    led.o(i.rt_led_thread_entry) refers to led.o(i.IWDG_Feed) for IWDG_Feed
    led.o(i.rt_led_thread_entry) refers to led.o(i.LED_init) for LED_init
    led.o(i.rt_led_thread_entry) refers to stm32f4xx_gpio.o(i.GPIO_ResetBits) for GPIO_ResetBits
    led.o(i.rt_led_thread_entry) refers to delay.o(i.delay_ms) for delay_ms
    led.o(i.rt_led_thread_entry) refers to stm32f4xx_gpio.o(i.GPIO_SetBits) for GPIO_SetBits
    lcd_test.o(i.rt_lcd_test_thread_entry) refers to stm32f4xx_tim.o(i.TIM_SetCompare4) for TIM_SetCompare4
    lcd_test.o(i.rt_lcd_test_thread_entry) refers to sram.o(i.bsp_TestExtSRAM) for bsp_TestExtSRAM
    lcd_test.o(i.rt_lcd_test_thread_entry) refers to main_task.o(i.main_task_creat) for main_task_creat
    lcd_test.o(i.rt_lcd_test_thread_entry) refers to lv_hal_tick.o(i.lv_tick_inc) for lv_tick_inc
    lcd_test.o(i.rt_lcd_test_thread_entry) refers to lv_task.o(i.lv_task_handler) for lv_task_handler
    lcd_test.o(i.rt_lcd_test_thread_entry) refers to delay.o(i.delay_ms) for delay_ms
    lcd_test.o(i.rt_lcd_test_thread_entry) refers to lcd_fsmc.o(.bss) for lcd
    application.o(i.rt_application_init) refers to thread.o(i.rt_thread_create) for rt_thread_create
    application.o(i.rt_application_init) refers to thread.o(i.rt_thread_startup) for rt_thread_startup
    application.o(i.rt_application_init) refers to application.o(i.rt_init_thread_entry) for rt_init_thread_entry
    application.o(i.rt_init_thread_entry) refers to delay.o(i.delay_init) for delay_init
    application.o(i.rt_init_thread_entry) refers to lcd_fsmc.o(i.lcd_func_init) for lcd_func_init
    application.o(i.rt_init_thread_entry) refers to lv_obj.o(i.lv_init) for lv_init
    application.o(i.rt_init_thread_entry) refers to tft.o(i.tft_init) for tft_init
    application.o(i.rt_init_thread_entry) refers to touch_ft6306.o(i.touch_init) for touch_init
    application.o(i.rt_init_thread_entry) refers to touchpad.o(i.touchpad_init) for touchpad_init
    application.o(i.rt_init_thread_entry) refers to sram.o(i.fsmc_sram_config) for fsmc_sram_config
    application.o(i.rt_init_thread_entry) refers to pwm.o(i.TIM1_PWM_Init) for TIM1_PWM_Init
    application.o(i.rt_init_thread_entry) refers to thread.o(i.rt_thread_init) for rt_thread_init
    application.o(i.rt_init_thread_entry) refers to thread.o(i.rt_thread_startup) for rt_thread_startup
    application.o(i.rt_init_thread_entry) refers to spi_hard.o(i.rt_hw_spi_init) for rt_hw_spi_init
    application.o(i.rt_init_thread_entry) refers to w25qxx.o(i.w25qxx_init) for w25qxx_init
    application.o(i.rt_init_thread_entry) refers to device.o(i.rt_device_find) for rt_device_find
    application.o(i.rt_init_thread_entry) refers to kservice.o(i.rt_kprintf) for rt_kprintf
    application.o(i.rt_init_thread_entry) refers to lcd_fsmc.o(.bss) for lcd
    application.o(i.rt_init_thread_entry) refers to application.o(.bss) for lcd_test_stack
    application.o(i.rt_init_thread_entry) refers to lcd_test.o(i.rt_lcd_test_thread_entry) for rt_lcd_test_thread_entry
    application.o(i.rt_init_thread_entry) refers to led.o(i.rt_led_thread_entry) for rt_led_thread_entry
    startup.o(i.assert_failed) refers to kservice.o(i.rt_kprintf) for rt_kprintf
    startup.o(i.main) refers to context_rvds.o(.text) for rt_hw_interrupt_disable
    startup.o(i.main) refers to startup.o(i.rtthread_startup) for rtthread_startup
    startup.o(i.rtthread_startup) refers to board.o(i.rt_hw_board_init) for rt_hw_board_init
    startup.o(i.rtthread_startup) refers to kservice.o(i.rt_show_version) for rt_show_version
    startup.o(i.rtthread_startup) refers to clock.o(i.rt_system_tick_init) for rt_system_tick_init
    startup.o(i.rtthread_startup) refers to object.o(i.rt_system_object_init) for rt_system_object_init
    startup.o(i.rtthread_startup) refers to timer.o(i.rt_system_timer_init) for rt_system_timer_init
[...]
    0x08001db8   0x08001db8   0x00000030   Code   RO         6132    i.OP_shr_word       finsh_ops.o
    0x08001de8   0x08001de8   0x00000024   Code   RO         6133    i.OP_st_byte        finsh_ops.o
    0x08001e0c   0x08001e0c   0x00000024   Code   RO         6134    i.OP_st_dword       finsh_ops.o
    0x08001e30   0x08001e30   0x00000024   Code   RO         6135    i.OP_st_word        finsh_ops.o
    0x08001e54   0x08001e54   0x00000030   Code   RO         6136    i.OP_sub_byte       finsh_ops.o
    0x08001e84   0x08001e84   0x00000030   Code   RO         6137    i.OP_sub_dword      finsh_ops.o
    0x08001eb4   0x08001eb4   0x00000030   Code   RO         6138    i.OP_sub_word       finsh_ops.o
    0x08001ee4   0x08001ee4   0x00000030   Code   RO         6139    i.OP_xor_byte       finsh_ops.o
    0x08001f14   0x08001f14   0x00000030   Code   RO         6140    i.OP_xor_dword      finsh_ops.o
    0x08001f44   0x08001f44   0x00000030   Code   RO         6141    i.OP_xor_word       finsh_ops.o
    0x08001f74   0x08001f74   0x00000020   Code   RO         2008    i.RCC_AHB1PeriphClockCmd  stm32f4xx_rcc.o
    0x08001f94   0x08001f94   0x00000020   Code   RO         2014    i.RCC_AHB3PeriphClockCmd  stm32f4xx_rcc.o
    0x08001fb4   0x08001fb4   0x00000020   Code   RO         2017    i.RCC_APB1PeriphClockCmd  stm32f4xx_rcc.o
    0x08001fd4   0x08001fd4   0x00000020   Code   RO         2019    i.RCC_APB1PeriphResetCmd  stm32f4xx_rcc.o
    0x08001ff4   0x08001ff4   0x00000020   Code   RO         2020    i.RCC_APB2PeriphClockCmd  stm32f4xx_rcc.o
    0x08002014   0x08002014   0x00000020   Code   RO         2022    i.RCC_APB2PeriphResetCmd  stm32f4xx_rcc.o
    0x08002034   0x08002034   0x00000044   Code   RO          792    i.RCC_Configuration  usart.o
    0x08002078   0x08002078   0x000000e8   Code   RO         2029    i.RCC_GetClocksFreq  stm32f4xx_rcc.o
    0x08002160   0x08002160   0x00000018   Code   RO         3860    i.SPI_CalculateCRC  stm32f4xx_spi.o
    0x08002178   0x08002178   0x00000018   Code   RO         3861    i.SPI_Cmd           stm32f4xx_spi.o
    0x08002190   0x08002190   0x000000b0   Code   RO         3868    i.SPI_I2S_DeInit    stm32f4xx_spi.o
    0x08002240   0x08002240   0x00000012   Code   RO         3869    i.SPI_I2S_GetFlagStatus  stm32f4xx_spi.o
    0x08002252   0x08002252   0x00000006   Code   RO         3872    i.SPI_I2S_ReceiveData  stm32f4xx_spi.o
    0x08002258   0x08002258   0x00000004   Code   RO         3873    i.SPI_I2S_SendData  stm32f4xx_spi.o
    0x0800225c   0x0800225c   0x0000003c   Code   RO         3874    i.SPI_Init          stm32f4xx_spi.o
    0x08002298   0x08002298   0x00000018   Code   RO         3877    i.SPI_StructInit    stm32f4xx_spi.o
    0x080022b0   0x080022b0   0x00000002   Code   RO         4154    i.SVC_Handler       stm32f4xx_it.o
    0x080022b2   0x080022b2   0x00000002   PAD
    0x080022b4   0x080022b4   0x000000ec   Code   RO         4210    i.SetSysClock       system_stm32f4xx.o
    0x080023a0   0x080023a0   0x00000028   Code   RO         1862    i.SysTick_CLKSourceConfig  misc.o
    0x080023c8   0x080023c8   0x0000006c   Code   RO          734    i.SysTick_Configuration  board.o
    0x08002434   0x08002434   0x00000010   Code   RO          735    i.SysTick_Handler   board.o
    0x08002444   0x08002444   0x00000068   Code   RO         4212    i.SystemInit        system_stm32f4xx.o
    0x080024ac   0x080024ac   0x000000b0   Code   RO         1295    i.TIM1_PWM_Init     pwm.o
    0x0800255c   0x0800255c   0x00000018   Code   RO         2708    i.TIM_ARRPreloadConfig  stm32f4xx_tim.o
    0x08002574   0x08002574   0x00000018   Code   RO         2720    i.TIM_Cmd           stm32f4xx_tim.o
    0x0800258c   0x0800258c   0x0000001e   Code   RO         2722    i.TIM_CtrlPWMOutputs  stm32f4xx_tim.o
    0x080025aa   0x080025aa   0x00000002   PAD
    0x080025ac   0x080025ac   0x00000078   Code   RO         2764    i.TIM_OC4Init       stm32f4xx_tim.o
    0x08002624   0x08002624   0x0000001a   Code   RO         2766    i.TIM_OC4PreloadConfig  stm32f4xx_tim.o
    0x0800263e   0x0800263e   0x00000004   Code   RO         2785    i.TIM_SetCompare4   stm32f4xx_tim.o
    0x08002642   0x08002642   0x00000002   PAD
    0x08002644   0x08002644   0x00000084   Code   RO         2792    i.TIM_TimeBaseInit  stm32f4xx_tim.o
    0x080026c8   0x080026c8   0x00000018   Code   RO          793    i.USART1_IRQHandler  usart.o
    0x080026e0   0x080026e0   0x00000018   Code   RO          794    i.USART2_IRQHandler  usart.o
    0x080026f8   0x080026f8   0x00000018   Code   RO          795    i.USART3_IRQHandler  usart.o
    0x08002710   0x08002710   0x00000018   Code   RO          796    i.USART6_IRQHandler  usart.o
    0x08002728   0x08002728   0x00000012   Code   RO         3270    i.USART_ClearFlag   stm32f4xx_usart.o
    0x0800273a   0x0800273a   0x0000001e   Code   RO         3271    i.USART_ClearITPendingBit  stm32f4xx_usart.o
    0x08002758   0x08002758   0x00000018   Code   RO         3274    i.USART_Cmd         stm32f4xx_usart.o
    0x08002770   0x08002770   0x00000012   Code   RO         3275    i.USART_DMACmd      stm32f4xx_usart.o
    0x08002782   0x08002782   0x0000001a   Code   RO         3277    i.USART_GetFlagStatus  stm32f4xx_usart.o
    0x0800279c   0x0800279c   0x00000054   Code   RO         3278    i.USART_GetITStatus  stm32f4xx_usart.o
    0x080027f0   0x080027f0   0x0000004a   Code   RO         3280    i.USART_ITConfig    stm32f4xx_usart.o
    0x0800283a   0x0800283a   0x00000002   PAD
    0x0800283c   0x0800283c   0x000000d4   Code   RO         3281    i.USART_Init        stm32f4xx_usart.o
    0x08002910   0x08002910   0x0000000a   Code   RO         3288    i.USART_ReceiveData  stm32f4xx_usart.o
    0x0800291a   0x0800291a   0x00000004   Code   RO         4155    i.UsageFault_Handler  stm32f4xx_it.o
    0x0800291e   0x0800291e   0x00000002   PAD
    0x08002920   0x08002920   0x0000004c   Code   RO         4783    i.__rt_ffs          kservice.o
    0x0800296c   0x0800296c   0x00000014   Code   RO         4422    i._has_defunct_thread  idle.o
    0x08002980   0x08002980   0x000000dc   Code   RO         5681    i._list_device      cmd.o
    0x08002a5c   0x08002a5c   0x000000fc   Code   RO         5682    i._list_event       cmd.o
    0x08002b58   0x08002b58   0x00000114   Code   RO         5683    i._list_mailbox     cmd.o
    0x08002c6c   0x08002c6c   0x000000d4   Code   RO         5684    i._list_memheap     cmd.o
    0x08002d40   0x08002d40   0x00000118   Code   RO         5685    i._list_mempool     cmd.o
    0x08002e58   0x08002e58   0x000000fc   Code   RO         5686    i._list_msgqueue    cmd.o
    0x08002f54   0x08002f54   0x000000c8   Code   RO         5687    i._list_mutex       cmd.o
    0x0800301c   0x0800301c   0x000000f0   Code   RO         5688    i._list_sem         cmd.o
    0x0800310c   0x0800310c   0x00000174   Code   RO         5689    i._list_thread      cmd.o
    0x08003280   0x08003280   0x00000114   Code   RO         5690    i._list_timer       cmd.o
    0x08003394   0x08003394   0x00000098   Code   RO         6676    i._msh_exec_cmd     msh.o
    0x0800342c   0x0800342c   0x000000c8   Code   RO         5250    i._rt_scheduler_stack_check  scheduler.o
    0x080034f4   0x080034f4   0x000000d0   Code   RO         5350    i._rt_thread_init   thread.o
    0x080035c4   0x080035c4   0x00000042   Code   RO         5492    i._rt_timer_init    timer.o
    0x08003606   0x08003606   0x0000002e   Code   RO         5493    i._rt_timer_remove  timer.o
    0x08003634   0x08003634   0x00000194   Code   RO         6886    i._serial_dma_rx    serial.o
    0x080037c8   0x080037c8   0x0000005c   Code   RO         6887    i._serial_dma_tx    serial.o
    0x08003824   0x08003824   0x00000064   Code   RO         6888    i._serial_fifo_calc_recved_len  serial.o
    0x08003888   0x08003888   0x000000b8   Code   RO         6889    i._serial_int_rx    serial.o
    0x08003940   0x08003940   0x00000070   Code   RO         6890    i._serial_int_tx    serial.o
    0x080039b0   0x080039b0   0x0000005c   Code   RO         6891    i._serial_poll_rx   serial.o
    0x08003a0c   0x08003a0c   0x00000054   Code   RO         6892    i._serial_poll_tx   serial.o
    0x08003a60   0x08003a60   0x00000014   Code   RO         7070    i._spi_bus_device_control  spi_dev.o
    0x08003a74   0x08003a74   0x00000064   Code   RO         7071    i._spi_bus_device_read  spi_dev.o
    0x08003ad8   0x08003ad8   0x00000064   Code   RO         7072    i._spi_bus_device_write  spi_dev.o
    0x08003b3c   0x08003b3c   0x00000014   Code   RO         7073    i._spidev_device_control  spi_dev.o
    0x08003b50   0x08003b50   0x00000068   Code   RO         7074    i._spidev_device_read  spi_dev.o
    0x08003bb8   0x08003bb8   0x00000068   Code   RO         7075    i._spidev_device_write  spi_dev.o
    0x08003c20   0x08003c20   0x000000a0   Code   RO         8869    i.anim_ready_handler  lv_anim.o
    0x08003cc0   0x08003cc0   0x00000094   Code   RO         8870    i.anim_task         lv_anim.o
    0x08003d54   0x08003d54   0x00000034   Code   RO         8491    i.antialias_get_opa  lv_draw.o
    0x08003d88   0x08003d88   0x0000002c   Code   RO         8492    i.antialias_get_opa_circ  lv_draw.o
    0x08003db4   0x08003db4   0x000000d0   Code   RO         1319    i.bsp_TestExtSRAM   sram.o
    0x08003e84   0x08003e84   0x0000000e   Code   RO         6748    i.cmd_free          msh_cmd.o
    0x08003e92   0x08003e92   0x0000000e   Code   RO         6749    i.cmd_ps            msh_cmd.o
    0x08003ea0   0x08003ea0   0x00000006   Code   RO         6750    i.cmd_time          msh_cmd.o
    0x08003ea6   0x08003ea6   0x000000b8   Code   RO          994    i.configure         spi_hard.o
    0x08003f5e   0x08003f5e   0x00000002   PAD
    0x08003f60   0x08003f60   0x00000118   Code   RO         1354    i.ct_get_touch_status  touch_ft6306.o
    0x08004078   0x08004078   0x00000086   Code   RO         1355    i.ct_read_reg       touch_ft6306.o
    0x080040fe   0x080040fe   0x00000002   PAD
    0x08004100   0x08004100   0x00000034   Code   RO          579    i.delay_init        delay.o
    0x08004134   0x08004134   0x00000074   Code   RO          580    i.delay_ms          delay.o
    0x080041a8   0x080041a8   0x00000008   Code   RO          581    i.delay_osschedlock  delay.o
    0x080041b0   0x080041b0   0x00000008   Code   RO          582    i.delay_osschedunlock  delay.o
    0x080041b8   0x080041b8   0x0000000c   Code   RO          583    i.delay_ostimedly   delay.o
    0x080041c4   0x080041c4   0x00000058   Code   RO          584    i.delay_us          delay.o
    0x0800421c   0x0800421c   0x00000042   Code   RO          797    i.dma_rx_done_isr   usart.o
    0x0800425e   0x0800425e   0x00000068   Code   RO          798    i.dma_uart_config   usart.o
    0x080042c6   0x080042c6   0x00000044   Code   RO          799    i.dma_uart_rx_idle_isr  usart.o
    0x0800430a   0x0800430a   0x00000030   Code   RO         9376    i.ent_alloc         lv_mem.o
    0x0800433a   0x0800433a   0x00000002   PAD
    0x0800433c   0x0800433c   0x0000002c   Code   RO         9377    i.ent_get_next      lv_mem.o
    0x08004368   0x08004368   0x0000004c   Code   RO         9378    i.ent_trunc         lv_mem.o
    0x080043b4   0x080043b4   0x0000003e   Code   RO         5948    i.finsh_block_insert  finsh_heap.o
    0x080043f2   0x080043f2   0x0000007c   Code   RO         5949    i.finsh_block_merge  finsh_heap.o
    0x0800446e   0x0800446e   0x0000002e   Code   RO         5950    i.finsh_block_remove  finsh_heap.o
    0x0800449c   0x0800449c   0x00000018   Code   RO         5951    i.finsh_block_split  finsh_heap.o
    0x080044b4   0x080044b4   0x00001654   Code   RO         5867    i.finsh_compile     finsh_compiler.o
    0x08005b08   0x08005b08   0x00000068   Code   RO         5868    i.finsh_compiler_run  finsh_compiler.o
    0x08005b70   0x08005b70   0x0000000c   Code   RO         5914    i.finsh_errno       finsh_error.o
    0x08005b7c   0x08005b7c   0x0000000c   Code   RO         5915    i.finsh_error_init  finsh_error.o
    0x08005b88   0x08005b88   0x00000010   Code   RO         5916    i.finsh_error_set   finsh_error.o
    0x08005b98   0x08005b98   0x00000010   Code   RO         5917    i.finsh_error_string  finsh_error.o
    0x08005ba8   0x08005ba8   0x00000016   Code   RO         6001    i.finsh_flush       finsh_init.o
    0x08005bbe   0x08005bbe   0x00000002   PAD
    0x08005bc0   0x08005bc0   0x00000040   Code   RO         6784    i.finsh_get_prompt  shell.o
    0x08005c00   0x08005c00   0x00000058   Code   RO         6785    i.finsh_getchar     shell.o
    0x08005c58   0x08005c58   0x00000074   Code   RO         5952    i.finsh_heap_allocate  finsh_heap.o
    0x08005ccc   0x08005ccc   0x0000002c   Code   RO         5953    i.finsh_heap_free   finsh_heap.o
    0x08005cf8   0x08005cf8   0x00000058   Code   RO         5954    i.finsh_heap_gc     finsh_heap.o
    0x08005d50   0x08005d50   0x00000030   Code   RO         5955    i.finsh_heap_init   finsh_heap.o
    0x08005d80   0x08005d80   0x0000001e   Code   RO         6002    i.finsh_init        finsh_init.o
    0x08005d9e   0x08005d9e   0x00000002   PAD
    0x08005da0   0x08005da0   0x0000003c   Code   RO         6037    i.finsh_node_allocate  finsh_node.o
    0x08005ddc   0x08005ddc   0x00000014   Code   RO         6038    i.finsh_node_init   finsh_node.o
    0x08005df0   0x08005df0   0x0000001e   Code   RO         6039    i.finsh_node_new_char  finsh_node.o
    0x08005e0e   0x08005e0e   0x00000076   Code   RO         6040    i.finsh_node_new_id  finsh_node.o
    0x08005e84   0x08005e84   0x0000001e   Code   RO         6041    i.finsh_node_new_int  finsh_node.o
    0x08005ea2   0x08005ea2   0x0000001e   Code   RO         6042    i.finsh_node_new_long  finsh_node.o
    0x08005ec0   0x08005ec0   0x0000001e   Code   RO         6043    i.finsh_node_new_ptr  finsh_node.o
    0x08005ede   0x08005ede   0x0000004a   Code   RO         6044    i.finsh_node_new_string  finsh_node.o
    0x08005f28   0x08005f28   0x00000010   Code   RO         6394    i.finsh_parser_init  finsh_parser.o
    0x08005f38   0x08005f38   0x000000dc   Code   RO         6395    i.finsh_parser_run  finsh_parser.o
    0x08006014   0x08006014   0x000000d4   Code   RO         6786    i.finsh_run_line    shell.o
    0x080060e8   0x080060e8   0x00000040   Code   RO         6787    i.finsh_rx_ind      shell.o
    0x08006128   0x08006128   0x000000dc   Code   RO         6788    i.finsh_set_device  shell.o
    0x08006204   0x08006204   0x0000000c   Code   RO         6004    i.finsh_stack_bottom  finsh_init.o
    0x08006210   0x08006210   0x0000005c   Code   RO         6642    i.finsh_syscall_lookup  finsh_vm.o
    0x0800626c   0x0800626c   0x00000014   Code   RO         6790    i.finsh_system_function_init  shell.o
    0x08006280   0x08006280   0x000000a8   Code   RO         6791    i.finsh_system_init  shell.o
    0x08006328   0x08006328   0x00000014   Code   RO         6792    i.finsh_system_var_init  shell.o
    0x0800633c   0x0800633c   0x0000005c   Code   RO         6589    i.finsh_sysvar_lookup  finsh_var.o
    0x08006398   0x08006398   0x00000420   Code   RO         6793    i.finsh_thread_entry  shell.o
    0x080067b8   0x080067b8   0x00000014   Code   RO         6506    i.finsh_token_init  finsh_token.o
    0x080067cc   0x080067cc   0x00000018   Code   RO         6507    i.finsh_token_token  finsh_token.o
    0x080067e4   0x080067e4   0x0000015e   Code   RO         5869    i.finsh_type_check  finsh_compiler.o
    0x08006942   0x08006942   0x00000002   PAD
    0x08006944   0x08006944   0x00000014   Code   RO         6591    i.finsh_var_init    finsh_var.o
    0x08006958   0x08006958   0x00000078   Code   RO         6592    i.finsh_var_insert  finsh_var.o
    0x080069d0   0x080069d0   0x00000040   Code   RO         6593    i.finsh_var_lookup  finsh_var.o
    0x08006a10   0x08006a10   0x00000054   Code   RO         6643    i.finsh_vm_run      finsh_vm.o
    0x08006a64   0x08006a64   0x00000012   Code   RO         1436    i.flash_lock        w25qxx.o
    0x08006a76   0x08006a76   0x0000000e   Code   RO         1437    i.flash_unlock      w25qxx.o
    0x08006a84   0x08006a84   0x000002ac   Code   RO         1320    i.fsmc_sram_config  sram.o
    0x08006d30   0x08006d30   0x0000007c   Code   RO          995    i.get_spi_BaudRatePrescaler  spi_hard.o
    0x08006dac   0x08006dac   0x00000050   Code   RO         1359    i.get_touch_data    touch_ft6306.o
    0x08006dfc   0x08006dfc   0x00000020   Code   RO         5691    i.hello             cmd.o
    0x08006e1c   0x08006e1c   0x0000004a   Code   RO         8493    i.hex_char_to_num   lv_draw.o
    0x08006e66   0x08006e66   0x00000002   PAD
    0x08006e68   0x08006e68   0x00000050   Code   RO          930    i.iic_ack           iic.o
    0x08006eb8   0x08006eb8   0x0000005c   Code   RO          931    i.iic_gpio_config   iic.o
    0x08006f14   0x08006f14   0x00000050   Code   RO          932    i.iic_no_ack        iic.o
    0x08006f64   0x08006f64   0x00000074   Code   RO          933    i.iic_read_byte     iic.o
    0x08006fd8   0x08006fd8   0x00000090   Code   RO          934    i.iic_send_byte     iic.o
    0x08007068   0x08007068   0x00000050   Code   RO          935    i.iic_start         iic.o
    0x080070b8   0x080070b8   0x00000050   Code   RO          936    i.iic_stop          iic.o
    0x08007108   0x08007108   0x00000074   Code   RO          937    i.iic_wait_ack      iic.o
    0x0800717c   0x0800717c   0x00000056   Code   RO         7607    i.indev_button_proc  lv_indev.o
    0x080071d2   0x080071d2   0x00000002   PAD
    0x080071d4   0x080071d4   0x00000120   Code   RO         7608    i.indev_drag        lv_indev.o
    0x080072f4   0x080072f4   0x000000f4   Code   RO         7609    i.indev_drag_throw  lv_indev.o
    0x080073e8   0x080073e8   0x000000ac   Code   RO         7610    i.indev_keypad_proc  lv_indev.o
    0x08007494   0x08007494   0x0000005a   Code   RO         7611    i.indev_pointer_proc  lv_indev.o
    0x080074ee   0x080074ee   0x00000002   PAD
    0x080074f0   0x080074f0   0x000001f4   Code   RO         7612    i.indev_proc_press  lv_indev.o
    0x080076e4   0x080076e4   0x00000070   Code   RO         7613    i.indev_proc_release  lv_indev.o
    0x08007754   0x08007754   0x0000004a   Code   RO         7614    i.indev_proc_reset_query_handler  lv_indev.o
    0x0800779e   0x0800779e   0x00000002   PAD
    0x080077a0   0x080077a0   0x00000094   Code   RO         7615    i.indev_proc_task   lv_indev.o
    0x08007834   0x08007834   0x00000076   Code   RO         7616    i.indev_search_obj  lv_indev.o
    0x080078aa   0x080078aa   0x00000002   PAD
    0x080078ac   0x080078ac   0x0000002c   Code   RO         9556    i.is_break_char     lv_txt.o
    0x080078d8   0x080078d8   0x0000004c   Code   RO         1067    i.lcd_clr_scr       lcd_fsmc.o
    0x08007924   0x08007924   0x00000218   Code   RO         1068    i.lcd_config        lcd_fsmc.o
    0x08007b3c   0x08007b3c   0x00000058   Code   RO         1069    i.lcd_config_loal   lcd_fsmc.o
    0x08007b94   0x08007b94   0x0000002a   Code   RO         1070    i.lcd_delay         lcd_fsmc.o
    0x08007bbe   0x08007bbe   0x00000002   PAD
    0x08007bc0   0x08007bc0   0x00000010   Code   RO         1071    i.lcd_disp_off      lcd_fsmc.o
    0x08007bd0   0x08007bd0   0x00000010   Code   RO         1072    i.lcd_disp_on       lcd_fsmc.o
    0x08007be0   0x08007be0   0x00000040   Code   RO         1073    i.lcd_draw_bmp      lcd_fsmc.o
    0x08007c20   0x08007c20   0x000000ae   Code   RO         1074    i.lcd_draw_circle   lcd_fsmc.o
    0x08007cce   0x08007cce   0x0000003c   Code   RO         1075    i.lcd_draw_colorbox  lcd_fsmc.o
    0x08007d0a   0x08007d0a   0x00000032   Code   RO         1076    i.lcd_draw_hor_color_line  lcd_fsmc.o
    0x08007d3c   0x08007d3c   0x00000036   Code   RO         1077    i.lcd_draw_hor_line  lcd_fsmc.o
    0x08007d72   0x08007d72   0x00000002   PAD
    0x08007d74   0x08007d74   0x0000005c   Code   RO         1078    i.lcd_draw_hor_trans_line  lcd_fsmc.o
    0x08007dd0   0x08007dd0   0x000000e0   Code   RO         1079    i.lcd_draw_line     lcd_fsmc.o
    0x08007eb0   0x08007eb0   0x00000072   Code   RO         1080    i.lcd_draw_rect     lcd_fsmc.o
    0x08007f22   0x08007f22   0x00000036   Code   RO         1081    i.lcd_draw_ver_line  lcd_fsmc.o
    0x08007f58   0x08007f58   0x00000036   Code   RO         1082    i.lcd_fill_rect     lcd_fsmc.o
    0x08007f8e   0x08007f8e   0x00000002   PAD
    0x08007f90   0x08007f90   0x000000e4   Code   RO         1083    i.lcd_func_init     lcd_fsmc.o
    0x08008074   0x08008074   0x0000001a   Code   RO         1084    i.lcd_gbr_to_rgb    lcd_fsmc.o
    0x0800808e   0x0800808e   0x00000002   PAD
    0x08008090   0x08008090   0x00000040   Code   RO         1085    i.lcd_get_pixel     lcd_fsmc.o
    0x080080d0   0x080080d0   0x0000000c   Code   RO         1086    i.lcd_get_x_size    lcd_fsmc.o
    0x080080dc   0x080080dc   0x0000000c   Code   RO         1087    i.lcd_get_y_size    lcd_fsmc.o
    0x080080e8   0x080080e8   0x00000400   Code   RO         1088    i.lcd_init          lcd_fsmc.o
    0x080084e8   0x080084e8   0x00000018   Code   RO         1089    i.lcd_put_pixel     lcd_fsmc.o
    0x08008500   0x08008500   0x00000018   Code   RO         1090    i.lcd_quit_win_mode  lcd_fsmc.o
    0x08008518   0x08008518   0x0000005c   Code   RO         1094    i.lcd_refresh_colorbox  lcd_fsmc.o
    0x08008574   0x08008574   0x00000058   Code   RO         1095    i.lcd_reset         lcd_fsmc.o
    0x080085cc   0x080085cc   0x00000054   Code   RO         1096    i.lcd_set_disp_cur  lcd_fsmc.o
    0x08008620   0x08008620   0x000000bc   Code   RO         1097    i.lcd_set_disp_dir  lcd_fsmc.o
    0x080086dc   0x080086dc   0x0000006c   Code   RO         1098    i.lcd_set_disp_win  lcd_fsmc.o
    0x08008748   0x08008748   0x00000014   Code   RO         1099    i.lcd_wr_ram_prepare  lcd_fsmc.o
    0x0800875c   0x0800875c   0x00000010   Code   RO         1101    i.lcd_write_comm    lcd_fsmc.o
    0x0800876c   0x0800876c   0x0000000e   Code   RO         1102    i.lcd_write_data    lcd_fsmc.o
    0x0800877a   0x0800877a   0x00000002   PAD
    0x0800877c   0x0800877c   0x000000dc   Code   RO         5692    i.list              cmd.o
    0x08008858   0x08008858   0x00000012   Code   RO         5693    i.list_device       cmd.o
    0x0800886a   0x0800886a   0x00000012   Code   RO         5694    i.list_event        cmd.o
    0x0800887c   0x0800887c   0x00000012   Code   RO         5695    i.list_mailbox      cmd.o
    0x0800888e   0x0800888e   0x00000012   Code   RO         5696    i.list_memheap      cmd.o
    0x080088a0   0x080088a0   0x00000012   Code   RO         5697    i.list_mempool      cmd.o
    0x080088b2   0x080088b2   0x00000012   Code   RO         5698    i.list_msgqueue     cmd.o
    0x080088c4   0x080088c4   0x00000012   Code   RO         5699    i.list_mutex        cmd.o
    0x080088d6   0x080088d6   0x00000002   PAD
    0x080088d8   0x080088d8   0x00000210   Code   RO         5700    i.list_prefix       cmd.o
    0x08008ae8   0x08008ae8   0x00000012   Code   RO         5701    i.list_sem          cmd.o
    0x08008afa   0x08008afa   0x00000012   Code   RO         5702    i.list_thread       cmd.o
    0x08008b0c   0x08008b0c   0x00000012   Code   RO         5703    i.list_timer        cmd.o
    0x08008b1e   0x08008b1e   0x00000002   PAD
    0x08008b20   0x08008b20   0x0000004c   Code   RO         8871    i.lv_anim_create    lv_anim.o
    0x08008b6c   0x08008b6c   0x00000050   Code   RO         8872    i.lv_anim_del       lv_anim.o
    0x08008bbc   0x08008bbc   0x0000002c   Code   RO         8873    i.lv_anim_init      lv_anim.o
    0x08008be8   0x08008be8   0x00000034   Code   RO         8874    i.lv_anim_path_linear  lv_anim.o
    0x08008c1c   0x08008c1c   0x00000030   Code   RO         8876    i.lv_anim_speed_to_time  lv_anim.o
    0x08008c4c   0x08008c4c   0x0000000a   Code   RO         7796    i.lv_area_copy      lv_obj.o
    0x08008c56   0x08008c56   0x0000000a   Code   RO         8278    i.lv_area_copy      lv_refr.o
    0x08008c60   0x08008c60   0x0000000a   Code   RO         8494    i.lv_area_copy      lv_draw.o
    0x08008c6a   0x08008c6a   0x0000000e   Code   RO         8495    i.lv_area_get_height  lv_draw.o
    0x08008c78   0x08008c78   0x0000000e   Code   RO        11182    i.lv_area_get_height  lv_label.o
    0x08008c86   0x08008c86   0x00000022   Code   RO         8945    i.lv_area_get_size  lv_area.o
    0x08008ca8   0x08008ca8   0x0000000e   Code   RO         8496    i.lv_area_get_width  lv_draw.o
    0x08008cb6   0x08008cb6   0x0000000e   Code   RO         8784    i.lv_area_get_width  lv_draw_vbasic.o
    0x08008cc4   0x08008cc4   0x0000000e   Code   RO        11183    i.lv_area_get_width  lv_label.o
    0x08008cd2   0x08008cd2   0x0000003a   Code   RO         8946    i.lv_area_is_in     lv_area.o
    0x08008d0c   0x08008d0c   0x0000003a   Code   RO         8947    i.lv_area_is_on     lv_area.o
    0x08008d46   0x08008d46   0x0000003a   Code   RO         8948    i.lv_area_is_point_on  lv_area.o
    0x08008d80   0x08008d80   0x00000064   Code   RO         8949    i.lv_area_join      lv_area.o
    0x08008de4   0x08008de4   0x0000000e   Code   RO         8950    i.lv_area_set       lv_area.o
    0x08008df2   0x08008df2   0x00000082   Code   RO         8954    i.lv_area_union     lv_area.o
    0x08008e74   0x08008e74   0x00000016   Code   RO         9014    i.lv_circ_cont      lv_circ.o
    0x08008e8a   0x08008e8a   0x00000010   Code   RO         9015    i.lv_circ_init      lv_circ.o
    0x08008e9a   0x08008e9a   0x0000003c   Code   RO         9016    i.lv_circ_next      lv_circ.o
    0x08008ed6   0x08008ed6   0x0000007c   Code   RO         7453    i.lv_color_mix      lv_group.o
    0x08008f52   0x08008f52   0x0000007c   Code   RO         8497    i.lv_color_mix      lv_draw.o
    0x08008fce   0x08008fce   0x0000007c   Code   RO         8785    i.lv_color_mix      lv_draw_vbasic.o
    0x0800904a   0x0800904a   0x0000000e   Code   RO        13516    i.lv_disp_drv_init  lv_hal_disp.o
    0x08009058   0x08009058   0x0000004c   Code   RO        13517    i.lv_disp_drv_register  lv_hal_disp.o
    0x080090a4   0x080090a4   0x00000040   Code   RO        13519    i.lv_disp_flush     lv_hal_disp.o
    0x080090e4   0x080090e4   0x00000020   Code   RO        13521    i.lv_disp_is_mem_blend_supported  lv_hal_disp.o
    0x08009104   0x08009104   0x00000020   Code   RO        13522    i.lv_disp_is_mem_fill_supported  lv_hal_disp.o
    0x08009124   0x08009124   0x00000038   Code   RO        13524    i.lv_disp_mem_blend  lv_hal_disp.o
    0x0800915c   0x0800915c   0x0000002c   Code   RO        13525    i.lv_disp_mem_fill  lv_hal_disp.o
    0x08009188   0x08009188   0x0000002a   Code   RO         8498    i.lv_draw_cont_radius_corr  lv_draw.o
    0x080091b2   0x080091b2   0x00000002   PAD
    0x080091b4   0x080091b4   0x000002b4   Code   RO         8500    i.lv_draw_label     lv_draw.o
    0x08009468   0x08009468   0x00000070   Code   RO         8502    i.lv_draw_rect      lv_draw.o
    0x080094d8   0x080094d8   0x00001114   Code   RO         8503    i.lv_draw_rect_border_corner  lv_draw.o
    0x0800a5ec   0x0800a5ec   0x00000380   Code   RO         8504    i.lv_draw_rect_border_straight  lv_draw.o
    0x0800a96c   0x0800a96c   0x00000c50   Code   RO         8505    i.lv_draw_rect_main_corner  lv_draw.o
    0x0800b5bc   0x0800b5bc   0x00000120   Code   RO         8506    i.lv_draw_rect_main_mid  lv_draw.o
    0x0800b6dc   0x0800b6dc   0x000000a8   Code   RO         8507    i.lv_draw_shadow    lv_draw.o
    0x0800b784   0x0800b784   0x0000024c   Code   RO         8508    i.lv_draw_shadow_bottom  lv_draw.o
    0x0800b9d0   0x0800b9d0   0x00000390   Code   RO         8509    i.lv_draw_shadow_full  lv_draw.o
    0x0800bd60   0x0800bd60   0x000001a0   Code   RO         8510    i.lv_draw_shadow_full_straight  lv_draw.o
    0x0800bf00   0x0800bf00   0x0000000c   Code   RO         8447    i.lv_flush_ready    lv_vdb.o
    0x0800bf0c   0x0800bf0c   0x00000014   Code   RO         9065    i.lv_font_add       lv_font.o
    0x0800bf20   0x0800bf20   0x0000002a   Code   RO         9066    i.lv_font_get_bitmap  lv_font.o
    0x0800bf4a   0x0800bf4a   0x00000026   Code   RO         9067    i.lv_font_get_bitmap_continuous  lv_font.o
    0x0800bf70   0x0800bf70   0x00000028   Code   RO         9069    i.lv_font_get_bpp   lv_font.o
    0x0800bf98   0x0800bf98   0x00000006   Code   RO        11184    i.lv_font_get_height  lv_label.o
    0x0800bf9e   0x0800bf9e   0x0000002a   Code   RO         9070    i.lv_font_get_width  lv_font.o
    0x0800bfc8   0x0800bfc8   0x00000020   Code   RO         9071    i.lv_font_get_width_continuous  lv_font.o
    0x0800bfe8   0x0800bfe8   0x0000001c   Code   RO         9073    i.lv_font_init      lv_font.o
    0x0800c004   0x0800c004   0x00000028   Code   RO         9141    i.lv_fs_add_drv     lv_fs.o
    0x0800c02c   0x0800c02c   0x00000010   Code   RO         9152    i.lv_fs_init        lv_fs.o
    0x0800c03c   0x0800c03c   0x00000024   Code   RO         7454    i.lv_group_add_obj  lv_group.o
    0x0800c060   0x0800c060   0x00000072   Code   RO         7458    i.lv_group_focus_next  lv_group.o
    0x0800c0d2   0x0800c0d2   0x00000072   Code   RO         7460    i.lv_group_focus_prev  lv_group.o
    0x0800c144   0x0800c144   0x00000016   Code   RO         7462    i.lv_group_get_focused  lv_group.o
    0x0800c15a   0x0800c15a   0x0000002c   Code   RO         7464    i.lv_group_mod_style  lv_group.o
    0x0800c186   0x0800c186   0x0000001e   Code   RO         7466    i.lv_group_send_data  lv_group.o
    0x0800c1a4   0x0800c1a4   0x0000000a   Code   RO        13649    i.lv_indev_drv_init  lv_hal_indev.o
    0x0800c1ae   0x0800c1ae   0x00000002   PAD
    0x0800c1b0   0x0800c1b0   0x00000064   Code   RO        13650    i.lv_indev_drv_register  lv_hal_indev.o
    0x0800c214   0x0800c214   0x0000001c   Code   RO         7622    i.lv_indev_init     lv_indev.o
    0x0800c230   0x0800c230   0x0000001c   Code   RO        13651    i.lv_indev_next     lv_hal_indev.o
    0x0800c24c   0x0800c24c   0x00000026   Code   RO        13652    i.lv_indev_read     lv_hal_indev.o
    0x0800c272   0x0800c272   0x0000003e   Code   RO         7624    i.lv_indev_reset    lv_indev.o
    0x0800c2b0   0x0800c2b0   0x00000090   Code   RO         7797    i.lv_init           lv_obj.o
    0x0800c340   0x0800c340   0x000000bc   Code   RO         8279    i.lv_inv_area       lv_refr.o
    0x0800c3fc   0x0800c3fc   0x00000184   Code   RO        11185    i.lv_label_create   lv_label.o
    0x0800c580   0x0800c580   0x000000f0   Code   RO        11187    i.lv_label_design   lv_label.o
    0x0800c670   0x0800c670   0x00000014   Code   RO        11188    i.lv_label_get_align  lv_label.o
    0x0800c684   0x0800c684   0x00000014   Code   RO        11190    i.lv_label_get_body_draw  lv_label.o
    0x0800c698   0x0800c698   0x00000178   Code   RO        11191    i.lv_label_get_letter_on  lv_label.o
    0x0800c810   0x0800c810   0x00000010   Code   RO        11193    i.lv_label_get_long_mode  lv_label.o
    0x0800c820   0x0800c820   0x00000014   Code   RO        11195    i.lv_label_get_recolor  lv_label.o
    0x0800c834   0x0800c834   0x00000010   Code   RO        11196    i.lv_label_get_text  lv_label.o
    0x0800c844   0x0800c844   0x000003f8   Code   RO        11198    i.lv_label_refr_text  lv_label.o
    0x0800cc3c   0x0800cc3c   0x00000056   Code   RO        11199    i.lv_label_revert_dots  lv_label.o
    0x0800cc92   0x0800cc92   0x0000002c   Code   RO        11200    i.lv_label_set_align  lv_label.o
    0x0800ccbe   0x0800ccbe   0x00000032   Code   RO        11203    i.lv_label_set_body_draw  lv_label.o
    0x0800ccf0   0x0800ccf0   0x00000080   Code   RO        11204    i.lv_label_set_long_mode  lv_label.o
    0x0800cd70   0x0800cd70   0x00000018   Code   RO        11206    i.lv_label_set_offset_x  lv_label.o
    0x0800cd88   0x0800cd88   0x00000018   Code   RO        11207    i.lv_label_set_offset_y  lv_label.o
    0x0800cda0   0x0800cda0   0x0000002c   Code   RO        11208    i.lv_label_set_recolor  lv_label.o
    0x0800cdcc   0x0800cdcc   0x0000003a   Code   RO        11209    i.lv_label_set_static_text  lv_label.o
    0x0800ce06   0x0800ce06   0x0000007e   Code   RO        11210    i.lv_label_set_text  lv_label.o
    0x0800ce84   0x0800ce84   0x00000110   Code   RO        11211    i.lv_label_signal   lv_label.o
    0x0800cf94   0x0800cf94   0x0000000c   Code   RO         7798    i.lv_layer_sys      lv_obj.o
    0x0800cfa0   0x0800cfa0   0x0000000c   Code   RO         7799    i.lv_layer_top      lv_obj.o
    0x0800cfac   0x0800cfac   0x0000003c   Code   RO         9270    i.lv_ll_chg_list    lv_ll.o
    0x0800cfe8   0x0800cfe8   0x0000000a   Code   RO         9272    i.lv_ll_get_head    lv_ll.o
    0x0800cff2   0x0800cff2   0x00000016   Code   RO         9273    i.lv_ll_get_next    lv_ll.o
    0x0800d008   0x0800d008   0x00000014   Code   RO         9274    i.lv_ll_get_prev    lv_ll.o
    0x0800d01c   0x0800d01c   0x0000000a   Code   RO         9275    i.lv_ll_get_tail    lv_ll.o
    0x0800d026   0x0800d026   0x00000016   Code   RO         9276    i.lv_ll_init        lv_ll.o
    0x0800d03c   0x0800d03c   0x00000040   Code   RO         9277    i.lv_ll_ins_head    lv_ll.o
    0x0800d07c   0x0800d07c   0x00000072   Code   RO         9278    i.lv_ll_ins_prev    lv_ll.o
    0x0800d0ee   0x0800d0ee   0x00000040   Code   RO         9279    i.lv_ll_ins_tail    lv_ll.o
    0x0800d12e   0x0800d12e   0x0000008a   Code   RO         9281    i.lv_ll_rem         lv_ll.o
    0x0800d1b8   0x0800d1b8   0x00000040   Code   RO         9379    i.lv_mem_alloc      lv_mem.o
    0x0800d1f8   0x0800d1f8   0x00000008   Code   RO        11212    i.lv_mem_assert     lv_label.o
    0x0800d200   0x0800d200   0x0000005c   Code   RO         9381    i.lv_mem_free       lv_mem.o
    0x0800d25c   0x0800d25c   0x00000020   Code   RO         9382    i.lv_mem_get_size   lv_mem.o
    0x0800d27c   0x0800d27c   0x0000001c   Code   RO         9383    i.lv_mem_init       lv_mem.o
    0x0800d298   0x0800d298   0x00000084   Code   RO         9384    i.lv_mem_monitor    lv_mem.o
    0x0800d31c   0x0800d31c   0x0000006c   Code   RO         9385    i.lv_mem_realloc    lv_mem.o
    0x0800d388   0x0800d388   0x00000014   Code   RO         7801    i.lv_obj_allocate_ext_attr  lv_obj.o
    0x0800d39c   0x0800d39c   0x000001e8   Code   RO         7806    i.lv_obj_create     lv_obj.o
    0x0800d584   0x0800d584   0x000000b2   Code   RO         7808    i.lv_obj_design     lv_obj.o
    0x0800d636   0x0800d636   0x0000001a   Code   RO         7809    i.lv_obj_get_child  lv_obj.o
    0x0800d650   0x0800d650   0x0000000c   Code   RO         7811    i.lv_obj_get_click  lv_obj.o
    0x0800d65c   0x0800d65c   0x00000012   Code   RO         7812    i.lv_obj_get_coords  lv_obj.o
    0x0800d66e   0x0800d66e   0x0000000c   Code   RO         7814    i.lv_obj_get_drag   lv_obj.o
    0x0800d67a   0x0800d67a   0x0000000c   Code   RO         7815    i.lv_obj_get_drag_parent  lv_obj.o
    0x0800d686   0x0800d686   0x0000000c   Code   RO         7816    i.lv_obj_get_drag_throw  lv_obj.o
    0x0800d692   0x0800d692   0x00000006   Code   RO         7817    i.lv_obj_get_ext_attr  lv_obj.o
    0x0800d698   0x0800d698   0x00000006   Code   RO         7821    i.lv_obj_get_group  lv_obj.o
    0x0800d69e   0x0800d69e   0x00000010   Code   RO         7822    i.lv_obj_get_height  lv_obj.o
    0x0800d6ae   0x0800d6ae   0x0000000c   Code   RO         7823    i.lv_obj_get_hidden  lv_obj.o
    0x0800d6ba   0x0800d6ba   0x00000006   Code   RO         7824    i.lv_obj_get_parent  lv_obj.o
    0x0800d6c0   0x0800d6c0   0x0000001a   Code   RO         7826    i.lv_obj_get_screen  lv_obj.o
    0x0800d6da   0x0800d6da   0x00000006   Code   RO         7827    i.lv_obj_get_signal_func  lv_obj.o
    0x0800d6e0   0x0800d6e0   0x00000070   Code   RO         7828    i.lv_obj_get_style  lv_obj.o
    0x0800d750   0x0800d750   0x00000010   Code   RO         7831    i.lv_obj_get_width  lv_obj.o
    0x0800d760   0x0800d760   0x00000018   Code   RO         7832    i.lv_obj_get_x      lv_obj.o
    0x0800d778   0x0800d778   0x00000018   Code   RO         7833    i.lv_obj_get_y      lv_obj.o
    0x0800d790   0x0800d790   0x000000be   Code   RO         7834    i.lv_obj_invalidate  lv_obj.o
    0x0800d84e   0x0800d84e   0x00000012   Code   RO         7835    i.lv_obj_is_protected  lv_obj.o
    0x0800d860   0x0800d860   0x0000001a   Code   RO         7836    i.lv_obj_refresh_ext_size  lv_obj.o
    0x0800d87a   0x0800d87a   0x0000001c   Code   RO         7837    i.lv_obj_refresh_style  lv_obj.o
    0x0800d896   0x0800d896   0x00000012   Code   RO         7839    i.lv_obj_set_click  lv_obj.o
    0x0800d8a8   0x0800d8a8   0x00000004   Code   RO         7840    i.lv_obj_set_design_func  lv_obj.o
    0x0800d8ac   0x0800d8ac   0x0000001a   Code   RO         7846    i.lv_obj_set_height  lv_obj.o
    0x0800d8c6   0x0800d8c6   0x000000a2   Code   RO         7849    i.lv_obj_set_pos    lv_obj.o
    0x0800d968   0x0800d968   0x00000004   Code   RO         7851    i.lv_obj_set_signal_func  lv_obj.o
    0x0800d96c   0x0800d96c   0x0000006c   Code   RO         7852    i.lv_obj_set_size   lv_obj.o
    0x0800d9d8   0x0800d9d8   0x00000016   Code   RO         7853    i.lv_obj_set_style  lv_obj.o
    0x0800d9ee   0x0800d9ee   0x0000001a   Code   RO         7856    i.lv_obj_set_x      lv_obj.o
    0x0800da08   0x0800da08   0x0000001a   Code   RO         7857    i.lv_obj_set_y      lv_obj.o
    0x0800da22   0x0800da22   0x00000002   PAD
    0x0800da24   0x0800da24   0x00000068   Code   RO         7858    i.lv_obj_signal     lv_obj.o
    0x0800da8c   0x0800da8c   0x0000004e   Code   RO         8280    i.lv_refr_area_part_vdb  lv_refr.o
    0x0800dada   0x0800dada   0x000000b0   Code   RO         8281    i.lv_refr_area_with_vdb  lv_refr.o
    0x0800db8a   0x0800db8a   0x00000002   PAD
    0x0800db8c   0x0800db8c   0x00000064   Code   RO         8282    i.lv_refr_areas     lv_refr.o
    0x0800dbf0   0x0800dbf0   0x0000000c   Code   RO         8283    i.lv_refr_get_buf_size  lv_refr.o
    0x0800dbfc   0x0800dbfc   0x00000070   Code   RO         8284    i.lv_refr_get_top_obj  lv_refr.o
    0x0800dc6c   0x0800dc6c   0x00000034   Code   RO         8285    i.lv_refr_init      lv_refr.o
    0x0800dca0   0x0800dca0   0x000000d0   Code   RO         8286    i.lv_refr_join_area  lv_refr.o
    0x0800dd70   0x0800dd70   0x00000116   Code   RO         8287    i.lv_refr_obj       lv_refr.o
    0x0800de86   0x0800de86   0x00000078   Code   RO         8288    i.lv_refr_obj_and_children  lv_refr.o
    0x0800defe   0x0800defe   0x00000002   PAD
    0x0800df00   0x0800df00   0x00000020   Code   RO         8289    i.lv_refr_pop_from_buf  lv_refr.o
    0x0800df20   0x0800df20   0x00000060   Code   RO         8292    i.lv_refr_task      lv_refr.o
    0x0800df80   0x0800df80   0x0000000c   Code   RO         7859    i.lv_scr_act        lv_obj.o
    0x0800df8c   0x0800df8c   0x00000012   Code   RO         8388    i.lv_style_copy     lv_style.o
    0x0800df9e   0x0800df9e   0x00000002   PAD
    0x0800dfa0   0x0800dfa0   0x00000480   Code   RO         8389    i.lv_style_init     lv_style.o
    0x0800e420   0x0800e420   0x00000088   Code   RO         9445    i.lv_task_create    lv_task.o
    0x0800e4a8   0x0800e4a8   0x00000018   Code   RO         9446    i.lv_task_del       lv_task.o
    0x0800e4c0   0x0800e4c0   0x0000000c   Code   RO         9447    i.lv_task_enable    lv_task.o
    0x0800e4cc   0x0800e4cc   0x00000034   Code   RO         9448    i.lv_task_exec      lv_task.o
    0x0800e500   0x0800e500   0x00000108   Code   RO         9450    i.lv_task_handler   lv_task.o
    0x0800e608   0x0800e608   0x00000018   Code   RO         9451    i.lv_task_init      lv_task.o
    0x0800e620   0x0800e620   0x00000012   Code   RO         9453    i.lv_task_ready     lv_task.o
    0x0800e632   0x0800e632   0x00000002   PAD
    0x0800e634   0x0800e634   0x0000000c   Code   RO        13000    i.lv_theme_get_current  lv_theme.o
    0x0800e640   0x0800e640   0x0000001a   Code   RO        13693    i.lv_tick_elaps     lv_hal_tick.o
    0x0800e65a   0x0800e65a   0x00000002   PAD
    0x0800e65c   0x0800e65c   0x00000020   Code   RO        13694    i.lv_tick_get       lv_hal_tick.o
    0x0800e67c   0x0800e67c   0x0000001c   Code   RO        13695    i.lv_tick_inc       lv_hal_tick.o
    0x0800e698   0x0800e698   0x00000022   Code   RO         9558    i.lv_txt_get_length  lv_txt.o
    0x0800e6ba   0x0800e6ba   0x000000e4   Code   RO         9559    i.lv_txt_get_next_line  lv_txt.o
    0x0800e79e   0x0800e79e   0x000000cc   Code   RO         9560    i.lv_txt_get_size   lv_txt.o
    0x0800e86a   0x0800e86a   0x0000009a   Code   RO         9561    i.lv_txt_get_width  lv_txt.o
    0x0800e904   0x0800e904   0x00000048   Code   RO         9563    i.lv_txt_is_cmd     lv_txt.o
    0x0800e94c   0x0800e94c   0x00000022   Code   RO         9565    i.lv_txt_utf8_get_char_id  lv_txt.o
    0x0800e96e   0x0800e96e   0x00000148   Code   RO         9566    i.lv_txt_utf8_next  lv_txt.o
    0x0800eab6   0x0800eab6   0x00000052   Code   RO         9567    i.lv_txt_utf8_prev  lv_txt.o
    0x0800eb08   0x0800eb08   0x00000034   Code   RO         9568    i.lv_txt_utf8_size  lv_txt.o
    0x0800eb3c   0x0800eb3c   0x00000022   Code   RO         9661    i.lv_ufs_close      lv_ufs.o
    0x0800eb5e   0x0800eb5e   0x00000006   Code   RO         9663    i.lv_ufs_dir_close  lv_ufs.o
    0x0800eb64   0x0800eb64   0x00000014   Code   RO         9664    i.lv_ufs_dir_open   lv_ufs.o
    0x0800eb78   0x0800eb78   0x0000003c   Code   RO         9665    i.lv_ufs_dir_read   lv_ufs.o
    0x0800ebb4   0x0800ebb4   0x00000034   Code   RO         9666    i.lv_ufs_ent_get    lv_ufs.o
    0x0800ebe8   0x0800ebe8   0x00000040   Code   RO         9667    i.lv_ufs_ent_new    lv_ufs.o
    0x0800ec28   0x0800ec28   0x0000001e   Code   RO         9668    i.lv_ufs_free       lv_ufs.o
    0x0800ec46   0x0800ec46   0x00000002   PAD
    0x0800ec48   0x0800ec48   0x000000b0   Code   RO         9669    i.lv_ufs_init       lv_ufs.o
    0x0800ecf8   0x0800ecf8   0x00000070   Code   RO         9670    i.lv_ufs_open       lv_ufs.o
    0x0800ed68   0x0800ed68   0x0000006e   Code   RO         9671    i.lv_ufs_read       lv_ufs.o
    0x0800edd6   0x0800edd6   0x00000002   PAD
    0x0800edd8   0x0800edd8   0x0000000c   Code   RO         9672    i.lv_ufs_ready      lv_ufs.o
    0x0800ede4   0x0800ede4   0x0000004c   Code   RO         9673    i.lv_ufs_remove     lv_ufs.o
    0x0800ee30   0x0800ee30   0x00000040   Code   RO         9674    i.lv_ufs_seek       lv_ufs.o
    0x0800ee70   0x0800ee70   0x00000010   Code   RO         9675    i.lv_ufs_size       lv_ufs.o
    0x0800ee80   0x0800ee80   0x0000000c   Code   RO         9676    i.lv_ufs_tell       lv_ufs.o
    0x0800ee8c   0x0800ee8c   0x00000032   Code   RO         9677    i.lv_ufs_trunc      lv_ufs.o
    0x0800eebe   0x0800eebe   0x0000006c   Code   RO         9678    i.lv_ufs_write      lv_ufs.o
    0x0800ef2a   0x0800ef2a   0x00000002   PAD
    0x0800ef2c   0x0800ef2c   0x00000034   Code   RO         8448    i.lv_vdb_flush      lv_vdb.o
    0x0800ef60   0x0800ef60   0x00000018   Code   RO         8449    i.lv_vdb_get        lv_vdb.o
    0x0800ef78   0x0800ef78   0x000001d8   Code   RO         8786    i.lv_vfill          lv_draw_vbasic.o
    0x0800f150   0x0800f150   0x000002d4   Code   RO         8787    i.lv_vletter        lv_draw_vbasic.o
    0x0800f424   0x0800f424   0x00000254   Code   RO         8788    i.lv_vmap           lv_draw_vbasic.o
    0x0800f678   0x0800f678   0x0000008c   Code   RO         8789    i.lv_vpx            lv_draw_vbasic.o
    0x0800f704   0x0800f704   0x0000000e   Code   RO          540    i.main              startup.o
    0x0800f712   0x0800f712   0x00000002   PAD
    0x0800f714   0x0800f714   0x000000a0   Code   RO          693    i.main_task_creat   main_task.o
    0x0800f7b4   0x0800f7b4   0x00000028   Code   RO         6396    i.make_sys_node     finsh_parser.o
    0x0800f7dc   0x0800f7dc   0x000000a0   Code   RO         6677    i.msh_auto_complete  msh.o
    0x0800f87c   0x0800f87c   0x00000010   Code   RO         6678    i.msh_enter         msh.o
    0x0800f88c   0x0800f88c   0x0000006c   Code   RO         6679    i.msh_exec          msh.o
    0x0800f8f8   0x0800f8f8   0x00000010   Code   RO         6680    i.msh_exit          msh.o
    0x0800f908   0x0800f908   0x0000005c   Code   RO         6681    i.msh_get_cmd       msh.o
    0x0800f964   0x0800f964   0x00000080   Code   RO         6682    i.msh_help          msh.o
    0x0800f9e4   0x0800f9e4   0x0000000c   Code   RO         6683    i.msh_is_used       msh.o
    0x0800f9f0   0x0800f9f0   0x000000f0   Code   RO         6684    i.msh_split         msh.o
    0x0800fae0   0x0800fae0   0x0000000a   Code   RO         9283    i.node_set_next     lv_ll.o
    0x0800faea   0x0800faea   0x00000008   Code   RO         9284    i.node_set_prev     lv_ll.o
    0x0800faf2   0x0800faf2   0x00000046   Code   RO         5704    i.object_name_maxlen  cmd.o
    0x0800fb38   0x0800fb38   0x0000001c   Code   RO         5705    i.object_split      cmd.o
    0x0800fb54   0x0800fb54   0x0000018c   Code   RO         4785    i.print_number      kservice.o
    0x0800fce0   0x0800fce0   0x00000072   Code   RO         6397    i.proc_additive_expr  finsh_parser.o
    0x0800fd52   0x0800fd52   0x0000004c   Code   RO         6398    i.proc_and_expr     finsh_parser.o
    0x0800fd9e   0x0800fd9e   0x00000038   Code   RO         6399    i.proc_assign_expr  finsh_parser.o
    0x0800fdd6   0x0800fdd6   0x0000004e   Code   RO         6400    i.proc_cast_expr    finsh_parser.o
    0x0800fe24   0x0800fe24   0x0000004c   Code   RO         6401    i.proc_exclusive_or_expr  finsh_parser.o
    0x0800fe70   0x0800fe70   0x0000000c   Code   RO         6402    i.proc_expr         finsh_parser.o
    0x0800fe7c   0x0800fe7c   0x00000038   Code   RO         6403    i.proc_expr_statement  finsh_parser.o
    0x0800feb4   0x0800feb4   0x0000002c   Code   RO         6404    i.proc_identifier   finsh_parser.o
    0x0800fee0   0x0800fee0   0x0000004c   Code   RO         6405    i.proc_inclusive_or_expr  finsh_parser.o
    0x0800ff2c   0x0800ff2c   0x0000008a   Code   RO         6406    i.proc_multiplicative_expr  finsh_parser.o
    0x0800ffb6   0x0800ffb6   0x0000004c   Code   RO         6407    i.proc_param_list   finsh_parser.o
    0x08010002   0x08010002   0x000000a2   Code   RO         6408    i.proc_postfix_expr  finsh_parser.o
    0x080100a4   0x080100a4   0x0000009e   Code   RO         6409    i.proc_primary_expr  finsh_parser.o
    0x08010142   0x08010142   0x00000074   Code   RO         6410    i.proc_shift_expr   finsh_parser.o
    0x080101b6   0x080101b6   0x000000fa   Code   RO         6411    i.proc_type         finsh_parser.o
    0x080102b0   0x080102b0   0x000000be   Code   RO         6412    i.proc_unary_expr   finsh_parser.o
    0x0801036e   0x0801036e   0x000001da   Code   RO         6413    i.proc_variable_decl  finsh_parser.o
    0x08010548   0x08010548   0x00000050   Code   RO         7861    i.refresh_childen_position  lv_obj.o
    0x08010598   0x08010598   0x00000042   Code   RO         7862    i.refresh_childen_style  lv_obj.o
    0x080105da   0x080105da   0x00000002   PAD
    0x080105dc   0x080105dc   0x00000034   Code   RO          422    i.rt_application_init  application.o
    0x08010610   0x08010610   0x00000074   Code   RO         4786    i.rt_assert_handler  kservice.o
    0x08010684   0x08010684   0x00000026   Code   RO         4993    i.rt_calloc         memheap.o
    0x080106aa   0x080106aa   0x00000002   PAD
    0x080106ac   0x080106ac   0x00000068   Code   RO         7119    i.rt_completion_done  completion.o
    0x08010714   0x08010714   0x00000048   Code   RO         7120    i.rt_completion_init  completion.o
    0x0801075c   0x0801075c   0x00000140   Code   RO         7121    i.rt_completion_wait  completion.o
    0x0801089c   0x0801089c   0x0000000c   Code   RO         4788    i.rt_console_get_device  kservice.o
    0x080108a8   0x080108a8   0x00000034   Code   RO         4789    i.rt_console_set_device  kservice.o
    0x080108dc   0x080108dc   0x00000064   Code   RO         7152    i.rt_data_queue_init  dataqueue.o
    0x08010940   0x08010940   0x00000080   Code   RO         7153    i.rt_data_queue_peak  dataqueue.o
    0x080109c0   0x080109c0   0x000001c0   Code   RO         7154    i.rt_data_queue_pop  dataqueue.o
    0x08010b80   0x08010b80   0x00000160   Code   RO         7155    i.rt_data_queue_push  dataqueue.o
    0x08010ce0   0x08010ce0   0x00000060   Code   RO         4331    i.rt_device_close   device.o
    0x08010d40   0x08010d40   0x0000007c   Code   RO         4335    i.rt_device_find    device.o
    0x08010dbc   0x08010dbc   0x000000fc   Code   RO         4338    i.rt_device_open    device.o
    0x08010eb8   0x08010eb8   0x00000064   Code   RO         4339    i.rt_device_read    device.o
    0x08010f1c   0x08010f1c   0x00000036   Code   RO         4340    i.rt_device_register  device.o
    0x08010f52   0x08010f52   0x00000002   PAD
    0x08010f54   0x08010f54   0x00000030   Code   RO         4341    i.rt_device_set_rx_indicate  device.o
    0x08010f84   0x08010f84   0x00000064   Code   RO         4344    i.rt_device_write   device.o
    0x08010fe8   0x08010fe8   0x0000000c   Code   RO         6893    i.rt_dma_calc_recved_len  serial.o
    0x08010ff4   0x08010ff4   0x0000009c   Code   RO         6894    i.rt_dma_recv_update_get_index  serial.o
    0x08011090   0x08011090   0x000000b4   Code   RO         6895    i.rt_dma_recv_update_put_index  serial.o
    0x08011144   0x08011144   0x00000020   Code   RO         5252    i.rt_enter_critical  scheduler.o
    0x08011164   0x08011164   0x0000003c   Code   RO         5253    i.rt_exit_critical  scheduler.o
    0x080111a0   0x080111a0   0x0000000c   Code   RO         4994    i.rt_free           memheap.o
    0x080111ac   0x080111ac   0x00000020   Code   RO          736    i.rt_hw_board_init  board.o
    0x080111cc   0x080111cc   0x00000002   Code   RO         4792    i.rt_hw_console_output  kservice.o
    0x080111ce   0x080111ce   0x00000002   PAD
    0x080111d0   0x080111d0   0x00000110   Code   RO         5649    i.rt_hw_hard_fault_exception  cpuport.o
    0x080112e0   0x080112e0   0x000001d4   Code   RO         6896    i.rt_hw_serial_isr  serial.o
    0x080114b4   0x080114b4   0x00000080   Code   RO         6897    i.rt_hw_serial_register  serial.o
    0x08011534   0x08011534   0x000001c4   Code   RO          996    i.rt_hw_spi_init    spi_hard.o
    0x080116f8   0x080116f8   0x00000050   Code   RO         5650    i.rt_hw_stack_init  cpuport.o
    0x08011748   0x08011748   0x0000011c   Code   RO          423    i.rt_init_thread_entry  application.o
    0x08011864   0x08011864   0x00000038   Code   RO         4744    i.rt_interrupt_enter  irq.o
    0x0801189c   0x0801189c   0x0000000c   Code   RO         4746    i.rt_interrupt_get_nest  irq.o
    0x080118a8   0x080118a8   0x00000038   Code   RO         4747    i.rt_interrupt_leave  irq.o
    0x080118e0   0x080118e0   0x00000018   Code   RO         4477    i.rt_ipc_list_resume  ipc.o
    0x080118f8   0x080118f8   0x0000006c   Code   RO         4479    i.rt_ipc_list_suspend  ipc.o
    0x08011964   0x08011964   0x00000010   Code   RO         4480    i.rt_ipc_object_init  ipc.o
    0x08011974   0x08011974   0x00000068   Code   RO         4793    i.rt_kprintf        kservice.o
    0x080119dc   0x080119dc   0x00000048   Code   RO          215    i.rt_lcd_test_thread_entry  lcd_test.o
    0x08011a24   0x08011a24   0x0000003c   Code   RO            7    i.rt_led_thread_entry  led.o
    0x08011a60   0x08011a60   0x00000006   Code   RO         4481    i.rt_list_init      ipc.o
    0x08011a66   0x08011a66   0x00000006   Code   RO         5254    i.rt_list_init      scheduler.o
    0x08011a6c   0x08011a6c   0x00000006   Code   RO         5494    i.rt_list_init      timer.o
    0x08011a72   0x08011a72   0x00000006   Code   RO         7157    i.rt_list_init      dataqueue.o
    0x08011a78   0x08011a78   0x0000000e   Code   RO         5149    i.rt_list_insert_after  object.o
    0x08011a86   0x08011a86   0x0000000e   Code   RO         5351    i.rt_list_insert_after  thread.o
    0x08011a94   0x08011a94   0x0000000e   Code   RO         5495    i.rt_list_insert_after  timer.o
    0x08011aa2   0x08011aa2   0x0000000e   Code   RO         4482    i.rt_list_insert_before  ipc.o
    0x08011ab0   0x08011ab0   0x0000000e   Code   RO         7158    i.rt_list_insert_before  dataqueue.o
    0x08011abe   0x08011abe   0x00000010   Code   RO         4483    i.rt_list_isempty   ipc.o
    0x08011ace   0x08011ace   0x00000010   Code   RO         5496    i.rt_list_isempty   timer.o
    0x08011ade   0x08011ade   0x00000010   Code   RO         5706    i.rt_list_isempty   cmd.o
    0x08011aee   0x08011aee   0x00000010   Code   RO         7122    i.rt_list_isempty   completion.o
    0x08011afe   0x08011afe   0x00000010   Code   RO         7159    i.rt_list_isempty   dataqueue.o
    0x08011b0e   0x08011b0e   0x00000014   Code   RO         5707    i.rt_list_len       cmd.o
    0x08011b22   0x08011b22   0x00000012   Code   RO         5150    i.rt_list_remove    object.o
    0x08011b34   0x08011b34   0x00000012   Code   RO         5352    i.rt_list_remove    thread.o
    0x08011b46   0x08011b46   0x00000002   PAD
    0x08011b48   0x08011b48   0x0000007c   Code   RO         4995    i.rt_malloc         memheap.o
    0x08011bc4   0x08011bc4   0x0000007c   Code   RO         4797    i.rt_memcpy         kservice.o
    0x08011c40   0x08011c40   0x0000014c   Code   RO         4996    i.rt_memheap_alloc  memheap.o
    0x08011d8c   0x08011d8c   0x000001b4   Code   RO         4998    i.rt_memheap_free   memheap.o
    0x08011f40   0x08011f40   0x000000cc   Code   RO         4999    i.rt_memheap_init   memheap.o
    0x0801200c   0x0801200c   0x00000042   Code   RO         4798    i.rt_memmove        kservice.o
    0x0801204e   0x0801204e   0x00000048   Code   RO         4799    i.rt_memset         kservice.o
    0x08012096   0x08012096   0x00000002   PAD
    0x08012098   0x08012098   0x00000058   Code   RO         4504    i.rt_mutex_init     ipc.o
    0x080120f0   0x080120f0   0x00000184   Code   RO         4505    i.rt_mutex_release  ipc.o
    0x08012274   0x08012274   0x000001e4   Code   RO         4506    i.rt_mutex_take     ipc.o
    0x08012458   0x08012458   0x000000e0   Code   RO         5151    i.rt_object_allocate  object.o
    0x08012538   0x08012538   0x0000009c   Code   RO         5153    i.rt_object_delete  object.o
    0x080125d4   0x080125d4   0x00000058   Code   RO         5154    i.rt_object_detach  object.o
    0x0801262c   0x0801262c   0x00000028   Code   RO         5157    i.rt_object_get_information  object.o
    0x08012654   0x08012654   0x0000007c   Code   RO         5158    i.rt_object_init    object.o
    0x080126d0   0x080126d0   0x0000003c   Code   RO         5159    i.rt_object_is_systemobject  object.o
    0x0801270c   0x0801270c   0x000000b8   Code   RO         5255    i.rt_schedule       scheduler.o
    0x080127c4   0x080127c4   0x0000007c   Code   RO         5256    i.rt_schedule_insert_thread  scheduler.o
    0x08012840   0x08012840   0x00000080   Code   RO         5257    i.rt_schedule_remove_thread  scheduler.o
    0x080128c0   0x080128c0   0x00000048   Code   RO         4511    i.rt_sem_init       ipc.o
    0x08012908   0x08012908   0x00000054   Code   RO         4512    i.rt_sem_release    ipc.o
    0x0801295c   0x0801295c   0x0000018c   Code   RO         4513    i.rt_sem_take       ipc.o
    0x08012ae8   0x08012ae8   0x00000184   Code   RO         6898    i.rt_serial_close   serial.o
    0x08012c6c   0x08012c6c   0x000000a8   Code   RO         6899    i.rt_serial_control  serial.o
    0x08012d14   0x08012d14   0x00000048   Code   RO         6900    i.rt_serial_init    serial.o
    0x08012d5c   0x08012d5c   0x000002a0   Code   RO         6901    i.rt_serial_open    serial.o
    0x08012ffc   0x08012ffc   0x0000006c   Code   RO         6902    i.rt_serial_read    serial.o
    0x08013068   0x08013068   0x0000006c   Code   RO         6903    i.rt_serial_write   serial.o
    0x080130d4   0x080130d4   0x00000028   Code   RO         4800    i.rt_set_errno      kservice.o
    0x080130fc   0x080130fc   0x000000b0   Code   RO         4801    i.rt_show_version   kservice.o
    0x080131ac   0x080131ac   0x0000004a   Code   RO         6988    i.rt_spi_bus_attach_device  spi_core.o
    0x080131f6   0x080131f6   0x00000002   PAD
    0x080131f8   0x080131f8   0x00000058   Code   RO         7076    i.rt_spi_bus_device_init  spi_dev.o
    0x08013250   0x08013250   0x00000032   Code   RO         6989    i.rt_spi_bus_register  spi_core.o
    0x08013282   0x08013282   0x00000002   PAD
    0x08013284   0x08013284   0x00000078   Code   RO         6990    i.rt_spi_configure  spi_core.o
    0x080132fc   0x080132fc   0x00000016   Code   RO         1438    i.rt_spi_send       w25qxx.o
    0x08013312   0x08013312   0x00000002   PAD
    0x08013314   0x08013314   0x00000120   Code   RO         6993    i.rt_spi_send_then_recv  spi_core.o
    0x08013434   0x08013434   0x00000120   Code   RO         6994    i.rt_spi_send_then_send  spi_core.o
    0x08013554   0x08013554   0x000000f8   Code   RO         6997    i.rt_spi_transfer   spi_core.o
    0x0801364c   0x0801364c   0x00000058   Code   RO         7077    i.rt_spidev_device_init  spi_dev.o
    0x080136a4   0x080136a4   0x00000012   Code   RO         4807    i.rt_strlen         kservice.o
    0x080136b6   0x080136b6   0x00000028   Code   RO         4808    i.rt_strncmp        kservice.o
    0x080136de   0x080136de   0x00000034   Code   RO         4809    i.rt_strncpy        kservice.o
    0x08013712   0x08013712   0x00000002   PAD
    0x08013714   0x08013714   0x00000020   Code   RO         5002    i.rt_system_heap_init  memheap.o
    0x08013734   0x08013734   0x00000002   Code   RO         5163    i.rt_system_object_init  object.o
    0x08013736   0x08013736   0x00000002   PAD
    0x08013738   0x08013738   0x00000050   Code   RO         5259    i.rt_system_scheduler_init  scheduler.o
    0x08013788   0x08013788   0x00000030   Code   RO         5260    i.rt_system_scheduler_start  scheduler.o
    0x080137b8   0x080137b8   0x00000002   Code   RO         4248    i.rt_system_tick_init  clock.o
    0x080137ba   0x080137ba   0x00000002   PAD
    0x080137bc   0x080137bc   0x0000001c   Code   RO         5497    i.rt_system_timer_init  timer.o
    0x080137d8   0x080137d8   0x00000002   Code   RO         5498    i.rt_system_timer_thread_init  timer.o
    0x080137da   0x080137da   0x00000002   PAD
    0x080137dc   0x080137dc   0x0000009c   Code   RO         5353    i.rt_thread_control  thread.o
    0x08013878   0x08013878   0x00000050   Code   RO         5354    i.rt_thread_create  thread.o
    0x080138c8   0x080138c8   0x0000000c   Code   RO         5355    i.rt_thread_delay   thread.o
    0x080138d4   0x080138d4   0x00000068   Code   RO         5356    i.rt_thread_delete  thread.o
    0x0801393c   0x0801393c   0x00000058   Code   RO         5358    i.rt_thread_exit    thread.o
    0x08013994   0x08013994   0x00000018   Code   RO         4423    i.rt_thread_idle_entry  idle.o
    0x080139ac   0x080139ac   0x000000e0   Code   RO         4424    i.rt_thread_idle_excute  idle.o
    0x08013a8c   0x08013a8c   0x0000003c   Code   RO         4426    i.rt_thread_idle_init  idle.o
    0x08013ac8   0x08013ac8   0x0000007c   Code   RO         5360    i.rt_thread_init    thread.o
    0x08013b44   0x08013b44   0x00000080   Code   RO         5363    i.rt_thread_resume  thread.o
    0x08013bc4   0x08013bc4   0x0000000c   Code   RO         5365    i.rt_thread_self    thread.o
    0x08013bd0   0x08013bd0   0x00000068   Code   RO         5366    i.rt_thread_sleep   thread.o
    0x08013c38   0x08013c38   0x000000a8   Code   RO         5367    i.rt_thread_startup  thread.o
    0x08013ce0   0x08013ce0   0x00000088   Code   RO         5368    i.rt_thread_suspend  thread.o
    0x08013d68   0x08013d68   0x0000009c   Code   RO         5370    i.rt_thread_timeout  thread.o
    0x08013e04   0x08013e04   0x00000064   Code   RO         5371    i.rt_thread_yield   thread.o
    0x08013e68   0x08013e68   0x0000000c   Code   RO         4250    i.rt_tick_get       clock.o
    0x08013e74   0x08013e74   0x00000030   Code   RO         4251    i.rt_tick_increase  clock.o
    0x08013ea4   0x08013ea4   0x0000009c   Code   RO         5499    i.rt_timer_check    timer.o
    0x08013f40   0x08013f40   0x00000064   Code   RO         5500    i.rt_timer_control  timer.o
    0x08013fa4   0x08013fa4   0x00000044   Code   RO         5503    i.rt_timer_detach   timer.o
    0x08013fe8   0x08013fe8   0x00000054   Code   RO         5504    i.rt_timer_init     timer.o
    0x0801403c   0x0801403c   0x0000016c   Code   RO         5507    i.rt_timer_start    timer.o
    0x080141a8   0x080141a8   0x0000006c   Code   RO         5508    i.rt_timer_stop     timer.o
    0x08014214   0x08014214   0x00000328   Code   RO         4812    i.rt_vsnprintf      kservice.o
    0x0801453c   0x0801453c   0x00000050   Code   RO          541    i.rtthread_startup  startup.o
    0x0801458c   0x0801458c   0x00000040   Code   RO         6794    i.shell_auto_complete  shell.o
    0x080145cc   0x080145cc   0x00000030   Code   RO         5708    i.show_wait_queue   cmd.o
    0x080145fc   0x080145fc   0x00000026   Code   RO         4814    i.skip_atoi         kservice.o
    0x08014622   0x08014622   0x00000002   PAD
    0x08014624   0x08014624   0x000000f0   Code   RO          800    i.stm32_configure   usart.o
    0x08014714   0x08014714   0x000000a4   Code   RO          801    i.stm32_control     usart.o
    0x080147b8   0x080147b8   0x00000044   Code   RO          802    i.stm32_getc        usart.o
    0x080147fc   0x080147fc   0x00000108   Code   RO          803    i.stm32_hw_usart_init  usart.o
    0x08014904   0x08014904   0x00000044   Code   RO          804    i.stm32_putc        usart.o
    0x08014948   0x08014948   0x00000088   Code   RO          997    i.stm32_spi_register  spi_hard.o
    0x080149d0   0x080149d0   0x00000020   Code   RO         5709    i.str_common        cmd.o
    0x080149f0   0x080149f0   0x00000020   Code   RO         6685    i.str_common        msh.o
    0x08014a10   0x08014a10   0x00000022   Code   RO         5710    i.str_is_prefix     cmd.o
    0x08014a32   0x08014a32   0x00000002   PAD
    0x08014a34   0x08014a34   0x000000a4   Code   RO         7469    i.style_mod_def     lv_group.o
    0x08014ad8   0x08014ad8   0x000000ea   Code   RO         8790    i.sw_color_fill     lv_draw_vbasic.o
    0x08014bc2   0x08014bc2   0x00000050   Code   RO         8791    i.sw_mem_blend      lv_draw_vbasic.o
    0x08014c12   0x08014c12   0x00000002   PAD
    0x08014c14   0x08014c14   0x0000002c   Code   RO        13728    i.tft_fill          tft.o
    0x08014c40   0x08014c40   0x00000068   Code   RO        13729    i.tft_flush         tft.o
    0x08014ca8   0x08014ca8   0x0000002c   Code   RO        13730    i.tft_init          tft.o
    0x08014cd4   0x08014cd4   0x00000064   Code   RO        13731    i.tft_map           tft.o
    0x08014d38   0x08014d38   0x00000078   Code   RO         6508    i.token_get_string  finsh_token.o
    0x08014db0   0x08014db0   0x00000034   Code   RO         6509    i.token_match_name  finsh_token.o
    0x08014de4   0x08014de4   0x0000003e   Code   RO         6510    i.token_next_char   finsh_token.o
    0x08014e22   0x08014e22   0x00000016   Code   RO         6511    i.token_prev_char   finsh_token.o
    0x08014e38   0x08014e38   0x000000a2   Code   RO         6512    i.token_proc_char   finsh_token.o
    0x08014eda   0x08014eda   0x000000d6   Code   RO         6513    i.token_proc_escape  finsh_token.o
    0x08014fb0   0x08014fb0   0x00000120   Code   RO         6514    i.token_proc_number  finsh_token.o
    0x080150d0   0x080150d0   0x00000050   Code   RO         6515    i.token_proc_string  finsh_token.o
    0x08015120   0x08015120   0x0000019e   Code   RO         6516    i.token_run         finsh_token.o
    0x080152be   0x080152be   0x00000098   Code   RO         6517    i.token_spec_number  finsh_token.o
    0x08015356   0x08015356   0x00000022   Code   RO         6518    i.token_trim_space  finsh_token.o
    0x08015378   0x08015378   0x00000038   Code   RO         1360    i.touch_config      touch_ft6306.o
    0x080153b0   0x080153b0   0x0000002c   Code   RO         1361    i.touch_get_xy      touch_ft6306.o
    0x080153dc   0x080153dc   0x00000058   Code   RO         1362    i.touch_init        touch_ft6306.o
    0x08015434   0x08015434   0x00000038   Code   RO         1363    i.touch_reset       touch_ft6306.o
    0x0801546c   0x0801546c   0x00000020   Code   RO        13789    i.touchpad_init     touchpad.o
    0x0801548c   0x0801548c   0x00000058   Code   RO        13790    i.touchpad_read     touchpad.o
    0x080154e4   0x080154e4   0x0000001e   Code   RO         9569    i.txt_utf8_get_byte_id  lv_txt.o
    0x08015502   0x08015502   0x00000002   PAD
    0x08015504   0x08015504   0x0000008c   Code   RO          805    i.uart_isr          usart.o
    0x08015590   0x08015590   0x0000000a   Code   RO         5711    i.version           cmd.o
    0x0801559a   0x0801559a   0x00000002   PAD
    0x0801559c   0x0801559c   0x000000c8   Code   RO         1439    i.w25qxx_ERASE      w25qxx.o
    0x08015664   0x08015664   0x00000006   Code   RO         1440    i.w25qxx_flash_close  w25qxx.o
    0x0801566a   0x0801566a   0x00000002   PAD
    0x0801566c   0x0801566c   0x000000b8   Code   RO         1441    i.w25qxx_flash_control  w25qxx.o
    0x08015724   0x08015724   0x00000006   Code   RO         1442    i.w25qxx_flash_init  w25qxx.o
    0x0801572a   0x0801572a   0x00000002   PAD
    0x0801572c   0x0801572c   0x0000004c   Code   RO         1443    i.w25qxx_flash_open  w25qxx.o
    0x08015778   0x08015778   0x00000028   Code   RO         1444    i.w25qxx_flash_read  w25qxx.o
    0x080157a0   0x080157a0   0x00000080   Code   RO         1445    i.w25qxx_flash_write  w25qxx.o
    0x08015820   0x08015820   0x000003c0   Code   RO         1446    i.w25qxx_init       w25qxx.o
    0x08015be0   0x08015be0   0x00000020   Code   RO         1447    i.w25qxx_power_down  w25qxx.o
    0x08015c00   0x08015c00   0x00000020   Code   RO         1448    i.w25qxx_power_release  w25qxx.o
    0x08015c20   0x08015c20   0x0000004c   Code   RO         1449    i.w25qxx_read       w25qxx.o
    0x08015c6c   0x08015c6c   0x00000024   Code   RO         1450    i.w25qxx_read_status  w25qxx.o
    0x08015c90   0x08015c90   0x00000012   Code   RO         1451    i.w25qxx_wait_busy  w25qxx.o
    0x08015ca2   0x08015ca2   0x00000002   PAD
    0x08015ca4   0x08015ca4   0x00000128   Code   RO         1452    i.w25qxx_write      w25qxx.o
    0x08015dcc   0x08015dcc   0x00000104   Code   RO          998    i.xfer              spi_hard.o
    0x08015ed0   0x08015ed0   0x0000002c   Code   RO        14254    locale$$code        c_w.l(lc_ctype_c.o)
    0x08015efc   0x08015efc   0x0000000a   Code   RO        14235    x$fpl$fpinit        fz_wm.l(fpinit.o)
    0x08015f06   0x08015f06   0x00000002   PAD
    0x08015f08   0x08015f08   0x00000006   Data   RO          695    .constdata          main_task.o
    0x08015f0e   0x08015f0e   0x00000002   PAD
    0x08015f10   0x08015f10   0x00000078   Data   RO          807    .constdata          usart.o
    0x08015f88   0x08015f88   0x00000022   Data   RO         1455    .constdata          w25qxx.o
    0x08015faa   0x08015faa   0x000000b7   Data   RO         4345    .constdata          device.o
    0x08016061   0x08016061   0x00000016   Data   RO         4429    .constdata          idle.o
    0x08016077   0x08016077   0x000001d7   Data   RO         4515    .constdata          ipc.o
    0x0801624e   0x0801624e   0x00000122   Data   RO         4816    .constdata          kservice.o
    0x08016370   0x08016370   0x00000060   Data   RO         5004    .constdata          memheap.o
    0x080163d0   0x080163d0   0x0000006d   Data   RO         5164    .constdata          object.o
    0x0801643d   0x0801643d   0x0000004e   Data   RO         5262    .constdata          scheduler.o
    0x0801648b   0x0801648b   0x000000b9   Data   RO         5372    .constdata          thread.o
    0x08016544   0x08016544   0x0000005c   Data   RO         5510    .constdata          timer.o
    0x080165a0   0x080165a0   0x00000050   Data   RO         5712    .constdata          cmd.o
    0x080165f0   0x080165f0   0x000000c4   Data   RO         6142    .constdata          finsh_ops.o
    0x080166b4   0x080166b4   0x00000040   Data   RO         6519    .constdata          finsh_token.o
    0x080166f4   0x080166f4   0x0000000e   Data   RO         6686    .constdata          msh.o
    0x08016702   0x08016702   0x0000006d   Data   RO         6796    .constdata          shell.o
    0x0801676f   0x0801676f   0x0000012a   Data   RO         6904    .constdata          serial.o
    0x08016899   0x08016899   0x000000a3   Data   RO         6999    .constdata          spi_core.o
    0x0801693c   0x0801693c   0x00000081   Data   RO         7078    .constdata          spi_dev.o
    0x080169bd   0x080169bd   0x00000039   Data   RO         7123    .constdata          completion.o
    0x080169f6   0x080169f6   0x0000004b   Data   RO         7160    .constdata          dataqueue.o
    0x08016a41   0x08016a41   0x00000003   PAD
    0x08016a44   0x08016a44   0x00000012   Data   RO         7470    .constdata          lv_group.o
    0x08016a56   0x08016a56   0x00000002   PAD
    0x08016a58   0x08016a58   0x000000c2   Data   RO         8393    .constdata          lv_style.o
    0x08016b1a   0x08016b1a   0x0000006d   Data   RO         8511    .constdata          lv_draw.o
    0x08016b87   0x08016b87   0x00000001   PAD
    0x08016b88   0x08016b88   0x00000002   Data   RO         8793    .constdata          lv_draw_vbasic.o
    0x08016b8a   0x08016b8a   0x00000002   PAD
    0x08016b8c   0x08016b8c   0x00002260   Data   RO        13266    .constdata          lv_font_dejavu_20.o
    0x08018dec   0x08018dec   0x00002418   Data   RO        13454    .constdata          lv_font_symbol_20.o
    0x0801b204   0x0801b204   0x0000004c   Data   RO        14003    .constdata          hzchar.o
    0x0801b250   0x0801b250   0x0000015d   Data   RO         5713    .conststring        cmd.o
    0x0801b3ad   0x0801b3ad   0x00000003   PAD
    0x0801b3b0   0x0801b3b0   0x000000f3   Data   RO         5918    .conststring        finsh_error.o
    0x0801b4a3   0x0801b4a3   0x00000001   PAD
    0x0801b4a4   0x0801b4a4   0x0000003e   Data   RO         6520    .conststring        finsh_token.o
    0x0801b4e2   0x0801b4e2   0x000003a4   Data   RO         5715    .rodata.name        cmd.o
    0x0801b886   0x0801b886   0x00000061   Data   RO         6688    .rodata.name        msh.o
    0x0801b8e7   0x0801b8e7   0x0000007b   Data   RO         6751    .rodata.name        msh_cmd.o
    0x0801b962   0x0801b962   0x00000002   PAD
    0x0801b964   0x0801b964   0x00000120   Data   RO         5716    FSymTab             cmd.o
    0x0801ba84   0x0801ba84   0x00000024   Data   RO         6689    FSymTab             msh.o
    0x0801baa8   0x0801baa8   0x00000024   Data   RO         6752    FSymTab             msh_cmd.o
    0x0801bacc   0x0801bacc   0x00000020   Data   RO        14330    Region$$Table       anon$$obj.o
    0x0801baec   0x0801baec   0x00000010   Data   RO         5717    VSymTab             cmd.o
    0x0801bafc   0x0801bafc   0x00000110   Data   RO        14253    locale$$data        c_w.l(lc_ctype_c.o)


    Execution Region RW_IRAM1 (Exec base: 0x20000000, Load base: 0x0801bc0c, Size: 0x0000b630, Max: 0x00020000, ABSOLUTE, COMPRESSED[0x00000160])

    Exec Addr    Load Addr    Size         Type   Attr      Idx    E Section Name        Object

    0x20000000   COMPRESSED   0x00000009   Data   RW          585    .data               delay.o
    0x20000009   COMPRESSED   0x00000003   PAD
    0x2000000c   COMPRESSED   0x00000080   Data   RW          808    .data               usart.o
    0x2000008c   COMPRESSED   0x00000018   Data   RW         1001    .data               spi_hard.o
    0x200000a4   COMPRESSED   0x00000004   Data   RW         1322    .data               sram.o
    0x200000a8   COMPRESSED   0x00000001   Data   RW         1365    .data               touch_ft6306.o
    0x200000a9   COMPRESSED   0x00000010   Data   RW         2061    .data               stm32f4xx_rcc.o
    0x200000b9   COMPRESSED   0x00000003   PAD
    0x200000bc   COMPRESSED   0x00000014   Data   RW         4213    .data               system_stm32f4xx.o
    0x200000d0   COMPRESSED   0x00000004   Data   RW         4253    .data               clock.o
    0x200000d4   COMPRESSED   0x00000004   Data   RW         4430    .data               idle.o
    0x200000d8   COMPRESSED   0x00000009   Data   RW         4749    .data               irq.o
    0x200000e1   COMPRESSED   0x00000003   PAD
    0x200000e4   COMPRESSED   0x0000000c   Data   RW         4817    .data               kservice.o
    0x200000f0   COMPRESSED   0x000000b4   Data   RW         5165    .data               object.o
    0x200001a4   COMPRESSED   0x0000001c   Data   RW         5263    .data               scheduler.o
    0x200001c0   COMPRESSED   0x0000000c   Data   RW         5373    .data               thread.o
    0x200001cc   COMPRESSED   0x00000010   Data   RW         5511    .data               timer.o
    0x200001dc   COMPRESSED   0x00000010   Data   RW         5652    .data               cpuport.o
    0x200001ec   COMPRESSED   0x00000004   Data   RW         5714    .data               cmd.o
    0x200001f0   COMPRESSED   0x00000008   Data   RW         5870    .data               finsh_compiler.o
    0x200001f8   COMPRESSED   0x00000040   Data   RW         5919    .data               finsh_error.o
    0x20000238   COMPRESSED   0x00000008   Data   RW         5957    .data               finsh_heap.o
    0x20000240   COMPRESSED   0x00000004   Data   RW         6595    .data               finsh_var.o
    0x20000244   COMPRESSED   0x0000000c   Data   RW         6645    .data               finsh_vm.o
    0x20000250   COMPRESSED   0x00000004   Data   RW         6687    .data               msh.o
    0x20000254   COMPRESSED   0x00000004   Data   RW         6797    .data               shell.o
    0x20000258   COMPRESSED   0x00000010   Data   RW         6870    .data               symbol.o
    0x20000268   COMPRESSED   0x00000004   Data   RW         7630    .data               lv_indev.o
    0x2000026c   COMPRESSED   0x00000010   Data   RW         7865    .data               lv_obj.o
    0x2000027c   COMPRESSED   0x00000010   Data   RW         8294    .data               lv_refr.o
    0x2000028c   COMPRESSED   0x00000010   Data   RW         8450    .data               lv_vdb.o
    0x2000029c   COMPRESSED   0x00000030   Data   RW         8512    .data               lv_draw.o
    0x200002cc   COMPRESSED   0x00000018   Data   RW         8794    .data               lv_draw_vbasic.o
    0x200002e4   COMPRESSED   0x00000004   Data   RW         8878    .data               lv_anim.o
    0x200002e8   COMPRESSED   0x00000004   Data   RW         9387    .data               lv_mem.o
    0x200002ec   COMPRESSED   0x00000010   Data   RW         9458    .data               lv_task.o
    0x200002fc   COMPRESSED   0x00000001   Data   RW         9680    .data               lv_ufs.o
    0x200002fd   COMPRESSED   0x00000003   PAD
    0x20000300   COMPRESSED   0x00000004   Data   RW        11213    .data               lv_label.o
    0x20000304   COMPRESSED   0x00000004   Data   RW        13002    .data               lv_theme.o
    0x20000308   COMPRESSED   0x00000028   Data   RW        13267    .data               lv_font_dejavu_20.o
    0x20000330   COMPRESSED   0x00000028   Data   RW        13455    .data               lv_font_symbol_20.o
    0x20000358   COMPRESSED   0x00000008   Data   RW        13528    .data               lv_hal_disp.o
    0x20000360   COMPRESSED   0x00000004   Data   RW        13653    .data               lv_hal_indev.o
    0x20000364   COMPRESSED   0x00000005   Data   RW        13696    .data               lv_hal_tick.o
    0x20000369   COMPRESSED   0x00000001   PAD
    0x2000036a   COMPRESSED   0x00000004   Data   RW        13791    .data               touchpad.o
    0x2000036e   COMPRESSED   0x00000002   PAD
    0x20000370   COMPRESSED   0x00000028   Data   RW        14004    .data               hzchar.o
    0x20000398        -       0x00001220   Zero   RW          424    .bss                application.o
    0x200015b8        -       0x00000078   Zero   RW          694    .bss                main_task.o
    0x20001630        -       0x00000170   Zero   RW          806    .bss                usart.o
    0x200017a0        -       0x000001a8   Zero   RW          999    .bss                spi_hard.o
    0x20001948        -       0x00000084   Zero   RW         1103    .bss                lcd_fsmc.o
    0x200019cc        -       0x0000002a   Zero   RW         1364    .bss                touch_ft6306.o
    0x200019f6   COMPRESSED   0x00000002   PAD
    0x200019f8        -       0x00000088   Zero   RW         1454    .bss                w25qxx.o
    0x20001a80        -       0x00000490   Zero   RW         4428    .bss                idle.o
    0x20001f10        -       0x00000080   Zero   RW         4815    .bss                kservice.o
    0x20001f90        -       0x00000074   Zero   RW         5003    .bss                memheap.o
    0x20002004        -       0x00000100   Zero   RW         5261    .bss                scheduler.o
    0x20002104        -       0x00000080   Zero   RW         5956    .bss                finsh_heap.o
    0x20002184        -       0x00000140   Zero   RW         6045    .bss                finsh_node.o
    0x200022c4        -       0x000000c0   Zero   RW         6594    .bss                finsh_var.o
    0x20002384        -       0x00000180   Zero   RW         6644    .bss                finsh_vm.o
    0x20002504        -       0x00000081   Zero   RW         6795    .bss                shell.o
    0x20002585   COMPRESSED   0x00000003   PAD
    0x20002588        -       0x0000000c   Zero   RW         7864    .bss                lv_obj.o
    0x20002594        -       0x00000140   Zero   RW         8293    .bss                lv_refr.o
    0x200026d4        -       0x0000030c   Zero   RW         8392    .bss                lv_style.o
    0x200029e0        -       0x000003c0   Zero   RW         8792    .bss                lv_draw_vbasic.o
    0x20002da0        -       0x0000000c   Zero   RW         8877    .bss                lv_anim.o
    0x20002dac        -       0x0000000c   Zero   RW         9161    .bss                lv_fs.o
    0x20002db8        -       0x00008000   Zero   RW         9386    .bss                lv_mem.o
    0x2000adb8        -       0x0000000c   Zero   RW         9457    .bss                lv_task.o
    0x2000adc4        -       0x0000000c   Zero   RW         9679    .bss                lv_ufs.o
    0x2000add0        -       0x00000200   Zero   RW        13971    .bss                guicharpex.o
    0x2000afd0        -       0x00000060   Zero   RW        14197    .bss                c_w.l(libspace.o)
    0x2000b030        -       0x00000200   Zero   RW         4141    HEAP                startup_stm32f40_41xxx.o
    0x2000b230        -       0x00000400   Zero   RW         4140    STACK               startup_stm32f40_41xxx.o



  Load Region LR$$.ARM.__AT_0x10000000 (Base: 0x10000000, Size: 0x00000000, Max: 0x00001000, ABSOLUTE)

    Execution Region ER$$.ARM.__AT_0x10000000 (Exec base: 0x10000000, Load base: 0x10000000, Size: 0x00001000, Max: 0x00001000, ABSOLUTE, UNINIT)

    Exec Addr    Load Addr    Size         Type   Attr      Idx    E Section Name        Object

    0x10000000        -       0x00001000   Zero   RW         1453    .ARM.__AT_0x10000000  w25qxx.o



  Load Region LR$$.ARM.__AT_0x68000000 (Base: 0x68000000, Size: 0x00000000, Max: 0x00002000, ABSOLUTE)

    Execution Region ER$$.ARM.__AT_0x68000000 (Exec base: 0x68000000, Load base: 0x68000000, Size: 0x00002000, Max: 0x00002000, ABSOLUTE, UNINIT)

    Exec Addr    Load Addr    Size         Type   Attr      Idx    E Section Name        Object

    0x68000000        -       0x00002000   Zero   RW         1321    .ARM.__AT_0x68000000  sram.o


==============================================================================

Image component sizes


      Code (inc. data)   RO Data    RW Data    ZI Data      Debug   Object Name

       336        106          0          0       4640       8433   application.o
       178         20          0          0          0      28473   board.o
        62         12          0          4          0       1647   clock.o
      3798       1496       1665          4          0      28102   cmd.o
       512        180         57          0          0       5663   completion.o
       272         26          0          0          0        816   context_rvds.o
       352        166          0         16          0       3694   cpuport.o
      1064        224         75          0          0       7027   dataqueue.o
       284         20          0          9          0       3675   delay.o
       774        212        183          0          0       8064   device.o
      6170        156          0          8          0      10766   finsh_compiler.o
        56         22        243         64          0       2939   finsh_error.o
       552         42          0          8        128       6235   finsh_heap.o
        64          6          0          0          0       2280   finsh_init.o
       392          8          0          0        320       6286   finsh_node.o
      3038        294        196          0          0      27310   finsh_ops.o
      2428         32          0          0          0      17211   finsh_parser.o
      1644         16        126          0          0      10874   finsh_token.o
       296         32          0          4        192       7050   finsh_var.o
       176         36          0         12        384       5649   finsh_vm.o
         0          0          0          0        512        854   guicharpex.o
         0          0         76         40          0        720   hzchar.o
       328         82         22          4       1168       5186   idle.o
       788         36          0          0          0       5480   iic.o
      1696        426        471          0          0      31420   ipc.o
       124         26          0          9          0       2222   irq.o
      2192        242        290         12        128      14271   kservice.o
      3738        318          0          0        132      25364   lcd_fsmc.o
        72          8          0          0          0      13603   lcd_test.o
       180         10          0          0          0     335311   led.o
       608         34          0          4         12       7440   lv_anim.o
       452          0          0          0          0       5598   lv_area.o
         0          0          0          0          0       5348   lv_bar.o
         0          0          0          0          0       1226   lv_cb.o
        98          0          0          0          0       2745   lv_circ.o
     11970        100        109         48          0      34514   lv_draw.o
      2384         28          2         24        960      15569   lv_draw_vbasic.o
       242          8          0          0          0       6397   lv_font.o
         0          0          0          0          0       1246   lv_font_dejavu_10.o
         0          0       8800         40          0       2004   lv_font_dejavu_20.o
         0          0       9240         40          0       2004   lv_font_symbol_20.o
        56         10          0          0         12       3229   lv_fs.o
       648          6         18          0          0      16800   lv_group.o
       318         32          0          8          0       8686   lv_hal_disp.o
       176         12          0          4          0       5328   lv_hal_indev.o
        86         20          0          5          0       2320   lv_hal_tick.o
      1922         32          0          4          0      19499   lv_indev.o
      3010         74          0          4          0      25144   lv_label.o
       542          0          0          0          0       8165   lv_ll.o
       624         30          0          4      32768       7239   lv_mem.o
      2130         76          0         16         12      35753   lv_obj.o
      1462         78          0         16        320      10027   lv_refr.o
      1170         70        194          0        780       4034   lv_style.o
       530         44          0         16         12       6017   lv_task.o
        12          6          0          4          0      10747   lv_theme.o
      1262         14          0          0          0      11324   lv_txt.o
      1002         92          0          1         12      13105   lv_ufs.o
        88         20          0         16          0       6141   lv_vdb.o
       160         32          6          0        120       2483   main_task.o
      1178        266         96          0        116       8280   memheap.o
       200         32          0          0          0       2771   misc.o
         0          0          0          0          0       3011   module.o
       956        198        147          4          0       9229   msh.o
        34          0        159          0          0       3143   msh_cmd.o
       726        240        109        180          0       9825   object.o
       176         10          0          0          0        780   pwm.o
       862        254         78         28        256       8810   scheduler.o
      3528        754        298          0          0      16687   serial.o
      1976        330        109          4        129       9548   shell.o
      1068        170        163          0          0       9422   spi_core.o
       624        248        129          0          0       6437   spi_dev.o
      1156        100          0         24        424     246084   spi_hard.o
       892         28          0          4       8192       2598   sram.o
        94         18          0          0          0       1034   startup.o
        64         26        392          0       1536        896   startup_stm32f40_41xxx.o
       602         54          0          0          0       5786   stm32f4xx_dma.o
       344         16          0          0          0       2141   stm32f4xx_fsmc.o
       240          0          0          0          0       3667   stm32f4xx_gpio.o
        18          0          0          0          0       2919   stm32f4xx_it.o
        68         30          0          0          0       2578   stm32f4xx_iwdg.o
       424         54          0         16          0       6578   stm32f4xx_rcc.o
       336         24          0          0          0       5395   stm32f4xx_spi.o
       360         36          0          0          0       4980   stm32f4xx_tim.o
       496          8          0          0          0       6919   stm32f4xx_usart.o
         0          0          0         16          0       5125   symbol.o
       340         32          0         20          0       2037   system_stm32f4xx.o
       292         24          0          0          0       6826   tft.o
      1608        430        185         12          0      15389   thread.o
      1058        186         92         16          0      11735   timer.o
       878         50          0          1         42       7987   touch_ft6306.o
       120         18          0          4          0       2556   touchpad.o
      1730        274        120        128        368      41765   usart.o
      2144        588         34          0       4232      15299   w25qxx.o

    ----------------------------------------------------------------------
     87228       9570      23932        920      57912    1394994   Object Totals
         0          0         32          0          0          0   (incl. Generated)
       118          0         16         15          5          0   (incl. Padding)

    ----------------------------------------------------------------------

      Code (inc. data)   RO Data    RW Data    ZI Data      Debug   Library Member Name

        90          0          0          0          0          0   __dczerorl2.o
         8          0          0          0          0         68   __main.o
         0          0          0          0          0          0   __rtentry.o
        12          0          0          0          0          0   __rtentry2.o
         6          0          0          0          0          0   __rtentry4.o
        52          8          0          0          0          0   __scatter.o
        28          0          0          0          0          0   __scatter_zi.o
        28          0          0          0          0         68   _chval.o
       158          0          0          0          0         92   _strtoul.o
        26          0          0          0          0         80   atoi.o
        10          0          0          0          0         68   defsig_exit.o
        50          0          0          0          0         88   defsig_general.o
        80         58          0          0          0         76   defsig_rtmem_inner.o
        14          0          0          0          0         80   defsig_rtmem_outer.o
        18          0          0          0          0         80   exit.o
        94          0          0          0          0         80   h1_alloc.o
        52          0          0          0          0         68   h1_extend.o
        78          0          0          0          0         80   h1_free.o
        14          0          0          0          0         84   h1_init.o
         6          0          0          0          0        152   heapauxi.o
         4          0          0          0          0        136   hguard.o
         0          0          0          0          0          0   indicate_semi.o
       138          0          0          0          0        168   init_alloc.o
        44         10        272          0          0         76   lc_ctype_c.o
         2          0          0          0          0          0   libinit.o
        32          0          0          0          0          0   libinit2.o
         2          0          0          0          0          0   libshutdown.o
         2          0          0          0          0          0   libshutdown2.o
         8          4          0          0         96         68   libspace.o
         0          0          0          0          0          0   maybetermalloc1.o
        16          4          0          0          0         76   rt_ctype_table.o
         8          4          0          0          0         68   rt_errno_addr_intlibspace.o
         8          4          0          0          0         68   rt_heap_descriptor_intlibspace.o
         8          4          0          0          0         68   rt_locale_intlibspace.o
        68          0          0          0          0         68   rt_memclr.o
        78          0          0          0          0         80   rt_memclr_w.o
       138          0          0          0          0         68   rt_memcpy_v6.o
       100          0          0          0          0         80   rt_memcpy_w.o
         2          0          0          0          0          0   rtexit.o
        10          0          0          0          0          0   rtexit2.o
        24          0          0          0          0         68   strcat.o
       128          0          0          0          0         68   strcmpv7m.o
        72          0          0          0          0         80   strcpy.o
        62          0          0          0          0         76   strlen.o
       150          0          0          0          0         80   strncmp.o
        86          0          0          0          0         76   strncpy.o
       112          0          0          0          0         88   strtol.o
        12          4          0          0          0         68   sys_exit.o
        74          0          0          0          0         80   sys_stackheap_outer.o
        14          0          0          0          0         76   sys_wrch.o
         2          0          0          0          0         68   use_no_semi.o
        10          0          0          0          0        116   fpinit.o

    ----------------------------------------------------------------------
      2244        100        272          0         96       3132   Library Totals
         6          0          0          0          0          0   (incl. Padding)

    ----------------------------------------------------------------------

      Code (inc. data)   RO Data    RW Data    ZI Data      Debug   Library Name

      2228        100        272          0         96       3016   c_w.l
        10          0          0          0          0        116   fz_wm.l

    ----------------------------------------------------------------------
      2244        100        272          0         96       3132   Library Totals

    ----------------------------------------------------------------------

==============================================================================


      Code (inc. data)   RO Data    RW Data    ZI Data      Debug   

     89472       9670      24204        920      58008    1324958   Grand Totals
     89472       9670      24204        352      58008    1324958   ELF Image Totals (compressed)
     89472       9670      24204        352          0          0   ROM Totals

==============================================================================

    Total RO  Size (Code + RO Data)               113676 ( 111.01kB)
    Total RW  Size (RW Data + ZI Data)             58928 (  57.55kB)
    Total ROM Size (Code + RO Data + RW Data)     114028 ( 111.36kB)

==============================================================================

