Component: ARM Compiler 5.06 update 6 (build 750) Tool: armlink [4d35ed]

==============================================================================

Section Cross References

    led.o(i.IWDG_Feed) refers to stm32f4xx_iwdg.o(i.IWDG_ReloadCounter) for IWDG_ReloadCounter
    led.o(i.IWDG_Init) refers to stm32f4xx_iwdg.o(i.IWDG_WriteAccessCmd) for IWDG_WriteAccessCmd
    led.o(i.IWDG_Init) refers to stm32f4xx_iwdg.o(i.IWDG_SetPrescaler) for IWDG_SetPrescaler
    led.o(i.IWDG_Init) refers to stm32f4xx_iwdg.o(i.IWDG_SetReload) for IWDG_SetReload
    led.o(i.IWDG_Init) refers to stm32f4xx_iwdg.o(i.IWDG_ReloadCounter) for IWDG_ReloadCounter
    led.o(i.IWDG_Init) refers to stm32f4xx_iwdg.o(i.IWDG_Enable) for IWDG_Enable
    led.o(i.LED_init) refers to stm32f4xx_rcc.o(i.RCC_AHB1PeriphClockCmd) for RCC_AHB1PeriphClockCmd
    led.o(i.LED_init) refers to stm32f4xx_gpio.o(i.GPIO_Init) for GPIO_Init
    led.o(i.LED_init) refers to stm32f4xx_gpio.o(i.GPIO_ResetBits) for GPIO_ResetBits
    led.o(i.LED_init) refers to led.o(i.IWDG_Init) for IWDG_Init
    led.o(i.rt_led_thread_entry) refers to led.o(i.IWDG_Feed) for IWDG_Feed
    led.o(i.rt_led_thread_entry) refers to led.o(i.LED_init) for LED_init
    led.o(i.rt_led_thread_entry) refers to stm32f4xx_gpio.o(i.GPIO_ResetBits) for GPIO_ResetBits
    led.o(i.rt_led_thread_entry) refers to delay.o(i.delay_ms) for delay_ms
    led.o(i.rt_led_thread_entry) refers to stm32f4xx_gpio.o(i.GPIO_SetBits) for GPIO_SetBits
    lcd_test.o(i.rt_lcd_test_thread_entry) refers to stm32f4xx_tim.o(i.TIM_SetCompare4) for TIM_SetCompare4
    lcd_test.o(i.rt_lcd_test_thread_entry) refers to sram.o(i.bsp_TestExtSRAM) for bsp_TestExtSRAM
    lcd_test.o(i.rt_lcd_test_thread_entry) refers to main_task.o(i.main_task_creat) for main_task_creat
    lcd_test.o(i.rt_lcd_test_thread_entry) refers to lv_hal_tick.o(i.lv_tick_inc) for lv_tick_inc
    lcd_test.o(i.rt_lcd_test_thread_entry) refers to lv_task.o(i.lv_task_handler) for lv_task_handler
    lcd_test.o(i.rt_lcd_test_thread_entry) refers to delay.o(i.delay_ms) for delay_ms
    lcd_test.o(i.rt_lcd_test_thread_entry) refers to lcd_fsmc.o(.bss) for lcd
    application.o(i.rt_application_init) refers to thread.o(i.rt_thread_create) for rt_thread_create
    application.o(i.rt_application_init) refers to thread.o(i.rt_thread_startup) for rt_thread_startup
    application.o(i.rt_application_init) refers to application.o(i.rt_init_thread_entry) for rt_init_thread_entry
    application.o(i.rt_init_thread_entry) refers to delay.o(i.delay_init) for delay_init
    application.o(i.rt_init_thread_entry) refers to lcd_fsmc.o(i.lcd_func_init) for lcd_func_init
    application.o(i.rt_init_thread_entry) refers to lv_obj.o(i.lv_init) for lv_init
    application.o(i.rt_init_thread_entry) refers to tft.o(i.tft_init) for tft_init
    application.o(i.rt_init_thread_entry) refers to touch_ft6306.o(i.touch_init) for touch_init
    application.o(i.rt_init_thread_entry) refers to touchpad.o(i.touchpad_init) for touchpad_init
    application.o(i.rt_init_thread_entry) refers to sram.o(i.fsmc_sram_config) for fsmc_sram_config
    application.o(i.rt_init_thread_entry) refers to pwm.o(i.TIM1_PWM_Init) for TIM1_PWM_Init
    application.o(i.rt_init_thread_entry) refers to thread.o(i.rt_thread_init) for rt_thread_init
    application.o(i.rt_init_thread_entry) refers to thread.o(i.rt_thread_startup) for rt_thread_startup
    application.o(i.rt_init_thread_entry) refers to spi_hard.o(i.rt_hw_spi_init) for rt_hw_spi_init
    application.o(i.rt_init_thread_entry) refers to w25qxx.o(i.w25qxx_init) for w25qxx_init
    application.o(i.rt_init_thread_entry) refers to device.o(i.rt_device_find) for rt_device_find
    application.o(i.rt_init_thread_entry) refers to kservice.o(i.rt_kprintf) for rt_kprintf
    application.o(i.rt_init_thread_entry) refers to lcd_fsmc.o(.bss) for lcd
    application.o(i.rt_init_thread_entry) refers to application.o(.bss) for lcd_test_stack
    application.o(i.rt_init_thread_entry) refers to lcd_test.o(i.rt_lcd_test_thread_entry) for rt_lcd_test_thread_entry
    application.o(i.rt_init_thread_entry) refers to led.o(i.rt_led_thread_entry) for rt_led_thread_entry
    startup.o(i.assert_failed) refers to kservice.o(i.rt_kprintf) for rt_kprintf
    startup.o(i.main) refers to context_rvds.o(.text) for rt_hw_interrupt_disable
    startup.o(i.main) refers to startup.o(i.rtthread_startup) for rtthread_startup
    startup.o(i.rtthread_startup) refers to board.o(i.rt_hw_board_init) for rt_hw_board_init
    startup.o(i.rtthread_startup) refers to kservice.o(i.rt_show_version) for rt_show_version
    startup.o(i.rtthread_startup) refers to clock.o(i.rt_system_tick_init) for rt_system_tick_init
    startup.o(i.rtthread_startup) refers to object.o(i.rt_system_object_init) for rt_system_object_init
    startup.o(i.rtthread_startup) refers to timer.o(i.rt_system_timer_init) for rt_system_timer_init
[...]
    heap2.o(i._realloc$realtime) refers to h1_free.o(.text) for free
    heap2.o(i._realloc$realtime) refers to h1_alloc.o(.text) for malloc
    heap2.o(i._realloc$realtime) refers to fdtree.o(i._FDTree_Delete) for _FDTree_Delete
    heap2.o(i._realloc$realtime) refers to rt_memcpy_w.o(.text) for __aeabi_memcpy4
    heap2mt.o(i._FDIterate) refers to heap2mt.o(.conststring) for .conststring
    heap2mt.o(i.___Heap_Initialize$realtime$concurrent) refers to mutex_dummy.o(.text) for _mutex_initialize
    heap2mt.o(i.___Heap_ProvideMemory$realtime$concurrent) refers to fdtree.o(i._FDTree_Delete) for _FDTree_Delete
    heap2mt.o(i.___Heap_ProvideMemory$realtime$concurrent) refers to fdtree.o(i._FDTree_Insert) for _FDTree_Insert
    heap2mt.o(i.___Heap_Stats$realtime$concurrent) refers to heap2mt.o(i._Heap2_StatsIterate) for _Heap2_StatsIterate
    heap2mt.o(i.___Heap_Valid$realtime$concurrent) refers to heap2mt.o(i._FDIterate) for _FDIterate
    heap2mt.o(i.___Heap_Valid$realtime$concurrent) refers to heap2mt.o(.conststring) for .conststring
    heap2mt.o(i._free$realtime$concurrent) refers to rt_heap_descriptor_intlibspace.o(.text) for __rt_heap_descriptor
    heap2mt.o(i._free$realtime$concurrent) refers to fdtree.o(i._FDTree_Delete) for _FDTree_Delete
    heap2mt.o(i._free$realtime$concurrent) refers to fdtree.o(i._FDTree_Insert) for _FDTree_Insert
    heap2mt.o(i._malloc$realtime$concurrent) refers to rt_heap_descriptor_intlibspace.o(.text) for __rt_heap_descriptor
    heap2mt.o(i._malloc$realtime$concurrent) refers to fdtree.o(i._FDTree_FindFirst) for _FDTree_FindFirst
    heap2mt.o(i._malloc$realtime$concurrent) refers to init_alloc.o(.text) for __Heap_Full
    heap2mt.o(i._malloc$realtime$concurrent) refers to fdtree.o(i._FDTree_RemoveNode) for _FDTree_RemoveNode
    heap2mt.o(i._malloc$realtime$concurrent) refers to fdtree.o(i._FDTree_Insert) for _FDTree_Insert
    heap2mt.o(i._posix_memalign$realtime$concurrent) refers to rt_heap_descriptor_intlibspace.o(.text) for __rt_heap_descriptor
    heap2mt.o(i._posix_memalign$realtime$concurrent) refers to fdtree.o(i._FDTree_FindFirst) for _FDTree_FindFirst
    heap2mt.o(i._posix_memalign$realtime$concurrent) refers to init_alloc.o(.text) for __Heap_Full
    heap2mt.o(i._posix_memalign$realtime$concurrent) refers to fdtree.o(i._FDTree_RemoveNode) for _FDTree_RemoveNode
    heap2mt.o(i._posix_memalign$realtime$concurrent) refers to fdtree.o(i._FDTree_Insert) for _FDTree_Insert
    heap2mt.o(i._realloc$realtime$concurrent) refers to rt_heap_descriptor_intlibspace.o(.text) for __rt_heap_descriptor
    heap2mt.o(i._realloc$realtime$concurrent) refers to fdtree.o(i._FDTree_Insert) for _FDTree_Insert
    heap2mt.o(i._realloc$realtime$concurrent) refers to h1_free.o(.text) for free
    heap2mt.o(i._realloc$realtime$concurrent) refers to h1_alloc.o(.text) for malloc
    heap2mt.o(i._realloc$realtime$concurrent) refers to fdtree.o(i._FDTree_Delete) for _FDTree_Delete
    heap2mt.o(i._realloc$realtime$concurrent) refers to rt_memcpy_w.o(.text) for __aeabi_memcpy4
    atoi.o(.text) refers to rt_errno_addr_intlibspace.o(.text) for __aeabi_errno_addr
    atoi.o(.text) refers to strtol.o(.text) for strtol
    rt_memcpy_v6.o(.text) refers to rt_memcpy_w.o(.text) for __aeabi_memcpy4
    rt_memclr.o(.text) refers to rt_memclr_w.o(.text) for _memset_w
    strncpy.o(.text) refers to rt_memclr.o(.text) for __aeabi_memclr
    __main.o(!!!main) refers to __rtentry.o(.ARM.Collect$$rtentry$$00000000) for __rt_entry
    __rtentry.o(.ARM.Collect$$rtentry$$00000000) refers (Special) to __rtentry2.o(.ARM.Collect$$rtentry$$0000000A) for __rt_entry_li
    __rtentry.o(.ARM.Collect$$rtentry$$00000000) refers (Special) to __rtentry2.o(.ARM.Collect$$rtentry$$0000000D) for __rt_entry_main
    __rtentry.o(.ARM.Collect$$rtentry$$00000000) refers (Special) to __rtentry2.o(.ARM.Collect$$rtentry$$0000000C) for __rt_entry_postli_1
    __rtentry.o(.ARM.Collect$$rtentry$$00000000) refers (Special) to __rtentry2.o(.ARM.Collect$$rtentry$$00000009) for __rt_entry_postsh_1
    __rtentry.o(.ARM.Collect$$rtentry$$00000000) refers (Special) to __rtentry2.o(.ARM.Collect$$rtentry$$00000002) for __rt_entry_presh_1
    __rtentry.o(.ARM.Collect$$rtentry$$00000000) refers (Special) to __rtentry4.o(.ARM.Collect$$rtentry$$00000004) for __rt_entry_sh
    rt_heap_descriptor.o(.text) refers to rt_heap_descriptor.o(.bss) for __rt_heap_descriptor_data
    rt_heap_descriptor_intlibspace.o(.text) refers to libspace.o(.bss) for __libspace_start
    rt_errno_addr.o(.text) refers to rt_errno_addr.o(.bss) for __aeabi_errno_addr_data
    rt_errno_addr_intlibspace.o(.text) refers to libspace.o(.bss) for __libspace_start
    init_alloc.o(.text) refers (Special) to hguard.o(.text) for __heap$guard
    init_alloc.o(.text) refers (Special) to libinit2.o(.ARM.Collect$$libinit$$00000005) for __rt_lib_init_heap_2
    init_alloc.o(.text) refers (Special) to maybetermalloc1.o(.emb_text) for _maybe_terminate_alloc
    init_alloc.o(.text) refers to h1_extend.o(.text) for __Heap_ProvideMemory
    init_alloc.o(.text) refers to defsig_rtmem_outer.o(.text) for __rt_SIGRTMEM
    init_alloc.o(.text) refers to rt_heap_descriptor_intlibspace.o(.text) for __rt_heap_descriptor
    init_alloc.o(.text) refers to h1_init.o(.text) for __Heap_Initialize
    h1_init_mt.o(.text) refers to mutex_dummy.o(.text) for _mutex_initialize
    strtol.o(.text) refers to rt_ctype_table.o(.text) for __rt_ctype_table
    strtol.o(.text) refers to _strtoul.o(.text) for _strtoul
    strtol.o(.text) refers to rt_errno_addr_intlibspace.o(.text) for __aeabi_errno_addr
    _get_argv.o(.text) refers (Special) to hrguard.o(.text) for __heap_region$guard
    _get_argv.o(.text) refers to h1_alloc.o(.text) for malloc
    _get_argv.o(.text) refers to defsig_rtmem_outer.o(.text) for __rt_SIGRTMEM
    _get_argv.o(.text) refers to sys_command.o(.text) for _sys_command_string
    libinit2.o(.ARM.Collect$$libinit$$00000001) refers to fpinit.o(x$fpl$fpinit) for _fp_init
    libinit2.o(.ARM.Collect$$libinit$$00000005) refers (Weak) to init_alloc.o(.text) for _init_alloc
    libinit2.o(.ARM.Collect$$libinit$$0000000F) refers (Weak) to rt_locale_intlibspace.o(.text) for __rt_locale
    libinit2.o(.ARM.Collect$$libinit$$00000010) refers to libinit2.o(.ARM.Collect$$libinit$$0000000F) for .ARM.Collect$$libinit$$0000000F
    libinit2.o(.ARM.Collect$$libinit$$00000012) refers to libinit2.o(.ARM.Collect$$libinit$$0000000F) for .ARM.Collect$$libinit$$0000000F
    libinit2.o(.ARM.Collect$$libinit$$00000012) refers (Weak) to lc_ctype_c.o(locale$$code) for _get_lc_ctype
    libinit2.o(.ARM.Collect$$libinit$$00000014) refers to libinit2.o(.ARM.Collect$$libinit$$0000000F) for .ARM.Collect$$libinit$$0000000F
    libinit2.o(.ARM.Collect$$libinit$$00000016) refers to libinit2.o(.ARM.Collect$$libinit$$0000000F) for .ARM.Collect$$libinit$$0000000F
    libinit2.o(.ARM.Collect$$libinit$$00000018) refers to libinit2.o(.ARM.Collect$$libinit$$0000000F) for .ARM.Collect$$libinit$$0000000F
    libinit2.o(.ARM.Collect$$libinit$$00000026) refers to argv_veneer.o(.emb_text) for __ARM_argv_veneer
    libinit2.o(.ARM.Collect$$libinit$$00000027) refers to argv_veneer.o(.emb_text) for __ARM_argv_veneer
    sys_command.o(.text) refers (Special) to use_no_semi.o(.text) for __I$use$semihosting
    sys_command.o(.text) refers (Special) to indicate_semi.o(.text) for __semihosting_library_function
    libspace.o(.text) refers to libspace.o(.bss) for __libspace_start
    __rtentry2.o(.ARM.Collect$$rtentry$$00000008) refers to boardinit2.o(.text) for _platform_post_stackheap_init
    __rtentry2.o(.ARM.Collect$$rtentry$$0000000A) refers to libinit.o(.ARM.Collect$$libinit$$00000000) for __rt_lib_init
    __rtentry2.o(.ARM.Collect$$rtentry$$0000000B) refers to boardinit3.o(.text) for _platform_post_lib_init
    __rtentry2.o(.ARM.Collect$$rtentry$$0000000D) refers to startup.o(i.main) for main
    __rtentry2.o(.ARM.Collect$$rtentry$$0000000D) refers to exit.o(.text) for exit
    __rtentry2.o(.ARM.exidx) refers to __rtentry2.o(.ARM.Collect$$rtentry$$00000001) for .ARM.Collect$$rtentry$$00000001
    __rtentry2.o(.ARM.exidx) refers to __rtentry2.o(.ARM.Collect$$rtentry$$00000008) for .ARM.Collect$$rtentry$$00000008
    __rtentry2.o(.ARM.exidx) refers to __rtentry2.o(.ARM.Collect$$rtentry$$0000000A) for .ARM.Collect$$rtentry$$0000000A
    __rtentry2.o(.ARM.exidx) refers to __rtentry2.o(.ARM.Collect$$rtentry$$0000000B) for .ARM.Collect$$rtentry$$0000000B
    __rtentry2.o(.ARM.exidx) refers to __rtentry2.o(.ARM.Collect$$rtentry$$0000000D) for .ARM.Collect$$rtentry$$0000000D
    __rtentry4.o(.ARM.Collect$$rtentry$$00000004) refers to sys_stackheap_outer.o(.text) for __user_setup_stackheap
    __rtentry4.o(.ARM.exidx) refers to __rtentry4.o(.ARM.Collect$$rtentry$$00000004) for .ARM.Collect$$rtentry$$00000004
    rt_ctype_table.o(.text) refers to rt_locale_intlibspace.o(.text) for __rt_locale
    rt_ctype_table.o(.text) refers to lc_ctype_c.o(locale$$code) for _get_lc_ctype
    maybetermalloc2.o(.emb_text) refers (Special) to term_alloc.o(.text) for _terminate_alloc
    h1_extend.o(.text) refers to h1_free.o(.text) for free
    h1_extend_mt.o(.text) refers to h1_free_mt.o(.text) for _free_internal
    _strtoul.o(.text) refers to _chval.o(.text) for _chval
    _strtoul.o(.text) refers to rt_errno_addr_intlibspace.o(.text) for __aeabi_errno_addr
    defsig_rtmem_outer.o(.text) refers to defsig_rtmem_inner.o(.text) for __rt_SIGRTMEM_inner
    defsig_rtmem_outer.o(.text) refers to defsig_exit.o(.text) for __sig_exit
    defsig_rtmem_formal.o(.text) refers to rt_raise.o(.text) for __rt_raise
    heapauxa.o(.text) refers to heapauxa.o(.data) for .data
    argv_veneer.o(.emb_text) refers to no_argv.o(.text) for __ARM_get_argv
    sys_stackheap_outer.o(.text) refers to libspace.o(.text) for __user_perproc_libspace
    sys_stackheap_outer.o(.text) refers to startup_stm32f40_41xxx.o(.text) for __user_initial_stackheap
    rt_raise.o(.text) refers to __raise.o(.text) for __raise
    rt_raise.o(.text) refers to sys_exit.o(.text) for _sys_exit
    rt_locale.o(.text) refers to rt_locale.o(.bss) for __rt_locale_data
    rt_locale_intlibspace.o(.text) refers to libspace.o(.bss) for __libspace_start
    term_alloc.o(.text) refers (Special) to libshutdown2.o(.ARM.Collect$$libshutdown$$0000000E) for __rt_lib_shutdown_heap_2
    term_alloc.o(.text) refers to rt_heap_descriptor_intlibspace.o(.text) for __rt_heap_descriptor
    term_alloc.o(.text) refers to h1_final.o(.text) for __Heap_Finalize
    lc_ctype_c.o(locale$$data) refers (Special) to libinit2.o(.ARM.Collect$$libinit$$00000012) for __rt_lib_init_lc_ctype_2
    lc_ctype_c.o(locale$$code) refers (Special) to libinit2.o(.ARM.Collect$$libinit$$00000012) for __rt_lib_init_lc_ctype_2
    lc_ctype_c.o(locale$$code) refers to strcmpv7m.o(.text) for strcmp
    lc_ctype_c.o(locale$$code) refers to lc_ctype_c.o(locale$$data) for __lcctype_c_name
    exit.o(.text) refers to rtexit.o(.ARM.Collect$$rtexit$$00000000) for __rt_exit
    defsig_exit.o(.text) refers to sys_exit.o(.text) for _sys_exit
    defsig_rtmem_inner.o(.text) refers to defsig_general.o(.text) for __default_signal_display
    _get_argv_nomalloc.o(.text) refers (Special) to hrguard.o(.text) for __heap_region$guard
    _get_argv_nomalloc.o(.text) refers to defsig_rtmem_outer.o(.text) for __rt_SIGRTMEM
    _get_argv_nomalloc.o(.text) refers to sys_command.o(.text) for _sys_command_string
    libinit.o(.ARM.Collect$$libinit$$00000000) refers (Special) to libinit2.o(.ARM.Collect$$libinit$$0000002E) for __rt_lib_init_alloca_1
    libinit.o(.ARM.Collect$$libinit$$00000000) refers (Special) to libinit2.o(.ARM.Collect$$libinit$$0000002C) for __rt_lib_init_argv_1
    libinit.o(.ARM.Collect$$libinit$$00000000) refers (Special) to libinit2.o(.ARM.Collect$$libinit$$0000001B) for __rt_lib_init_atexit_1
    libinit.o(.ARM.Collect$$libinit$$00000000) refers (Special) to libinit2.o(.ARM.Collect$$libinit$$00000021) for __rt_lib_init_clock_1
    libinit.o(.ARM.Collect$$libinit$$00000000) refers (Special) to libinit2.o(.ARM.Collect$$libinit$$00000032) for __rt_lib_init_cpp_1
    libinit.o(.ARM.Collect$$libinit$$00000000) refers (Special) to libinit2.o(.ARM.Collect$$libinit$$00000030) for __rt_lib_init_exceptions_1
    libinit.o(.ARM.Collect$$libinit$$00000000) refers (Special) to libinit2.o(.ARM.Collect$$libinit$$00000001) for __rt_lib_init_fp_1
    libinit.o(.ARM.Collect$$libinit$$00000000) refers (Special) to libinit2.o(.ARM.Collect$$libinit$$0000001F) for __rt_lib_init_fp_trap_1
    libinit.o(.ARM.Collect$$libinit$$00000000) refers (Special) to libinit2.o(.ARM.Collect$$libinit$$00000023) for __rt_lib_init_getenv_1
    libinit.o(.ARM.Collect$$libinit$$00000000) refers (Special) to libinit2.o(.ARM.Collect$$libinit$$0000000A) for __rt_lib_init_heap_1
    libinit.o(.ARM.Collect$$libinit$$00000000) refers (Special) to libinit2.o(.ARM.Collect$$libinit$$00000011) for __rt_lib_init_lc_collate_1
    libinit.o(.ARM.Collect$$libinit$$00000000) refers (Special) to libinit2.o(.ARM.Collect$$libinit$$00000013) for __rt_lib_init_lc_ctype_1
    libinit.o(.ARM.Collect$$libinit$$00000000) refers (Special) to libinit2.o(.ARM.Collect$$libinit$$00000015) for __rt_lib_init_lc_monetary_1
    libinit.o(.ARM.Collect$$libinit$$00000000) refers (Special) to libinit2.o(.ARM.Collect$$libinit$$00000017) for __rt_lib_init_lc_numeric_1
    libinit.o(.ARM.Collect$$libinit$$00000000) refers (Special) to libinit2.o(.ARM.Collect$$libinit$$00000019) for __rt_lib_init_lc_time_1
    libinit.o(.ARM.Collect$$libinit$$00000000) refers (Special) to libinit2.o(.ARM.Collect$$libinit$$00000004) for __rt_lib_init_preinit_1
    libinit.o(.ARM.Collect$$libinit$$00000000) refers (Special) to libinit2.o(.ARM.Collect$$libinit$$0000000E) for __rt_lib_init_rand_1
    libinit.o(.ARM.Collect$$libinit$$00000000) refers (Special) to libinit2.o(.ARM.Collect$$libinit$$00000033) for __rt_lib_init_return
    libinit.o(.ARM.Collect$$libinit$$00000000) refers (Special) to libinit2.o(.ARM.Collect$$libinit$$0000001D) for __rt_lib_init_signal_1
    libinit.o(.ARM.Collect$$libinit$$00000000) refers (Special) to libinit2.o(.ARM.Collect$$libinit$$00000025) for __rt_lib_init_stdio_1
    libinit.o(.ARM.Collect$$libinit$$00000000) refers (Special) to libinit2.o(.ARM.Collect$$libinit$$0000000C) for __rt_lib_init_user_alloc_1
    sys_exit.o(.text) refers (Special) to use_no_semi.o(.text) for __I$use$semihosting
    sys_exit.o(.text) refers (Special) to indicate_semi.o(.text) for __semihosting_library_function
    rtexit.o(.ARM.Collect$$rtexit$$00000000) refers (Special) to rtexit2.o(.ARM.Collect$$rtexit$$00000004) for __rt_exit_exit
    rtexit.o(.ARM.Collect$$rtexit$$00000000) refers (Special) to rtexit2.o(.ARM.Collect$$rtexit$$00000003) for __rt_exit_ls
    rtexit.o(.ARM.Collect$$rtexit$$00000000) refers (Special) to rtexit2.o(.ARM.Collect$$rtexit$$00000002) for __rt_exit_prels_1
    rtexit.o(.ARM.exidx) refers (Special) to rtexit2.o(.ARM.Collect$$rtexit$$00000004) for __rt_exit_exit
    rtexit.o(.ARM.exidx) refers (Special) to rtexit2.o(.ARM.Collect$$rtexit$$00000003) for __rt_exit_ls
    rtexit.o(.ARM.exidx) refers (Special) to rtexit2.o(.ARM.Collect$$rtexit$$00000002) for __rt_exit_prels_1
    rtexit.o(.ARM.exidx) refers to rtexit.o(.ARM.Collect$$rtexit$$00000000) for .ARM.Collect$$rtexit$$00000000
    __raise.o(.text) refers to defsig.o(CL$$defsig) for __default_signal_handler
    defsig_general.o(.text) refers to sys_wrch.o(.text) for _ttywrch
    libshutdown2.o(.ARM.Collect$$libshutdown$$0000000D) refers (Weak) to term_alloc.o(.text) for _terminate_alloc
    sys_wrch.o(.text) refers (Special) to use_no_semi.o(.text) for __I$use$semihosting
    sys_wrch.o(.text) refers (Special) to indicate_semi.o(.text) for __semihosting_library_function
    rtexit2.o(.ARM.Collect$$rtexit$$00000003) refers to libshutdown.o(.ARM.Collect$$libshutdown$$00000000) for __rt_lib_shutdown
    rtexit2.o(.ARM.Collect$$rtexit$$00000004) refers to sys_exit.o(.text) for _sys_exit
    rtexit2.o(.ARM.exidx) refers to rtexit2.o(.ARM.Collect$$rtexit$$00000001) for .ARM.Collect$$rtexit$$00000001
    rtexit2.o(.ARM.exidx) refers to rtexit2.o(.ARM.Collect$$rtexit$$00000003) for .ARM.Collect$$rtexit$$00000003
    rtexit2.o(.ARM.exidx) refers to rtexit2.o(.ARM.Collect$$rtexit$$00000004) for .ARM.Collect$$rtexit$$00000004
    defsig.o(CL$$defsig) refers to defsig_rtmem_inner.o(.text) for __rt_SIGRTMEM_inner
    defsig_abrt_inner.o(.text) refers to defsig_general.o(.text) for __default_signal_display
    defsig_fpe_inner.o(.text) refers to defsig_general.o(.text) for __default_signal_display
    defsig_rtred_inner.o(.text) refers to defsig_general.o(.text) for __default_signal_display
    defsig_stak_inner.o(.text) refers to defsig_general.o(.text) for __default_signal_display
    defsig_pvfn_inner.o(.text) refers to defsig_general.o(.text) for __default_signal_display
    defsig_cppl_inner.o(.text) refers to defsig_general.o(.text) for __default_signal_display
    defsig_segv_inner.o(.text) refers to defsig_general.o(.text) for __default_signal_display
    defsig_other.o(.text) refers to defsig_general.o(.text) for __default_signal_display
    libshutdown.o(.ARM.Collect$$libshutdown$$00000000) refers (Special) to libshutdown2.o(.ARM.Collect$$libshutdown$$00000002) for __rt_lib_shutdown_cpp_1
    libshutdown.o(.ARM.Collect$$libshutdown$$00000000) refers (Special) to libshutdown2.o(.ARM.Collect$$libshutdown$$00000007) for __rt_lib_shutdown_fp_trap_1
    libshutdown.o(.ARM.Collect$$libshutdown$$00000000) refers (Special) to libshutdown2.o(.ARM.Collect$$libshutdown$$0000000F) for __rt_lib_shutdown_heap_1
    libshutdown.o(.ARM.Collect$$libshutdown$$00000000) refers (Special) to libshutdown2.o(.ARM.Collect$$libshutdown$$00000010) for __rt_lib_shutdown_return
    libshutdown.o(.ARM.Collect$$libshutdown$$00000000) refers (Special) to libshutdown2.o(.ARM.Collect$$libshutdown$$0000000A) for __rt_lib_shutdown_signal_1
    libshutdown.o(.ARM.Collect$$libshutdown$$00000000) refers (Special) to libshutdown2.o(.ARM.Collect$$libshutdown$$00000004) for __rt_lib_shutdown_stdio_1
    libshutdown.o(.ARM.Collect$$libshutdown$$00000000) refers (Special) to libshutdown2.o(.ARM.Collect$$libshutdown$$0000000C) for __rt_lib_shutdown_user_alloc_1


==============================================================================

Removing Unused input sections from the image.

    Removing led.o(.rev16_text), (4 bytes).
    Removing led.o(.revsh_text), (4 bytes).
    Removing led.o(.rrx_text), (6 bytes).
    Removing lcd_test.o(.rev16_text), (4 bytes).
    Removing lcd_test.o(.revsh_text), (4 bytes).
    Removing lcd_test.o(.rrx_text), (6 bytes).
    Removing application.o(.rev16_text), (4 bytes).
    Removing application.o(.revsh_text), (4 bytes).
    Removing application.o(.rrx_text), (6 bytes).
    Removing startup.o(.rev16_text), (4 bytes).
    Removing startup.o(.revsh_text), (4 bytes).
    Removing startup.o(.rrx_text), (6 bytes).
    Removing startup.o(i.assert_failed), (112 bytes).
    Removing delay.o(.rev16_text), (4 bytes).
    Removing delay.o(.revsh_text), (4 bytes).
    Removing delay.o(.rrx_text), (6 bytes).
    Removing queue.o(.rev16_text), (4 bytes).
    Removing queue.o(.revsh_text), (4 bytes).
    Removing queue.o(.rrx_text), (6 bytes).
    Removing queue.o(i.dequeue), (80 bytes).
    Removing queue.o(i.enqueue), (102 bytes).
    Removing queue.o(i.queue_init), (28 bytes).
    Removing queue.o(i.queue_is_empty), (14 bytes).
    Removing queue.o(i.queue_is_full), (16 bytes).
    Removing queue.o(i.queue_item_count), (8 bytes).
    Removing main_task.o(.rev16_text), (4 bytes).
    Removing main_task.o(.revsh_text), (4 bytes).
    Removing main_task.o(.rrx_text), (6 bytes).
    Removing main_task.o(.conststring), (69 bytes).
    Removing main_task.o(.data), (36 bytes).
    Removing board.o(.rev16_text), (4 bytes).
    Removing board.o(.revsh_text), (4 bytes).
    Removing board.o(.rrx_text), (6 bytes).
    Removing usart.o(.rev16_text), (4 bytes).
    Removing usart.o(.revsh_text), (4 bytes).
    Removing usart.o(.rrx_text), (6 bytes).
    Removing usart.o(.rti_fn.1), (8 bytes).
    Removing iic.o(.rev16_text), (4 bytes).
    Removing iic.o(.revsh_text), (4 bytes).
    Removing iic.o(.rrx_text), (6 bytes).
    Removing spi_hard.o(.rev16_text), (4 bytes).
    Removing spi_hard.o(.revsh_text), (4 bytes).
    Removing spi_hard.o(.rrx_text), (6 bytes).
    Removing spi_hard.o(.constdata), (15 bytes).
    Removing spi_hard.o(.rti_fn.1), (8 bytes).
    Removing lcd_fsmc.o(.rev16_text), (4 bytes).
    Removing lcd_fsmc.o(.revsh_text), (4 bytes).
    Removing lcd_fsmc.o(.rrx_text), (6 bytes).
    Removing lcd_fsmc.o(i.lcd_read_data), (16 bytes).
    Removing lcd_fsmc.o(i.lcd_read_id), (68 bytes).
    Removing lcd_fsmc.o(i.lcd_read_reg), (18 bytes).
    Removing lcd_fsmc.o(i.lcd_wr_reg), (12 bytes).
    Removing pwm.o(.rev16_text), (4 bytes).
    Removing pwm.o(.revsh_text), (4 bytes).
    Removing pwm.o(.rrx_text), (6 bytes).
    Removing sram.o(.rev16_text), (4 bytes).
    Removing sram.o(.revsh_text), (4 bytes).
    Removing sram.o(.rrx_text), (6 bytes).
    Removing touch_ft6306.o(.rev16_text), (4 bytes).
    Removing touch_ft6306.o(.revsh_text), (4 bytes).
    Removing touch_ft6306.o(.rrx_text), (6 bytes).
    Removing touch_ft6306.o(i.ct_read_reg_one), (82 bytes).
    Removing touch_ft6306.o(i.ct_write_reg), (102 bytes).
    Removing touch_ft6306.o(i.ct_write_reg_one), (68 bytes).
    Removing w25qxx.o(.rev16_text), (4 bytes).
    Removing w25qxx.o(.revsh_text), (4 bytes).
    Removing w25qxx.o(.rrx_text), (6 bytes).
    Removing rfid_rc522.o(.rev16_text), (4 bytes).
    Removing rfid_rc522.o(.revsh_text), (4 bytes).
    Removing rfid_rc522.o(.rrx_text), (6 bytes).
    Removing rfid_rc522.o(i.calulate_crc), (122 bytes).
    Removing rfid_rc522.o(i.clear_bit_mask), (38 bytes).
    Removing rfid_rc522.o(i.pcd_antenna_off), (12 bytes).
    Removing rfid_rc522.o(i.pcd_antenna_on), (34 bytes).
    Removing rfid_rc522.o(i.pcd_anticoll), (116 bytes).
    Removing rfid_rc522.o(i.pcd_auth_state), (116 bytes).
    Removing rfid_rc522.o(i.pcd_com_mf522), (394 bytes).
    Removing rfid_rc522.o(i.pcd_halt), (50 bytes).
    Removing rfid_rc522.o(i.pcd_read), (98 bytes).
    Removing rfid_rc522.o(i.pcd_request), (90 bytes).
    Removing rfid_rc522.o(i.pcd_select), (116 bytes).
    Removing rfid_rc522.o(i.pcd_write), (160 bytes).
    Removing rfid_rc522.o(i.rc522_close), (6 bytes).
    Removing rfid_rc522.o(i.rc522_control), (232 bytes).
    Removing rfid_rc522.o(i.rc522_gpio_config), (60 bytes).
    Removing rfid_rc522.o(i.rc522_init), (40 bytes).
    Removing rfid_rc522.o(i.rc522_init_config), (292 bytes).
    Removing rfid_rc522.o(i.rc522_open), (6 bytes).
    Removing rfid_rc522.o(i.rc522_read), (52 bytes).
    Removing rfid_rc522.o(i.rc522_reset), (200 bytes).
    Removing rfid_rc522.o(i.rc522_write), (54 bytes).
    Removing rfid_rc522.o(i.read_raw_rc), (48 bytes).
    Removing rfid_rc522.o(i.rfid_lock), (18 bytes).
    Removing rfid_rc522.o(i.rfid_unlock), (14 bytes).
    Removing rfid_rc522.o(i.set_bit_mask), (38 bytes).
    Removing rfid_rc522.o(i.write_raw_rc), (44 bytes).
    Removing rfid_rc522.o(.bss), (124 bytes).
    Removing rfid_rc522.o(.constdata), (14 bytes).
    Removing sp3485.o(.rev16_text), (4 bytes).
    Removing sp3485.o(.revsh_text), (4 bytes).
    Removing sp3485.o(.rrx_text), (6 bytes).
    Removing sp3485.o(i.sp3485_busy), (28 bytes).
    Removing sp3485.o(i.sp3485_busy_gpio_config), (88 bytes).
    Removing sp3485.o(i.sp3485_close), (144 bytes).
    Removing sp3485.o(i.sp3485_control), (4 bytes).
    Removing sp3485.o(i.sp3485_get_rev_status), (108 bytes).
    Removing sp3485.o(i.sp3485_init), (24 bytes).
    Removing sp3485.o(i.sp3485_input), (24 bytes).
    Removing sp3485.o(i.sp3485_open), (412 bytes).
    Removing sp3485.o(i.sp3485_rev_data), (100 bytes).
    Removing sp3485.o(i.sp3485_send_data), (172 bytes).
    Removing sp3485.o(.constdata), (16 bytes).
    Removing sp3485.o(.data), (12 bytes).
    Removing fingerprint.o(.rev16_text), (4 bytes).
    Removing fingerprint.o(.revsh_text), (4 bytes).
    Removing fingerprint.o(.rrx_text), (6 bytes).
    Removing fingerprint.o(i.fingerprint_close), (144 bytes).
    Removing fingerprint.o(i.fingerprint_control), (4 bytes).
    Removing fingerprint.o(i.fingerprint_get_rev_status), (116 bytes).
    Removing fingerprint.o(i.fingerprint_input), (24 bytes).
    Removing fingerprint.o(i.fingerprint_open), (428 bytes).
    Removing fingerprint.o(i.fingerprint_rev_data), (124 bytes).
    Removing fingerprint.o(i.fingerprint_send_data), (164 bytes).
    Removing fingerprint.o(.constdata), (21 bytes).
    Removing fingerprint.o(.data), (12 bytes).
    Removing misc.o(.rev16_text), (4 bytes).
    Removing misc.o(.revsh_text), (4 bytes).
    Removing misc.o(.rrx_text), (6 bytes).
    Removing misc.o(i.NVIC_SystemLPConfig), (32 bytes).
    Removing stm32f4xx_gpio.o(.rev16_text), (4 bytes).
    Removing stm32f4xx_gpio.o(.revsh_text), (4 bytes).
    Removing stm32f4xx_gpio.o(.rrx_text), (6 bytes).
    Removing stm32f4xx_gpio.o(i.GPIO_DeInit), (312 bytes).
    Removing stm32f4xx_gpio.o(i.GPIO_PinLockConfig), (34 bytes).
    Removing stm32f4xx_gpio.o(i.GPIO_ReadInputData), (8 bytes).
    Removing stm32f4xx_gpio.o(i.GPIO_ReadOutputData), (8 bytes).
    Removing stm32f4xx_gpio.o(i.GPIO_ReadOutputDataBit), (18 bytes).
    Removing stm32f4xx_gpio.o(i.GPIO_StructInit), (18 bytes).
    Removing stm32f4xx_gpio.o(i.GPIO_ToggleBits), (8 bytes).
    Removing stm32f4xx_gpio.o(i.GPIO_Write), (4 bytes).
    Removing stm32f4xx_gpio.o(i.GPIO_WriteBit), (10 bytes).
    Removing stm32f4xx_rcc.o(.rev16_text), (4 bytes).
    Removing stm32f4xx_rcc.o(.revsh_text), (4 bytes).
    Removing stm32f4xx_rcc.o(.rrx_text), (6 bytes).
    Removing stm32f4xx_rcc.o(i.RCC_AHB1PeriphClockLPModeCmd), (32 bytes).
    Removing stm32f4xx_rcc.o(i.RCC_AHB1PeriphResetCmd), (32 bytes).
    Removing stm32f4xx_rcc.o(i.RCC_AHB2PeriphClockCmd), (32 bytes).
    Removing stm32f4xx_rcc.o(i.RCC_AHB2PeriphClockLPModeCmd), (32 bytes).
    Removing stm32f4xx_rcc.o(i.RCC_AHB2PeriphResetCmd), (32 bytes).
    Removing stm32f4xx_rcc.o(i.RCC_AHB3PeriphClockLPModeCmd), (32 bytes).
    Removing stm32f4xx_rcc.o(i.RCC_AHB3PeriphResetCmd), (32 bytes).
    Removing stm32f4xx_rcc.o(i.RCC_APB1PeriphClockLPModeCmd), (32 bytes).
    Removing stm32f4xx_rcc.o(i.RCC_APB2PeriphClockLPModeCmd), (32 bytes).
    Removing stm32f4xx_rcc.o(i.RCC_AdjustHSICalibrationValue), (24 bytes).
    Removing stm32f4xx_rcc.o(i.RCC_BackupResetCmd), (12 bytes).
    Removing stm32f4xx_rcc.o(i.RCC_ClearFlag), (20 bytes).
    Removing stm32f4xx_rcc.o(i.RCC_ClearITPendingBit), (12 bytes).
    Removing stm32f4xx_rcc.o(i.RCC_ClockSecuritySystemCmd), (12 bytes).
    Removing stm32f4xx_rcc.o(i.RCC_DeInit), (100 bytes).
    Removing stm32f4xx_rcc.o(i.RCC_GetFlagStatus), (64 bytes).
    Removing stm32f4xx_rcc.o(i.RCC_GetITStatus), (24 bytes).
    Removing stm32f4xx_rcc.o(i.RCC_GetSYSCLKSource), (16 bytes).
    Removing stm32f4xx_rcc.o(i.RCC_HCLKConfig), (24 bytes).
    Removing stm32f4xx_rcc.o(i.RCC_HSEConfig), (16 bytes).
    Removing stm32f4xx_rcc.o(i.RCC_HSICmd), (12 bytes).
    Removing stm32f4xx_rcc.o(i.RCC_I2SCLKConfig), (12 bytes).
    Removing stm32f4xx_rcc.o(i.RCC_ITConfig), (32 bytes).
    Removing stm32f4xx_rcc.o(i.RCC_LSEConfig), (44 bytes).
    Removing stm32f4xx_rcc.o(i.RCC_LSEModeConfig), (36 bytes).
    Removing stm32f4xx_rcc.o(i.RCC_LSICmd), (12 bytes).
    Removing stm32f4xx_rcc.o(i.RCC_LTDCCLKDivConfig), (24 bytes).
    Removing stm32f4xx_rcc.o(i.RCC_MCO1Config), (28 bytes).
    Removing stm32f4xx_rcc.o(i.RCC_MCO2Config), (28 bytes).
    Removing stm32f4xx_rcc.o(i.RCC_PCLK1Config), (24 bytes).
    Removing stm32f4xx_rcc.o(i.RCC_PCLK2Config), (24 bytes).
    Removing stm32f4xx_rcc.o(i.RCC_PLLCmd), (12 bytes).
    Removing stm32f4xx_rcc.o(i.RCC_PLLConfig), (36 bytes).
    Removing stm32f4xx_rcc.o(i.RCC_PLLI2SCmd), (12 bytes).
    Removing stm32f4xx_rcc.o(i.RCC_PLLI2SConfig), (16 bytes).
    Removing stm32f4xx_rcc.o(i.RCC_PLLSAICmd), (12 bytes).
    Removing stm32f4xx_rcc.o(i.RCC_PLLSAIConfig), (24 bytes).
    Removing stm32f4xx_rcc.o(i.RCC_RTCCLKCmd), (12 bytes).
    Removing stm32f4xx_rcc.o(i.RCC_RTCCLKConfig), (60 bytes).
    Removing stm32f4xx_rcc.o(i.RCC_SAIBlockACLKConfig), (24 bytes).
    Removing stm32f4xx_rcc.o(i.RCC_SAIBlockBCLKConfig), (24 bytes).
    Removing stm32f4xx_rcc.o(i.RCC_SAIPLLI2SClkDivConfig), (28 bytes).
    Removing stm32f4xx_rcc.o(i.RCC_SAIPLLSAIClkDivConfig), (28 bytes).
    Removing stm32f4xx_rcc.o(i.RCC_SYSCLKConfig), (24 bytes).
    Removing stm32f4xx_rcc.o(i.RCC_TIMCLKPresConfig), (12 bytes).
    Removing stm32f4xx_rcc.o(i.RCC_WaitForHSEStartUp), (56 bytes).
    Removing stm32f4xx_rtc.o(.rev16_text), (4 bytes).
    Removing stm32f4xx_rtc.o(.revsh_text), (4 bytes).
    Removing stm32f4xx_rtc.o(.rrx_text), (6 bytes).
    Removing stm32f4xx_rtc.o(i.RTC_AlarmCmd), (116 bytes).
    Removing stm32f4xx_rtc.o(i.RTC_AlarmStructInit), (22 bytes).
    Removing stm32f4xx_rtc.o(i.RTC_AlarmSubSecondConfig), (52 bytes).
    Removing stm32f4xx_rtc.o(i.RTC_Bcd2ToByte), (22 bytes).
    Removing stm32f4xx_rtc.o(i.RTC_BypassShadowCmd), (60 bytes).
    Removing stm32f4xx_rtc.o(i.RTC_ByteToBcd2), (28 bytes).
    Removing stm32f4xx_rtc.o(i.RTC_CalibOutputCmd), (60 bytes).
    Removing stm32f4xx_rtc.o(i.RTC_CalibOutputConfig), (48 bytes).
    Removing stm32f4xx_rtc.o(i.RTC_ClearFlag), (28 bytes).
    Removing stm32f4xx_rtc.o(i.RTC_ClearITPendingBit), (32 bytes).
    Removing stm32f4xx_rtc.o(i.RTC_CoarseCalibCmd), (80 bytes).
    Removing stm32f4xx_rtc.o(i.RTC_CoarseCalibConfig), (56 bytes).
    Removing stm32f4xx_rtc.o(i.RTC_DateStructInit), (14 bytes).
    Removing stm32f4xx_rtc.o(i.RTC_DayLightSavingConfig), (56 bytes).
    Removing stm32f4xx_rtc.o(i.RTC_DeInit), (212 bytes).
    Removing stm32f4xx_rtc.o(i.RTC_EnterInitMode), (80 bytes).
    Removing stm32f4xx_rtc.o(i.RTC_ExitInitMode), (20 bytes).
    Removing stm32f4xx_rtc.o(i.RTC_GetAlarm), (116 bytes).
    Removing stm32f4xx_rtc.o(i.RTC_GetAlarmSubSecond), (36 bytes).
    Removing stm32f4xx_rtc.o(i.RTC_GetDate), (76 bytes).
    Removing stm32f4xx_rtc.o(i.RTC_GetFlagStatus), (40 bytes).
    Removing stm32f4xx_rtc.o(i.RTC_GetITStatus), (68 bytes).
    Removing stm32f4xx_rtc.o(i.RTC_GetStoreOperation), (16 bytes).
    Removing stm32f4xx_rtc.o(i.RTC_GetSubSecond), (20 bytes).
    Removing stm32f4xx_rtc.o(i.RTC_GetTime), (80 bytes).
    Removing stm32f4xx_rtc.o(i.RTC_GetTimeStamp), (156 bytes).
    Removing stm32f4xx_rtc.o(i.RTC_GetTimeStampSubSecond), (12 bytes).
    Removing stm32f4xx_rtc.o(i.RTC_GetWakeUpCounter), (12 bytes).
    Removing stm32f4xx_rtc.o(i.RTC_ITConfig), (100 bytes).
    Removing stm32f4xx_rtc.o(i.RTC_Init), (100 bytes).
    Removing stm32f4xx_rtc.o(i.RTC_OutputConfig), (56 bytes).
    Removing stm32f4xx_rtc.o(i.RTC_OutputTypeConfig), (28 bytes).
    Removing stm32f4xx_rtc.o(i.RTC_ReadBackupRegister), (32 bytes).
    Removing stm32f4xx_rtc.o(i.RTC_RefClockCmd), (80 bytes).
    Removing stm32f4xx_rtc.o(i.RTC_SetAlarm), (236 bytes).
    Removing stm32f4xx_rtc.o(i.RTC_SetDate), (200 bytes).
    Removing stm32f4xx_rtc.o(i.RTC_SetTime), (208 bytes).
    Removing stm32f4xx_rtc.o(i.RTC_SetWakeUpCounter), (28 bytes).
    Removing stm32f4xx_rtc.o(i.RTC_SmoothCalibConfig), (96 bytes).
    Removing stm32f4xx_rtc.o(i.RTC_StructInit), (14 bytes).
    Removing stm32f4xx_rtc.o(i.RTC_SynchroShiftConfig), (124 bytes).
    Removing stm32f4xx_rtc.o(i.RTC_TamperCmd), (32 bytes).
    Removing stm32f4xx_rtc.o(i.RTC_TamperFilterConfig), (28 bytes).
    Removing stm32f4xx_rtc.o(i.RTC_TamperPinSelection), (28 bytes).
    Removing stm32f4xx_rtc.o(i.RTC_TamperPinsPrechargeDuration), (28 bytes).
    Removing stm32f4xx_rtc.o(i.RTC_TamperPullUpCmd), (36 bytes).
    Removing stm32f4xx_rtc.o(i.RTC_TamperSamplingFreqConfig), (28 bytes).
    Removing stm32f4xx_rtc.o(i.RTC_TamperTriggerConfig), (36 bytes).
    Removing stm32f4xx_rtc.o(i.RTC_TimeStampCmd), (56 bytes).
    Removing stm32f4xx_rtc.o(i.RTC_TimeStampOnTamperDetectionCmd), (36 bytes).
    Removing stm32f4xx_rtc.o(i.RTC_TimeStampPinSelection), (28 bytes).
    Removing stm32f4xx_rtc.o(i.RTC_TimeStructInit), (12 bytes).
    Removing stm32f4xx_rtc.o(i.RTC_WaitForSynchro), (96 bytes).
    Removing stm32f4xx_rtc.o(i.RTC_WakeUpClockConfig), (48 bytes).
    Removing stm32f4xx_rtc.o(i.RTC_WakeUpCmd), (120 bytes).
    Removing stm32f4xx_rtc.o(i.RTC_WriteBackupRegister), (28 bytes).
    Removing stm32f4xx_rtc.o(i.RTC_WriteProtectionCmd), (28 bytes).
    Removing stm32f4xx_tim.o(.rev16_text), (4 bytes).
    Removing stm32f4xx_tim.o(.revsh_text), (4 bytes).
    Removing stm32f4xx_tim.o(.rrx_text), (6 bytes).
    Removing stm32f4xx_tim.o(i.TI1_Config), (58 bytes).
    Removing stm32f4xx_tim.o(i.TI2_Config), (80 bytes).
    Removing stm32f4xx_tim.o(i.TI3_Config), (72 bytes).
    Removing stm32f4xx_tim.o(i.TI4_Config), (80 bytes).
    Removing stm32f4xx_tim.o(i.TIM_BDTRConfig), (32 bytes).
    Removing stm32f4xx_tim.o(i.TIM_BDTRStructInit), (18 bytes).
    Removing stm32f4xx_tim.o(i.TIM_CCPreloadControl), (24 bytes).
    Removing stm32f4xx_tim.o(i.TIM_CCxCmd), (30 bytes).
    Removing stm32f4xx_tim.o(i.TIM_CCxNCmd), (30 bytes).
    Removing stm32f4xx_tim.o(i.TIM_ClearFlag), (6 bytes).
    Removing stm32f4xx_tim.o(i.TIM_ClearITPendingBit), (6 bytes).
    Removing stm32f4xx_tim.o(i.TIM_ClearOC1Ref), (18 bytes).
    Removing stm32f4xx_tim.o(i.TIM_ClearOC2Ref), (24 bytes).
    Removing stm32f4xx_tim.o(i.TIM_ClearOC3Ref), (18 bytes).
    Removing stm32f4xx_tim.o(i.TIM_ClearOC4Ref), (24 bytes).
    Removing stm32f4xx_tim.o(i.TIM_CounterModeConfig), (18 bytes).
    Removing stm32f4xx_tim.o(i.TIM_DMACmd), (18 bytes).
    Removing stm32f4xx_tim.o(i.TIM_DMAConfig), (10 bytes).
    Removing stm32f4xx_tim.o(i.TIM_DeInit), (400 bytes).
    Removing stm32f4xx_tim.o(i.TIM_ETRClockMode1Config), (54 bytes).
    Removing stm32f4xx_tim.o(i.TIM_ETRClockMode2Config), (32 bytes).
    Removing stm32f4xx_tim.o(i.TIM_ETRConfig), (28 bytes).
    Removing stm32f4xx_tim.o(i.TIM_EncoderInterfaceConfig), (66 bytes).
    Removing stm32f4xx_tim.o(i.TIM_ForcedOC1Config), (18 bytes).
    Removing stm32f4xx_tim.o(i.TIM_ForcedOC2Config), (26 bytes).
    Removing stm32f4xx_tim.o(i.TIM_ForcedOC3Config), (18 bytes).
    Removing stm32f4xx_tim.o(i.TIM_ForcedOC4Config), (26 bytes).
    Removing stm32f4xx_tim.o(i.TIM_GenerateEvent), (4 bytes).
    Removing stm32f4xx_tim.o(i.TIM_GetCapture1), (6 bytes).
    Removing stm32f4xx_tim.o(i.TIM_GetCapture2), (6 bytes).
    Removing stm32f4xx_tim.o(i.TIM_GetCapture3), (6 bytes).
    Removing stm32f4xx_tim.o(i.TIM_GetCapture4), (6 bytes).
    Removing stm32f4xx_tim.o(i.TIM_GetCounter), (6 bytes).
    Removing stm32f4xx_tim.o(i.TIM_GetFlagStatus), (18 bytes).
    Removing stm32f4xx_tim.o(i.TIM_GetITStatus), (34 bytes).
    Removing stm32f4xx_tim.o(i.TIM_GetPrescaler), (6 bytes).
    Removing stm32f4xx_tim.o(i.TIM_ICInit), (110 bytes).
    Removing stm32f4xx_tim.o(i.TIM_ICStructInit), (18 bytes).
    Removing stm32f4xx_tim.o(i.TIM_ITConfig), (18 bytes).
    Removing stm32f4xx_tim.o(i.TIM_ITRxExternalClockConfig), (24 bytes).
    Removing stm32f4xx_tim.o(i.TIM_InternalClockConfig), (12 bytes).
    Removing stm32f4xx_tim.o(i.TIM_OC1FastConfig), (18 bytes).
    Removing stm32f4xx_tim.o(i.TIM_OC1Init), (124 bytes).
    Removing stm32f4xx_tim.o(i.TIM_OC1NPolarityConfig), (18 bytes).
    Removing stm32f4xx_tim.o(i.TIM_OC1PolarityConfig), (18 bytes).
    Removing stm32f4xx_tim.o(i.TIM_OC1PreloadConfig), (18 bytes).
    Removing stm32f4xx_tim.o(i.TIM_OC2FastConfig), (26 bytes).
    Removing stm32f4xx_tim.o(i.TIM_OC2Init), (164 bytes).
    Removing stm32f4xx_tim.o(i.TIM_OC2NPolarityConfig), (26 bytes).
    Removing stm32f4xx_tim.o(i.TIM_OC2PolarityConfig), (26 bytes).
    Removing stm32f4xx_tim.o(i.TIM_OC2PreloadConfig), (26 bytes).
    Removing stm32f4xx_tim.o(i.TIM_OC3FastConfig), (18 bytes).
    Removing stm32f4xx_tim.o(i.TIM_OC3Init), (160 bytes).
    Removing stm32f4xx_tim.o(i.TIM_OC3NPolarityConfig), (26 bytes).
    Removing stm32f4xx_tim.o(i.TIM_OC3PolarityConfig), (26 bytes).
    Removing stm32f4xx_tim.o(i.TIM_OC3PreloadConfig), (18 bytes).
    Removing stm32f4xx_tim.o(i.TIM_OC4FastConfig), (26 bytes).
    Removing stm32f4xx_tim.o(i.TIM_OC4PolarityConfig), (26 bytes).
    Removing stm32f4xx_tim.o(i.TIM_OCStructInit), (20 bytes).
    Removing stm32f4xx_tim.o(i.TIM_PWMIConfig), (124 bytes).
    Removing stm32f4xx_tim.o(i.TIM_PrescalerConfig), (6 bytes).
    Removing stm32f4xx_tim.o(i.TIM_RemapConfig), (6 bytes).
    Removing stm32f4xx_tim.o(i.TIM_SelectCCDMA), (24 bytes).
    Removing stm32f4xx_tim.o(i.TIM_SelectCOM), (24 bytes).
    Removing stm32f4xx_tim.o(i.TIM_SelectHallSensor), (24 bytes).
    Removing stm32f4xx_tim.o(i.TIM_SelectInputTrigger), (18 bytes).
    Removing stm32f4xx_tim.o(i.TIM_SelectMasterSlaveMode), (18 bytes).
    Removing stm32f4xx_tim.o(i.TIM_SelectOCxM), (86 bytes).
    Removing stm32f4xx_tim.o(i.TIM_SelectOnePulseMode), (18 bytes).
    Removing stm32f4xx_tim.o(i.TIM_SelectOutputTrigger), (18 bytes).
    Removing stm32f4xx_tim.o(i.TIM_SelectSlaveMode), (18 bytes).
    Removing stm32f4xx_tim.o(i.TIM_SetAutoreload), (4 bytes).
    Removing stm32f4xx_tim.o(i.TIM_SetClockDivision), (18 bytes).
    Removing stm32f4xx_tim.o(i.TIM_SetCompare1), (4 bytes).
    Removing stm32f4xx_tim.o(i.TIM_SetCompare2), (4 bytes).
    Removing stm32f4xx_tim.o(i.TIM_SetCompare3), (4 bytes).
    Removing stm32f4xx_tim.o(i.TIM_SetCounter), (4 bytes).
    Removing stm32f4xx_tim.o(i.TIM_SetIC1Prescaler), (18 bytes).
    Removing stm32f4xx_tim.o(i.TIM_SetIC2Prescaler), (26 bytes).
    Removing stm32f4xx_tim.o(i.TIM_SetIC3Prescaler), (18 bytes).
    Removing stm32f4xx_tim.o(i.TIM_SetIC4Prescaler), (26 bytes).
    Removing stm32f4xx_tim.o(i.TIM_TIxExternalClockConfig), (62 bytes).
    Removing stm32f4xx_tim.o(i.TIM_TimeBaseStructInit), (18 bytes).
    Removing stm32f4xx_tim.o(i.TIM_UpdateDisableConfig), (24 bytes).
    Removing stm32f4xx_tim.o(i.TIM_UpdateRequestConfig), (24 bytes).
    Removing stm32f4xx_usart.o(.rev16_text), (4 bytes).
    Removing stm32f4xx_usart.o(.revsh_text), (4 bytes).
    Removing stm32f4xx_usart.o(.rrx_text), (6 bytes).
    Removing stm32f4xx_usart.o(i.USART_ClockInit), (32 bytes).
    Removing stm32f4xx_usart.o(i.USART_ClockStructInit), (12 bytes).
    Removing stm32f4xx_usart.o(i.USART_DeInit), (240 bytes).
    Removing stm32f4xx_usart.o(i.USART_HalfDuplexCmd), (24 bytes).
    Removing stm32f4xx_usart.o(i.USART_IrDACmd), (24 bytes).
    Removing stm32f4xx_usart.o(i.USART_IrDAConfig), (18 bytes).
    Removing stm32f4xx_usart.o(i.USART_LINBreakDetectLengthConfig), (18 bytes).
    Removing stm32f4xx_usart.o(i.USART_LINCmd), (24 bytes).
    Removing stm32f4xx_usart.o(i.USART_OneBitMethodCmd), (24 bytes).
    Removing stm32f4xx_usart.o(i.USART_OverSampling8Cmd), (22 bytes).
    Removing stm32f4xx_usart.o(i.USART_ReceiverWakeUpCmd), (24 bytes).
    Removing stm32f4xx_usart.o(i.USART_SendBreak), (10 bytes).
    Removing stm32f4xx_usart.o(i.USART_SendData), (8 bytes).
    Removing stm32f4xx_usart.o(i.USART_SetAddress), (18 bytes).
    Removing stm32f4xx_usart.o(i.USART_SetGuardTime), (16 bytes).
    Removing stm32f4xx_usart.o(i.USART_SetPrescaler), (16 bytes).
    Removing stm32f4xx_usart.o(i.USART_SmartCardCmd), (24 bytes).
    Removing stm32f4xx_usart.o(i.USART_SmartCardNACKCmd), (24 bytes).
    Removing stm32f4xx_usart.o(i.USART_StructInit), (24 bytes).
    Removing stm32f4xx_usart.o(i.USART_WakeUpConfig), (18 bytes).
    Removing stm32f4xx_fsmc.o(.rev16_text), (4 bytes).
    Removing stm32f4xx_fsmc.o(.revsh_text), (4 bytes).
    Removing stm32f4xx_fsmc.o(.rrx_text), (6 bytes).
    Removing stm32f4xx_fsmc.o(i.FSMC_ClearFlag), (64 bytes).
    Removing stm32f4xx_fsmc.o(i.FSMC_ClearITPendingBit), (72 bytes).
    Removing stm32f4xx_fsmc.o(i.FSMC_GetECC), (28 bytes).
    Removing stm32f4xx_fsmc.o(i.FSMC_GetFlagStatus), (56 bytes).
    Removing stm32f4xx_fsmc.o(i.FSMC_GetITStatus), (68 bytes).
    Removing stm32f4xx_fsmc.o(i.FSMC_ITConfig), (128 bytes).
    Removing stm32f4xx_fsmc.o(i.FSMC_NANDCmd), (92 bytes).
    Removing stm32f4xx_fsmc.o(i.FSMC_NANDDeInit), (68 bytes).
    Removing stm32f4xx_fsmc.o(i.FSMC_NANDECCCmd), (92 bytes).
    Removing stm32f4xx_fsmc.o(i.FSMC_NANDInit), (212 bytes).
    Removing stm32f4xx_fsmc.o(i.FSMC_NANDStructInit), (54 bytes).
    Removing stm32f4xx_fsmc.o(i.FSMC_NORSRAMDeInit), (54 bytes).
    Removing stm32f4xx_fsmc.o(i.FSMC_NORSRAMStructInit), (52 bytes).
    Removing stm32f4xx_fsmc.o(i.FSMC_PCCARDCmd), (48 bytes).
    Removing stm32f4xx_fsmc.o(i.FSMC_PCCARDDeInit), (40 bytes).
    Removing stm32f4xx_fsmc.o(i.FSMC_PCCARDInit), (196 bytes).
    Removing stm32f4xx_fsmc.o(i.FSMC_PCCARDStructInit), (60 bytes).
    Removing stm32f4xx_fsmc.o(.constdata), (28 bytes).
    Removing stm32f4xx_dma.o(.rev16_text), (4 bytes).
    Removing stm32f4xx_dma.o(.revsh_text), (4 bytes).
    Removing stm32f4xx_dma.o(.rrx_text), (6 bytes).
    Removing stm32f4xx_dma.o(i.DMA_ClearITPendingBit), (52 bytes).
    Removing stm32f4xx_dma.o(i.DMA_DoubleBufferModeCmd), (22 bytes).
    Removing stm32f4xx_dma.o(i.DMA_DoubleBufferModeConfig), (24 bytes).
    Removing stm32f4xx_dma.o(i.DMA_FlowControllerConfig), (22 bytes).
    Removing stm32f4xx_dma.o(i.DMA_GetCurrentMemoryTarget), (20 bytes).
    Removing stm32f4xx_dma.o(i.DMA_GetFIFOStatus), (12 bytes).
    Removing stm32f4xx_dma.o(i.DMA_GetITStatus), (100 bytes).
    Removing stm32f4xx_dma.o(i.DMA_ITConfig), (58 bytes).
    Removing stm32f4xx_dma.o(i.DMA_MemoryTargetConfig), (10 bytes).
    Removing stm32f4xx_dma.o(i.DMA_PeriphIncOffsetSizeConfig), (22 bytes).
    Removing stm32f4xx_dma.o(i.DMA_SetCurrDataCounter), (4 bytes).
    Removing stm32f4xx_dma.o(i.DMA_StructInit), (34 bytes).
    Removing stm32f4xx_exti.o(.rev16_text), (4 bytes).
    Removing stm32f4xx_exti.o(.revsh_text), (4 bytes).
    Removing stm32f4xx_exti.o(.rrx_text), (6 bytes).
    Removing stm32f4xx_exti.o(i.EXTI_ClearFlag), (12 bytes).
    Removing stm32f4xx_exti.o(i.EXTI_ClearITPendingBit), (12 bytes).
    Removing stm32f4xx_exti.o(i.EXTI_DeInit), (36 bytes).
    Removing stm32f4xx_exti.o(i.EXTI_GenerateSWInterrupt), (16 bytes).
    Removing stm32f4xx_exti.o(i.EXTI_GetFlagStatus), (24 bytes).
    Removing stm32f4xx_exti.o(i.EXTI_GetITStatus), (24 bytes).
    Removing stm32f4xx_exti.o(i.EXTI_Init), (148 bytes).
    Removing stm32f4xx_exti.o(i.EXTI_StructInit), (16 bytes).
    Removing stm32f4xx_syscfg.o(.rev16_text), (4 bytes).
    Removing stm32f4xx_syscfg.o(.revsh_text), (4 bytes).
    Removing stm32f4xx_syscfg.o(.rrx_text), (6 bytes).
    Removing stm32f4xx_syscfg.o(i.SYSCFG_CompensationCellCmd), (12 bytes).
    Removing stm32f4xx_syscfg.o(i.SYSCFG_DeInit), (22 bytes).
    Removing stm32f4xx_syscfg.o(i.SYSCFG_ETH_MediaInterfaceConfig), (12 bytes).
    Removing stm32f4xx_syscfg.o(i.SYSCFG_EXTILineConfig), (64 bytes).
    Removing stm32f4xx_syscfg.o(i.SYSCFG_GetCompensationCellStatus), (24 bytes).
    Removing stm32f4xx_syscfg.o(i.SYSCFG_MemoryRemapConfig), (12 bytes).
    Removing stm32f4xx_syscfg.o(i.SYSCFG_MemorySwappingBank), (12 bytes).
    Removing stm32f4xx_spi.o(.rev16_text), (4 bytes).
    Removing stm32f4xx_spi.o(.revsh_text), (4 bytes).
    Removing stm32f4xx_spi.o(.rrx_text), (6 bytes).
    Removing stm32f4xx_spi.o(i.I2S_Cmd), (24 bytes).
    Removing stm32f4xx_spi.o(i.I2S_FullDuplexConfig), (80 bytes).
    Removing stm32f4xx_spi.o(i.I2S_Init), (408 bytes).
    Removing stm32f4xx_spi.o(i.I2S_StructInit), (20 bytes).
    Removing stm32f4xx_spi.o(i.SPI_BiDirectionalLineConfig), (28 bytes).
    Removing stm32f4xx_spi.o(i.SPI_DataSizeConfig), (18 bytes).
    Removing stm32f4xx_spi.o(i.SPI_GetCRC), (16 bytes).
    Removing stm32f4xx_spi.o(i.SPI_GetCRCPolynomial), (6 bytes).
    Removing stm32f4xx_spi.o(i.SPI_I2S_ClearFlag), (6 bytes).
    Removing stm32f4xx_spi.o(i.SPI_I2S_ClearITPendingBit), (20 bytes).
    Removing stm32f4xx_spi.o(i.SPI_I2S_DMACmd), (18 bytes).
    Removing stm32f4xx_spi.o(i.SPI_I2S_GetITStatus), (52 bytes).
    Removing stm32f4xx_spi.o(i.SPI_I2S_ITConfig), (32 bytes).
    Removing stm32f4xx_spi.o(i.SPI_NSSInternalSoftwareConfig), (30 bytes).
    Removing stm32f4xx_spi.o(i.SPI_SSOutputCmd), (24 bytes).
    Removing stm32f4xx_spi.o(i.SPI_TIModeCmd), (24 bytes).
    Removing stm32f4xx_spi.o(i.SPI_TransmitCRC), (10 bytes).
    Removing stm32f4xx_rng.o(.rev16_text), (4 bytes).
    Removing stm32f4xx_rng.o(.revsh_text), (4 bytes).
    Removing stm32f4xx_rng.o(.rrx_text), (6 bytes).
    Removing stm32f4xx_rng.o(i.RNG_ClearFlag), (16 bytes).
    Removing stm32f4xx_rng.o(i.RNG_ClearITPendingBit), (16 bytes).
    Removing stm32f4xx_rng.o(i.RNG_Cmd), (36 bytes).
    Removing stm32f4xx_rng.o(i.RNG_DeInit), (20 bytes).
    Removing stm32f4xx_rng.o(i.RNG_GetFlagStatus), (24 bytes).
    Removing stm32f4xx_rng.o(i.RNG_GetITStatus), (24 bytes).
    Removing stm32f4xx_rng.o(i.RNG_GetRandomNumber), (12 bytes).
    Removing stm32f4xx_rng.o(i.RNG_ITConfig), (36 bytes).
    Removing stm32f4xx_iwdg.o(.rev16_text), (4 bytes).
    Removing stm32f4xx_iwdg.o(.revsh_text), (4 bytes).
    Removing stm32f4xx_iwdg.o(.rrx_text), (6 bytes).
    Removing stm32f4xx_iwdg.o(i.IWDG_GetFlagStatus), (24 bytes).
    Removing stm32f4xx_it.o(.rev16_text), (4 bytes).
    Removing stm32f4xx_it.o(.revsh_text), (4 bytes).
    Removing stm32f4xx_it.o(.rrx_text), (6 bytes).
    Removing system_stm32f4xx.o(.rev16_text), (4 bytes).
    Removing system_stm32f4xx.o(.revsh_text), (4 bytes).
    Removing system_stm32f4xx.o(.rrx_text), (6 bytes).
    Removing system_stm32f4xx.o(i.SystemCoreClockUpdate), (192 bytes).
    Removing clock.o(i.rt_tick_from_millisecond), (32 bytes).
    Removing clock.o(i.rt_tick_set), (28 bytes).
    Removing components.o(i.rt_components_board_init), (76 bytes).
    Removing components.o(i.rt_components_init), (112 bytes).
    Removing components.o(i.rti_board_end), (4 bytes).
    Removing components.o(i.rti_board_start), (4 bytes).
    Removing components.o(i.rti_end), (4 bytes).
    Removing components.o(i.rti_start), (4 bytes).
    Removing components.o(.constdata), (48 bytes).
    Removing components.o(.rti_fn.0), (8 bytes).
    Removing components.o(.rti_fn.0.end), (8 bytes).
    Removing components.o(.rti_fn.1.end), (8 bytes).
    Removing components.o(.rti_fn.6.end), (8 bytes).
    Removing device.o(i.rt_device_control), (64 bytes).
    Removing device.o(i.rt_device_create), (40 bytes).
    Removing device.o(i.rt_device_destroy), (18 bytes).
    Removing device.o(i.rt_device_init), (140 bytes).
    Removing device.o(i.rt_device_init_all), (4 bytes).
    Removing device.o(i.rt_device_set_tx_complete), (48 bytes).
    Removing device.o(i.rt_device_unregister), (48 bytes).
    Removing idle.o(i.rt_thread_idle_gethandler), (8 bytes).
    Removing idle.o(i.rt_thread_idle_sethook), (12 bytes).
    Removing ipc.o(i.rt_event_control), (92 bytes).
    Removing ipc.o(i.rt_event_create), (132 bytes).
    Removing ipc.o(i.rt_event_delete), (148 bytes).
    Removing ipc.o(i.rt_event_detach), (60 bytes).
    Removing ipc.o(i.rt_event_init), (72 bytes).
    Removing ipc.o(i.rt_event_recv), (500 bytes).
    Removing ipc.o(i.rt_event_send), (240 bytes).
    Removing ipc.o(i.rt_ipc_list_resume_all), (50 bytes).
    Removing ipc.o(i.rt_mb_control), (100 bytes).
    Removing ipc.o(i.rt_mb_create), (172 bytes).
    Removing ipc.o(i.rt_mb_delete), (156 bytes).
    Removing ipc.o(i.rt_mb_detach), (64 bytes).
    Removing ipc.o(i.rt_mb_init), (96 bytes).
    Removing ipc.o(i.rt_mb_recv), (532 bytes).
    Removing ipc.o(i.rt_mb_send), (18 bytes).
    Removing ipc.o(i.rt_mb_send_wait), (492 bytes).
    Removing ipc.o(i.rt_mq_control), (116 bytes).
    Removing ipc.o(i.rt_mq_create), (220 bytes).
    Removing ipc.o(i.rt_mq_delete), (148 bytes).
    Removing ipc.o(i.rt_mq_detach), (56 bytes).
    Removing ipc.o(i.rt_mq_init), (140 bytes).
    Removing ipc.o(i.rt_mq_recv), (580 bytes).
    Removing ipc.o(i.rt_mq_send), (256 bytes).
    Removing ipc.o(i.rt_mq_urgent), (248 bytes).
    Removing ipc.o(i.rt_mutex_control), (8 bytes).
    Removing ipc.o(i.rt_mutex_create), (148 bytes).
    Removing ipc.o(i.rt_mutex_delete), (148 bytes).
    Removing ipc.o(i.rt_mutex_detach), (60 bytes).
    Removing ipc.o(i.rt_sem_control), (88 bytes).
    Removing ipc.o(i.rt_sem_create), (132 bytes).
    Removing ipc.o(i.rt_sem_delete), (144 bytes).
    Removing ipc.o(i.rt_sem_detach), (56 bytes).
    Removing ipc.o(i.rt_sem_trytake), (14 bytes).
    Removing irq.o(i.rt_interrupt_enter_sethook), (12 bytes).
    Removing irq.o(i.rt_interrupt_leave_sethook), (12 bytes).
    Removing kservice.o(i._rt_errno), (36 bytes).
    Removing kservice.o(i.rt_assert_set_hook), (12 bytes).
    Removing kservice.o(i.rt_free_align), (16 bytes).
    Removing kservice.o(i.rt_get_errno), (36 bytes).
    Removing kservice.o(i.rt_kputs), (84 bytes).
    Removing kservice.o(i.rt_malloc_align), (66 bytes).
    Removing kservice.o(i.rt_memcmp), (38 bytes).
    Removing kservice.o(i.rt_snprintf), (38 bytes).
    Removing kservice.o(i.rt_sprintf), (34 bytes).
    Removing kservice.o(i.rt_strcasecmp), (48 bytes).
    Removing kservice.o(i.rt_strcmp), (28 bytes).
    Removing kservice.o(i.rt_strdup), (40 bytes).
    Removing kservice.o(i.rt_strnlen), (24 bytes).
    Removing kservice.o(i.rt_strstr), (58 bytes).
    Removing kservice.o(i.rt_vsprintf), (22 bytes).
    Removing memheap.o(i.rt_memheap_detach), (48 bytes).
    Removing memheap.o(i.rt_memheap_realloc), (568 bytes).
    Removing memheap.o(i.rt_realloc), (110 bytes).
    Removing mempool.o(i.rt_list_init), (6 bytes).
    Removing mempool.o(i.rt_list_isempty), (16 bytes).
    Removing mempool.o(i.rt_mp_alloc), (356 bytes).
    Removing mempool.o(i.rt_mp_alloc_sethook), (12 bytes).
    Removing mempool.o(i.rt_mp_create), (224 bytes).
    Removing mempool.o(i.rt_mp_delete), (196 bytes).
    Removing mempool.o(i.rt_mp_detach), (96 bytes).
    Removing mempool.o(i.rt_mp_free), (104 bytes).
    Removing mempool.o(i.rt_mp_free_sethook), (12 bytes).
    Removing mempool.o(i.rt_mp_init), (148 bytes).
    Removing mempool.o(.constdata), (62 bytes).
    Removing mempool.o(.data), (8 bytes).
    Removing object.o(i.rt_object_attach_sethook), (12 bytes).
    Removing object.o(i.rt_object_detach_sethook), (12 bytes).
    Removing object.o(i.rt_object_find), (216 bytes).
    Removing object.o(i.rt_object_put_sethook), (12 bytes).
    Removing object.o(i.rt_object_take_sethook), (12 bytes).
    Removing object.o(i.rt_object_trytake_sethook), (12 bytes).
    Removing scheduler.o(i.rt_critical_level), (12 bytes).
    Removing scheduler.o(i.rt_scheduler_sethook), (12 bytes).
    Removing thread.o(i.rt_thread_detach), (116 bytes).
    Removing thread.o(i.rt_thread_find), (124 bytes).
    Removing thread.o(i.rt_thread_inited_sethook), (12 bytes).
    Removing thread.o(i.rt_thread_mdelay), (20 bytes).
    Removing thread.o(i.rt_thread_resume_sethook), (12 bytes).
    Removing thread.o(i.rt_thread_suspend_sethook), (12 bytes).
    Removing timer.o(i.rt_timer_create), (54 bytes).
    Removing timer.o(i.rt_timer_delete), (72 bytes).
    Removing timer.o(i.rt_timer_list_next_timeout), (28 bytes).
    Removing timer.o(i.rt_timer_next_timeout_tick), (16 bytes).
    Removing timer.o(i.rt_timer_timeout_sethook), (12 bytes).
    Removing backtrace.o(i.rt_hw_backtrace), (108 bytes).
    Removing div0.o(i.__div0), (4 bytes).
    Removing showmem.o(i.rt_hw_show_memory), (120 bytes).
    Removing showmem.o(.constdata), (18 bytes).
    Removing cpuport.o(i.rt_hw_cpu_shutdown), (44 bytes).
    Removing cpuport.o(i.rt_hw_exception_install), (12 bytes).
    Removing cpuport.o(.constdata), (19 bytes).
    Removing finsh_init.o(i.finsh_reset), (24 bytes).
    Removing finsh_token.o(i.finsh_token_get_token), (20 bytes).
    Removing finsh_var.o(i.finsh_sysvar_append), (68 bytes).
    Removing finsh_var.o(i.finsh_var_delete), (72 bytes).
    Removing finsh_vm.o(i.finsh_syscall_append), (60 bytes).
    Removing shell.o(i.finsh_get_device), (56 bytes).
    Removing shell.o(i.finsh_get_echo), (60 bytes).
    Removing shell.o(i.finsh_set_echo), (60 bytes).
    Removing shell.o(.rti_fn.6), (8 bytes).
    Removing spi_core.o(i.rt_spi_release), (124 bytes).
    Removing spi_core.o(i.rt_spi_release_bus), (148 bytes).
    Removing spi_core.o(i.rt_spi_take), (124 bytes).
    Removing spi_core.o(i.rt_spi_take_bus), (184 bytes).
    Removing spi_core.o(i.rt_spi_transfer_message), (188 bytes).
    Removing dataqueue.o(i.rt_data_queue_reset), (106 bytes).
    Removing pipe.o(i.rt_list_init), (6 bytes).
    Removing pipe.o(i.rt_pipe_close), (56 bytes).
    Removing pipe.o(i.rt_pipe_control), (6 bytes).
    Removing pipe.o(i.rt_pipe_create), (188 bytes).
    Removing pipe.o(i.rt_pipe_delete), (88 bytes).
    Removing pipe.o(i.rt_pipe_open), (54 bytes).
    Removing pipe.o(i.rt_pipe_read), (100 bytes).
    Removing pipe.o(i.rt_pipe_write), (100 bytes).
    Removing pipe.o(.constdata), (15 bytes).
    Removing ringbuffer.o(i.rt_ringbuffer_create), (88 bytes).
    Removing ringbuffer.o(i.rt_ringbuffer_data_len), (76 bytes).
    Removing ringbuffer.o(i.rt_ringbuffer_destroy), (52 bytes).
    Removing ringbuffer.o(i.rt_ringbuffer_get), (200 bytes).
    Removing ringbuffer.o(i.rt_ringbuffer_getchar), (124 bytes).
    Removing ringbuffer.o(i.rt_ringbuffer_init), (112 bytes).
    Removing ringbuffer.o(i.rt_ringbuffer_put), (200 bytes).
    Removing ringbuffer.o(i.rt_ringbuffer_put_force), (252 bytes).
    Removing ringbuffer.o(i.rt_ringbuffer_putchar), (124 bytes).
    Removing ringbuffer.o(i.rt_ringbuffer_putchar_force), (160 bytes).
    Removing ringbuffer.o(i.rt_ringbuffer_reset), (76 bytes).
    Removing ringbuffer.o(i.rt_ringbuffer_status), (42 bytes).
    Removing ringbuffer.o(.constdata), (214 bytes).
    Removing waitqueue.o(i.__wqueue_default_wake), (6 bytes).
    Removing waitqueue.o(i.rt_wqueue_add), (36 bytes).
    Removing waitqueue.o(i.rt_wqueue_remove), (38 bytes).
    Removing waitqueue.o(i.rt_wqueue_wait), (212 bytes).
    Removing waitqueue.o(i.rt_wqueue_wakeup), (100 bytes).
    Removing waitqueue.o(.constdata), (15 bytes).
    Removing workqueue.o(i._workqueue_thread_entry), (176 bytes).
    Removing workqueue.o(i.rt_list_insert_after), (14 bytes).
    Removing workqueue.o(i.rt_list_remove), (18 bytes).
    Removing workqueue.o(i.rt_workqueue_cancel_all_work), (72 bytes).
    Removing workqueue.o(i.rt_workqueue_cancel_work), (112 bytes).
    Removing workqueue.o(i.rt_workqueue_cancel_work_sync), (112 bytes).
    Removing workqueue.o(i.rt_workqueue_create), (108 bytes).
    Removing workqueue.o(i.rt_workqueue_critical_work), (140 bytes).
    Removing workqueue.o(i.rt_workqueue_destroy), (56 bytes).
    Removing workqueue.o(i.rt_workqueue_dowork), (140 bytes).
    Removing workqueue.o(.constdata), (176 bytes).
    Removing lv_group.o(.rev16_text), (4 bytes).
    Removing lv_group.o(.revsh_text), (4 bytes).
    Removing lv_group.o(.rrx_text), (6 bytes).
    Removing lv_group.o(i.lv_group_create), (40 bytes).
    Removing lv_group.o(i.lv_group_del), (72 bytes).
    Removing lv_group.o(i.lv_group_focus_freeze), (18 bytes).
    Removing lv_group.o(i.lv_group_focus_obj), (110 bytes).
    Removing lv_group.o(i.lv_group_get_focus_cb), (6 bytes).
    Removing lv_group.o(i.lv_group_get_style_mod_cb), (6 bytes).
    Removing lv_group.o(i.lv_group_remove_obj), (76 bytes).
    Removing lv_group.o(i.lv_group_set_focus_cb), (4 bytes).
    Removing lv_group.o(i.lv_group_set_style_mod_cb), (22 bytes).
    Removing lv_indev.o(.rev16_text), (4 bytes).
    Removing lv_indev.o(.revsh_text), (4 bytes).
    Removing lv_indev.o(.rrx_text), (6 bytes).
    Removing lv_indev.o(i.lv_indev_enable), (50 bytes).
    Removing lv_indev.o(i.lv_indev_get_act), (12 bytes).
    Removing lv_indev.o(i.lv_indev_get_inactive_time), (68 bytes).
    Removing lv_indev.o(i.lv_indev_get_point), (30 bytes).
    Removing lv_indev.o(i.lv_indev_get_vect), (30 bytes).
    Removing lv_indev.o(i.lv_indev_is_dragging), (34 bytes).
    Removing lv_indev.o(i.lv_indev_reset_lpr), (30 bytes).
    Removing lv_indev.o(i.lv_indev_set_button_points), (10 bytes).
    Removing lv_indev.o(i.lv_indev_set_cursor), (54 bytes).
    Removing lv_indev.o(i.lv_indev_set_group), (10 bytes).
    Removing lv_indev.o(i.lv_indev_wait_release), (16 bytes).
    Removing lv_obj.o(.rev16_text), (4 bytes).
    Removing lv_obj.o(.revsh_text), (4 bytes).
    Removing lv_obj.o(.rrx_text), (6 bytes).
    Removing lv_obj.o(i.delete_children), (144 bytes).
    Removing lv_obj.o(i.lv_obj_align), (826 bytes).
    Removing lv_obj.o(i.lv_obj_animate), (296 bytes).
    Removing lv_obj.o(i.lv_obj_clean), (38 bytes).
    Removing lv_obj.o(i.lv_obj_clear_protect), (16 bytes).
    Removing lv_obj.o(i.lv_obj_count_children), (38 bytes).
    Removing lv_obj.o(i.lv_obj_del), (180 bytes).
    Removing lv_obj.o(i.lv_obj_get_child_back), (26 bytes).
    Removing lv_obj.o(i.lv_obj_get_design_func), (6 bytes).
    Removing lv_obj.o(i.lv_obj_get_ext_size), (8 bytes).
    Removing lv_obj.o(i.lv_obj_get_free_num), (6 bytes).
    Removing lv_obj.o(i.lv_obj_get_free_ptr), (6 bytes).
    Removing lv_obj.o(i.lv_obj_get_protect), (8 bytes).
    Removing lv_obj.o(i.lv_obj_get_top), (12 bytes).
    Removing lv_obj.o(i.lv_obj_get_type), (88 bytes).
    Removing lv_obj.o(i.lv_obj_report_style_mod), (44 bytes).
    Removing lv_obj.o(i.lv_obj_set_drag), (34 bytes).
    Removing lv_obj.o(i.lv_obj_set_drag_parent), (18 bytes).
    Removing lv_obj.o(i.lv_obj_set_drag_throw), (18 bytes).
    Removing lv_obj.o(i.lv_obj_set_free_num), (4 bytes).
    Removing lv_obj.o(i.lv_obj_set_free_ptr), (4 bytes).
    Removing lv_obj.o(i.lv_obj_set_hidden), (68 bytes).
    Removing lv_obj.o(i.lv_obj_set_parent), (90 bytes).
    Removing lv_obj.o(i.lv_obj_set_protect), (12 bytes).
    Removing lv_obj.o(i.lv_obj_set_top), (18 bytes).
    Removing lv_obj.o(i.lv_obj_set_width), (26 bytes).
    Removing lv_obj.o(i.lv_scr_load), (20 bytes).
    Removing lv_obj.o(i.report_style_mod_core), (58 bytes).
    Removing lv_refr.o(.rev16_text), (4 bytes).
    Removing lv_refr.o(.revsh_text), (4 bytes).
    Removing lv_refr.o(.rrx_text), (6 bytes).
    Removing lv_refr.o(i.lv_refr_set_monitor_cb), (12 bytes).
    Removing lv_refr.o(i.lv_refr_set_round_cb), (12 bytes).
    Removing lv_style.o(.rev16_text), (4 bytes).
    Removing lv_style.o(.revsh_text), (4 bytes).
    Removing lv_style.o(.rrx_text), (6 bytes).
    Removing lv_style.o(i.lv_color_mix), (124 bytes).
    Removing lv_style.o(i.lv_style_anim_create), (148 bytes).
    Removing lv_style.o(i.style_animation_common_end_cb), (24 bytes).
    Removing lv_style.o(i.style_animator), (736 bytes).
    Removing lv_draw.o(.rev16_text), (4 bytes).
    Removing lv_draw.o(.revsh_text), (4 bytes).
    Removing lv_draw.o(.rrx_text), (6 bytes).
    Removing lv_draw.o(i.lv_draw_img), (576 bytes).
    Removing lv_draw.o(i.lv_draw_line), (2672 bytes).
    Removing lv_draw_rbasic.o(.rev16_text), (4 bytes).
    Removing lv_draw_rbasic.o(.revsh_text), (4 bytes).
    Removing lv_draw_rbasic.o(.rrx_text), (6 bytes).
    Removing lv_draw_rbasic.o(i.lv_area_get_width), (14 bytes).
    Removing lv_draw_rbasic.o(i.lv_color_mix), (124 bytes).
    Removing lv_draw_rbasic.o(i.lv_rfill), (96 bytes).
    Removing lv_draw_rbasic.o(i.lv_rletter), (616 bytes).
    Removing lv_draw_rbasic.o(i.lv_rletter_set_background), (16 bytes).
    Removing lv_draw_rbasic.o(i.lv_rmap), (312 bytes).
    Removing lv_draw_rbasic.o(i.lv_rpx), (44 bytes).
    Removing lv_draw_rbasic.o(.constdata), (2 bytes).
    Removing lv_draw_rbasic.o(.data), (24 bytes).
    Removing lv_draw_vbasic.o(.rev16_text), (4 bytes).
    Removing lv_draw_vbasic.o(.revsh_text), (4 bytes).
    Removing lv_draw_vbasic.o(.rrx_text), (6 bytes).
    Removing lv_anim.o(i.lv_anim_path_step), (20 bytes).
    Removing lv_area.o(i.lv_area_set_height), (12 bytes).
    Removing lv_area.o(i.lv_area_set_pos), (58 bytes).
    Removing lv_area.o(i.lv_area_set_width), (12 bytes).
    Removing lv_color.o(i.lv_color_hsv_to_rgb), (294 bytes).
    Removing lv_color.o(i.lv_color_rgb_to_hsv), (194 bytes).
    Removing lv_font.o(.rev16_text), (4 bytes).
    Removing lv_font.o(.revsh_text), (4 bytes).
    Removing lv_font.o(.rrx_text), (6 bytes).
    Removing lv_font.o(i.lv_font_get_bitmap_sparse), (66 bytes).
    Removing lv_font.o(i.lv_font_get_width_sparse), (60 bytes).
    Removing lv_fs.o(i.lv_fs_close), (50 bytes).
    Removing lv_fs.o(i.lv_fs_dir_close), (54 bytes).
    Removing lv_fs.o(i.lv_fs_dir_open), (94 bytes).
    Removing lv_fs.o(i.lv_fs_dir_read), (44 bytes).
    Removing lv_fs.o(i.lv_fs_free), (68 bytes).
    Removing lv_fs.o(i.lv_fs_get_drv), (48 bytes).
    Removing lv_fs.o(i.lv_fs_get_ext), (60 bytes).
    Removing lv_fs.o(i.lv_fs_get_last), (90 bytes).
    Removing lv_fs.o(i.lv_fs_get_letters), (52 bytes).
    Removing lv_fs.o(i.lv_fs_get_real_path), (38 bytes).
    Removing lv_fs.o(i.lv_fs_open), (134 bytes).
    Removing lv_fs.o(i.lv_fs_read), (70 bytes).
    Removing lv_fs.o(i.lv_fs_remove), (74 bytes).
    Removing lv_fs.o(i.lv_fs_seek), (40 bytes).
    Removing lv_fs.o(i.lv_fs_size), (46 bytes).
    Removing lv_fs.o(i.lv_fs_tell), (44 bytes).
    Removing lv_fs.o(i.lv_fs_up), (90 bytes).
    Removing lv_fs.o(i.lv_fs_write), (70 bytes).
    Removing lv_ll.o(i.lv_ll_clear), (48 bytes).
    Removing lv_ll.o(i.lv_ll_move_before), (118 bytes).
    Removing lv_ll.o(i.lv_ll_swap), (2 bytes).
    Removing lv_math.o(i.lv_math_num_to_str), (210 bytes).
    Removing lv_mem.o(i.lv_mem_defrag), (110 bytes).
    Removing lv_task.o(i.lv_task_get_idle), (12 bytes).
    Removing lv_task.o(i.lv_task_once), (12 bytes).
    Removing lv_task.o(i.lv_task_reset), (12 bytes).
    Removing lv_task.o(i.lv_task_set_period), (4 bytes).
    Removing lv_task.o(i.lv_task_set_prio), (84 bytes).
    Removing lv_trigo.o(i.lv_trigo_sin), (112 bytes).
    Removing lv_trigo.o(.data), (180 bytes).
    Removing lv_txt.o(.rev16_text), (4 bytes).
    Removing lv_txt.o(.revsh_text), (4 bytes).
    Removing lv_txt.o(.rrx_text), (6 bytes).
    Removing lv_txt.o(i.lv_txt_cut), (62 bytes).
    Removing lv_txt.o(i.lv_txt_ins), (72 bytes).
    Removing lv_txt.o(i.lv_txt_unicode_to_utf8), (164 bytes).
    Removing lv_ufs.o(i.lv_ufs_create_const), (98 bytes).
    Removing lv_bar.o(.rev16_text), (4 bytes).
    Removing lv_bar.o(.revsh_text), (4 bytes).
    Removing lv_bar.o(.rrx_text), (6 bytes).
    Removing lv_bar.o(i.lv_bar_create), (248 bytes).
    Removing lv_bar.o(i.lv_bar_design), (304 bytes).
    Removing lv_bar.o(i.lv_bar_get_max_value), (18 bytes).
    Removing lv_bar.o(i.lv_bar_get_min_value), (18 bytes).
    Removing lv_bar.o(i.lv_bar_get_style), (38 bytes).
    Removing lv_bar.o(i.lv_bar_get_value), (18 bytes).
    Removing lv_bar.o(i.lv_bar_set_range), (92 bytes).
    Removing lv_bar.o(i.lv_bar_set_style), (52 bytes).
    Removing lv_bar.o(i.lv_bar_set_value), (76 bytes).
    Removing lv_bar.o(i.lv_bar_set_value_anim), (156 bytes).
    Removing lv_bar.o(i.lv_bar_signal), (120 bytes).
    Removing lv_bar.o(i.lv_mem_assert), (8 bytes).
    Removing lv_bar.o(.data), (8 bytes).
    Removing lv_btn.o(.rev16_text), (4 bytes).
    Removing lv_btn.o(.revsh_text), (4 bytes).
    Removing lv_btn.o(.rrx_text), (6 bytes).
    Removing lv_btn.o(i.lv_btn_create), (324 bytes).
    Removing lv_btn.o(i.lv_btn_get_action), (30 bytes).
    Removing lv_btn.o(i.lv_btn_get_state), (18 bytes).
    Removing lv_btn.o(i.lv_btn_get_style), (52 bytes).
    Removing lv_btn.o(i.lv_btn_get_toggle), (22 bytes).
    Removing lv_btn.o(i.lv_btn_set_action), (36 bytes).
    Removing lv_btn.o(i.lv_btn_set_state), (42 bytes).
    Removing lv_btn.o(i.lv_btn_set_style), (76 bytes).
    Removing lv_btn.o(i.lv_btn_set_toggle), (28 bytes).
    Removing lv_btn.o(i.lv_btn_signal), (760 bytes).
    Removing lv_btn.o(i.lv_btn_toggle), (78 bytes).
    Removing lv_btn.o(i.lv_mem_assert), (8 bytes).
    Removing lv_btn.o(.data), (4 bytes).
    Removing lv_btnm.o(.rev16_text), (4 bytes).
    Removing lv_btnm.o(.revsh_text), (4 bytes).
    Removing lv_btnm.o(.rrx_text), (6 bytes).
    Removing lv_btnm.o(i.button_is_hidden), (28 bytes).
    Removing lv_btnm.o(i.button_is_inactive), (28 bytes).
    Removing lv_btnm.o(i.button_is_repeat_disabled), (28 bytes).
    Removing lv_btnm.o(i.create_buttons), (88 bytes).
    Removing lv_btnm.o(i.cut_ctrl_byte), (20 bytes).
    Removing lv_btnm.o(i.get_button_from_point), (146 bytes).
    Removing lv_btnm.o(i.get_button_text), (88 bytes).
    Removing lv_btnm.o(i.get_button_width), (24 bytes).
    Removing lv_btnm.o(i.lv_area_copy), (10 bytes).
    Removing lv_btnm.o(i.lv_area_get_width), (14 bytes).
    Removing lv_btnm.o(i.lv_btnm_create), (356 bytes).
    Removing lv_btnm.o(i.lv_btnm_design), (612 bytes).
    Removing lv_btnm.o(i.lv_btnm_get_action), (16 bytes).
    Removing lv_btnm.o(i.lv_btnm_get_map), (16 bytes).
    Removing lv_btnm.o(i.lv_btnm_get_style), (60 bytes).
    Removing lv_btnm.o(i.lv_btnm_get_toggled), (30 bytes).
    Removing lv_btnm.o(i.lv_btnm_set_action), (18 bytes).
    Removing lv_btnm.o(i.lv_btnm_set_map), (560 bytes).
    Removing lv_btnm.o(i.lv_btnm_set_style), (98 bytes).
    Removing lv_btnm.o(i.lv_btnm_set_toggle), (64 bytes).
    Removing lv_btnm.o(i.lv_btnm_signal), (1204 bytes).
    Removing lv_btnm.o(i.lv_mem_assert), (8 bytes).
    Removing lv_btnm.o(.conststring), (45 bytes).
    Removing lv_btnm.o(.data), (36 bytes).
    Removing lv_cb.o(.rev16_text), (4 bytes).
    Removing lv_cb.o(.revsh_text), (4 bytes).
    Removing lv_cb.o(.rrx_text), (6 bytes).
    Removing lv_cb.o(i.lv_bullet_design), (148 bytes).
    Removing lv_cb.o(i.lv_cb_create), (380 bytes).
    Removing lv_cb.o(i.lv_cb_design), (92 bytes).
    Removing lv_cb.o(i.lv_cb_get_style), (82 bytes).
    Removing lv_cb.o(i.lv_cb_get_text), (20 bytes).
    Removing lv_cb.o(i.lv_cb_set_style), (150 bytes).
    Removing lv_cb.o(i.lv_cb_set_text), (24 bytes).
    Removing lv_cb.o(i.lv_cb_signal), (228 bytes).
    Removing lv_cb.o(i.lv_mem_assert), (8 bytes).
    Removing lv_cb.o(.data), (12 bytes).
    Removing lv_chart.o(.rev16_text), (4 bytes).
    Removing lv_chart.o(.revsh_text), (4 bytes).
    Removing lv_chart.o(.rrx_text), (6 bytes).
    Removing lv_chart.o(i.lv_chart_add_series), (92 bytes).
    Removing lv_chart.o(i.lv_chart_create), (252 bytes).
    Removing lv_chart.o(i.lv_chart_design), (128 bytes).
    Removing lv_chart.o(i.lv_chart_draw_cols), (308 bytes).
    Removing lv_chart.o(i.lv_chart_draw_div), (374 bytes).
    Removing lv_chart.o(i.lv_chart_draw_lines), (260 bytes).
    Removing lv_chart.o(i.lv_chart_draw_points), (316 bytes).
    Removing lv_chart.o(i.lv_chart_get_point_cnt), (16 bytes).
    Removing lv_chart.o(i.lv_chart_get_series_darking), (16 bytes).
    Removing lv_chart.o(i.lv_chart_get_series_opa), (16 bytes).
    Removing lv_chart.o(i.lv_chart_get_series_width), (18 bytes).
    Removing lv_chart.o(i.lv_chart_get_type), (20 bytes).
    Removing lv_chart.o(i.lv_chart_init_points), (50 bytes).
    Removing lv_chart.o(i.lv_chart_refresh), (12 bytes).
    Removing lv_chart.o(i.lv_chart_set_div_line_count), (48 bytes).
    Removing lv_chart.o(i.lv_chart_set_next), (66 bytes).
    Removing lv_chart.o(i.lv_chart_set_point_count), (124 bytes).
    Removing lv_chart.o(i.lv_chart_set_points), (40 bytes).
    Removing lv_chart.o(i.lv_chart_set_range), (52 bytes).
    Removing lv_chart.o(i.lv_chart_set_series_darking), (34 bytes).
    Removing lv_chart.o(i.lv_chart_set_series_opa), (34 bytes).
    Removing lv_chart.o(i.lv_chart_set_series_width), (36 bytes).
    Removing lv_chart.o(i.lv_chart_set_style), (16 bytes).
    Removing lv_chart.o(i.lv_chart_set_type), (38 bytes).
    Removing lv_chart.o(i.lv_chart_signal), (140 bytes).
    Removing lv_chart.o(i.lv_color_mix), (124 bytes).
    Removing lv_chart.o(i.lv_mem_assert), (8 bytes).
    Removing lv_chart.o(.data), (8 bytes).
    Removing lv_cont.o(.rev16_text), (4 bytes).
    Removing lv_cont.o(.revsh_text), (4 bytes).
    Removing lv_cont.o(.rrx_text), (6 bytes).
    Removing lv_cont.o(i.lv_cont_create), (192 bytes).
    Removing lv_cont.o(i.lv_cont_get_hor_fit), (20 bytes).
    Removing lv_cont.o(i.lv_cont_get_layout), (20 bytes).
    Removing lv_cont.o(i.lv_cont_get_ver_fit), (20 bytes).
    Removing lv_cont.o(i.lv_cont_layout_center), (236 bytes).
    Removing lv_cont.o(i.lv_cont_layout_col), (182 bytes).
    Removing lv_cont.o(i.lv_cont_layout_grid), (294 bytes).
    Removing lv_cont.o(i.lv_cont_layout_pretty), (576 bytes).
    Removing lv_cont.o(i.lv_cont_layout_row), (188 bytes).
    Removing lv_cont.o(i.lv_cont_refr_autofit), (448 bytes).
    Removing lv_cont.o(i.lv_cont_refr_layout), (106 bytes).
    Removing lv_cont.o(i.lv_cont_set_fit), (86 bytes).
    Removing lv_cont.o(i.lv_cont_set_layout), (48 bytes).
    Removing lv_cont.o(i.lv_cont_set_style), (16 bytes).
    Removing lv_cont.o(i.lv_cont_signal), (180 bytes).
    Removing lv_cont.o(i.lv_mem_assert), (8 bytes).
    Removing lv_cont.o(.data), (4 bytes).
    Removing lv_ddlist.o(.rev16_text), (4 bytes).
    Removing lv_ddlist.o(.revsh_text), (4 bytes).
    Removing lv_ddlist.o(.rrx_text), (6 bytes).
    Removing lv_ddlist.o(i.lv_ddlist_close), (48 bytes).
    Removing lv_ddlist.o(i.lv_ddlist_create), (460 bytes).
    Removing lv_ddlist.o(i.lv_ddlist_design), (424 bytes).
    Removing lv_ddlist.o(i.lv_ddlist_get_action), (16 bytes).
    Removing lv_ddlist.o(i.lv_ddlist_get_anim_time), (16 bytes).
    Removing lv_ddlist.o(i.lv_ddlist_get_fix_height), (18 bytes).
    Removing lv_ddlist.o(i.lv_ddlist_get_options), (20 bytes).
    Removing lv_ddlist.o(i.lv_ddlist_get_selected), (16 bytes).
    Removing lv_ddlist.o(i.lv_ddlist_get_selected_str), (108 bytes).
    Removing lv_ddlist.o(i.lv_ddlist_get_style), (54 bytes).
    Removing lv_ddlist.o(i.lv_ddlist_open), (48 bytes).
    Removing lv_ddlist.o(i.lv_ddlist_pos_current_option), (116 bytes).
    Removing lv_ddlist.o(i.lv_ddlist_refr_size), (224 bytes).
    Removing lv_ddlist.o(i.lv_ddlist_release_action), (184 bytes).
    Removing lv_ddlist.o(i.lv_ddlist_scrl_signal), (100 bytes).
    Removing lv_ddlist.o(i.lv_ddlist_set_action), (18 bytes).
    Removing lv_ddlist.o(i.lv_ddlist_set_anim_time), (18 bytes).
    Removing lv_ddlist.o(i.lv_ddlist_set_fix_height), (38 bytes).
    Removing lv_ddlist.o(i.lv_ddlist_set_hor_fit), (64 bytes).
    Removing lv_ddlist.o(i.lv_ddlist_set_options), (72 bytes).
    Removing lv_ddlist.o(i.lv_ddlist_set_selected), (66 bytes).
    Removing lv_ddlist.o(i.lv_ddlist_set_style), (78 bytes).
    Removing lv_ddlist.o(i.lv_ddlist_signal), (408 bytes).
    Removing lv_ddlist.o(i.lv_font_get_height), (6 bytes).
    Removing lv_ddlist.o(i.lv_mem_assert), (8 bytes).
    Removing lv_ddlist.o(i.lv_page_set_scrl_fit), (30 bytes).
    Removing lv_ddlist.o(.data), (12 bytes).
    Removing lv_gauge.o(.rev16_text), (4 bytes).
    Removing lv_gauge.o(.revsh_text), (4 bytes).
    Removing lv_gauge.o(.rrx_text), (6 bytes).
    Removing lv_gauge.o(i.lv_gauge_create), (256 bytes).
    Removing lv_gauge.o(i.lv_gauge_design), (164 bytes).
    Removing lv_gauge.o(i.lv_gauge_draw_needle), (396 bytes).
    Removing lv_gauge.o(i.lv_gauge_draw_scale), (404 bytes).
    Removing lv_gauge.o(i.lv_gauge_get_label_count), (16 bytes).
    Removing lv_gauge.o(i.lv_gauge_get_max_value), (12 bytes).
    Removing lv_gauge.o(i.lv_gauge_get_min_value), (12 bytes).
    Removing lv_gauge.o(i.lv_gauge_get_needle_count), (16 bytes).
    Removing lv_gauge.o(i.lv_gauge_get_value), (44 bytes).
    Removing lv_gauge.o(i.lv_gauge_set_needle_count), (92 bytes).
    Removing lv_gauge.o(i.lv_gauge_set_scale), (44 bytes).
    Removing lv_gauge.o(i.lv_gauge_set_style), (16 bytes).
    Removing lv_gauge.o(i.lv_gauge_set_value), (86 bytes).
    Removing lv_gauge.o(i.lv_gauge_signal), (112 bytes).
    Removing lv_gauge.o(i.lv_mem_assert), (8 bytes).
    Removing lv_gauge.o(.constdata), (2 bytes).
    Removing lv_gauge.o(.data), (8 bytes).
    Removing lv_img.o(.rev16_text), (4 bytes).
    Removing lv_img.o(.revsh_text), (4 bytes).
    Removing lv_img.o(.rrx_text), (6 bytes).
    Removing lv_img.o(i.lv_img_create), (236 bytes).
    Removing lv_img.o(i.lv_img_design), (336 bytes).
    Removing lv_img.o(i.lv_img_get_auto_size), (20 bytes).
    Removing lv_img.o(i.lv_img_get_file_name), (36 bytes).
    Removing lv_img.o(i.lv_img_get_src_type), (54 bytes).
    Removing lv_img.o(i.lv_img_set_auto_size), (24 bytes).
    Removing lv_img.o(i.lv_img_set_src), (454 bytes).
    Removing lv_img.o(i.lv_img_signal), (164 bytes).
    Removing lv_img.o(i.lv_mem_assert), (8 bytes).
    Removing lv_img.o(.data), (4 bytes).
    Removing lv_kb.o(.rev16_text), (4 bytes).
    Removing lv_kb.o(.revsh_text), (4 bytes).
    Removing lv_kb.o(.rrx_text), (6 bytes).
    Removing lv_kb.o(i.lv_app_kb_action), (448 bytes).
    Removing lv_kb.o(i.lv_kb_create), (284 bytes).
    Removing lv_kb.o(i.lv_kb_get_cursor_manage), (22 bytes).
    Removing lv_kb.o(i.lv_kb_get_hide_action), (16 bytes).
    Removing lv_kb.o(i.lv_kb_get_mode), (18 bytes).
    Removing lv_kb.o(i.lv_kb_get_ok_action), (16 bytes).
    Removing lv_kb.o(i.lv_kb_get_style), (84 bytes).
    Removing lv_kb.o(i.lv_kb_get_ta), (16 bytes).
    Removing lv_kb.o(i.lv_kb_set_cursor_manage), (86 bytes).
    Removing lv_kb.o(i.lv_kb_set_hide_action), (18 bytes).
    Removing lv_kb.o(i.lv_kb_set_mode), (64 bytes).
    Removing lv_kb.o(i.lv_kb_set_ok_action), (18 bytes).
    Removing lv_kb.o(i.lv_kb_set_style), (98 bytes).
    Removing lv_kb.o(i.lv_kb_set_ta), (86 bytes).
    Removing lv_kb.o(i.lv_kb_signal), (88 bytes).
    Removing lv_kb.o(i.lv_mem_assert), (8 bytes).
    Removing lv_kb.o(.conststring), (464 bytes).
    Removing lv_kb.o(.data), (616 bytes).
    Removing lv_label.o(.rev16_text), (4 bytes).
    Removing lv_label.o(.revsh_text), (4 bytes).
    Removing lv_label.o(.rrx_text), (6 bytes).
    Removing lv_label.o(i.lv_label_cut_text), (64 bytes).
    Removing lv_label.o(i.lv_label_get_anim_speed), (16 bytes).
    Removing lv_label.o(i.lv_label_get_letter_pos), (418 bytes).
    Removing lv_label.o(i.lv_label_get_no_break), (20 bytes).
    Removing lv_label.o(i.lv_label_ins_text), (104 bytes).
    Removing lv_label.o(i.lv_label_set_anim_speed), (46 bytes).
    Removing lv_label.o(i.lv_label_set_array_text), (106 bytes).
    Removing lv_label.o(i.lv_label_set_no_break), (44 bytes).
    Removing lv_led.o(.rev16_text), (4 bytes).
    Removing lv_led.o(.revsh_text), (4 bytes).
    Removing lv_led.o(.rrx_text), (6 bytes).
    Removing lv_led.o(i.lv_color_mix), (124 bytes).
    Removing lv_led.o(i.lv_led_create), (180 bytes).
    Removing lv_led.o(i.lv_led_design), (212 bytes).
    Removing lv_led.o(i.lv_led_get_bright), (16 bytes).
    Removing lv_led.o(i.lv_led_off), (14 bytes).
    Removing lv_led.o(i.lv_led_on), (14 bytes).
    Removing lv_led.o(i.lv_led_set_bright), (34 bytes).
    Removing lv_led.o(i.lv_led_set_style), (16 bytes).
    Removing lv_led.o(i.lv_led_signal), (88 bytes).
    Removing lv_led.o(i.lv_led_toggle), (32 bytes).
    Removing lv_led.o(i.lv_mem_assert), (8 bytes).
    Removing lv_led.o(.data), (8 bytes).
    Removing lv_line.o(.rev16_text), (4 bytes).
    Removing lv_line.o(.revsh_text), (4 bytes).
    Removing lv_line.o(.rrx_text), (6 bytes).
    Removing lv_line.o(i.lv_line_create), (220 bytes).
    Removing lv_line.o(i.lv_line_design), (230 bytes).
    Removing lv_line.o(i.lv_line_get_auto_size), (20 bytes).
    Removing lv_line.o(i.lv_line_get_style), (12 bytes).
    Removing lv_line.o(i.lv_line_get_y_inv), (20 bytes).
    Removing lv_line.o(i.lv_line_set_auto_size), (50 bytes).
    Removing lv_line.o(i.lv_line_set_points), (144 bytes).
    Removing lv_line.o(i.lv_line_set_y_invert), (44 bytes).
    Removing lv_line.o(i.lv_line_signal), (120 bytes).
    Removing lv_line.o(i.lv_mem_assert), (8 bytes).
    Removing lv_line.o(.data), (4 bytes).
    Removing lv_list.o(.rev16_text), (4 bytes).
    Removing lv_list.o(.revsh_text), (4 bytes).
    Removing lv_list.o(.rrx_text), (6 bytes).
    Removing lv_list.o(i.get_next_btn), (72 bytes).
    Removing lv_list.o(i.lv_list_add), (360 bytes).
    Removing lv_list.o(i.lv_list_create), (472 bytes).
    Removing lv_list.o(i.lv_list_down), (184 bytes).
    Removing lv_list.o(i.lv_list_focus), (50 bytes).
    Removing lv_list.o(i.lv_list_get_anim_time), (16 bytes).
    Removing lv_list.o(i.lv_list_get_btn_img), (56 bytes).
    Removing lv_list.o(i.lv_list_get_btn_label), (56 bytes).
    Removing lv_list.o(i.lv_list_get_btn_text), (32 bytes).
    Removing lv_list.o(i.lv_list_get_style), (84 bytes).
    Removing lv_list.o(i.lv_list_set_anim_time), (28 bytes).
    Removing lv_list.o(i.lv_list_set_style), (188 bytes).
    Removing lv_list.o(i.lv_list_signal), (536 bytes).
    Removing lv_list.o(i.lv_list_up), (220 bytes).
    Removing lv_list.o(i.lv_mem_assert), (8 bytes).
    Removing lv_list.o(i.refr_btn_width), (134 bytes).
    Removing lv_list.o(.data), (16 bytes).
    Removing lv_lmeter.o(.rev16_text), (4 bytes).
    Removing lv_lmeter.o(.revsh_text), (4 bytes).
    Removing lv_lmeter.o(.rrx_text), (6 bytes).
    Removing lv_lmeter.o(i.lv_lmeter_coord_round), (30 bytes).
    Removing lv_lmeter.o(i.lv_lmeter_create), (192 bytes).
    Removing lv_lmeter.o(i.lv_lmeter_design), (602 bytes).
    Removing lv_lmeter.o(i.lv_lmeter_get_line_count), (16 bytes).
    Removing lv_lmeter.o(i.lv_lmeter_get_max_value), (18 bytes).
    Removing lv_lmeter.o(i.lv_lmeter_get_min_value), (18 bytes).
    Removing lv_lmeter.o(i.lv_lmeter_get_scale_angle), (16 bytes).
    Removing lv_lmeter.o(i.lv_lmeter_get_value), (18 bytes).
    Removing lv_lmeter.o(i.lv_lmeter_set_range), (92 bytes).
    Removing lv_lmeter.o(i.lv_lmeter_set_scale), (48 bytes).
    Removing lv_lmeter.o(i.lv_lmeter_set_style), (16 bytes).
    Removing lv_lmeter.o(i.lv_lmeter_set_value), (76 bytes).
    Removing lv_lmeter.o(i.lv_lmeter_signal), (92 bytes).
    Removing lv_lmeter.o(i.lv_mem_assert), (8 bytes).
    Removing lv_lmeter.o(.data), (4 bytes).
    Removing lv_mbox.o(.rev16_text), (4 bytes).
    Removing lv_mbox.o(.revsh_text), (4 bytes).
    Removing lv_mbox.o(.rrx_text), (6 bytes).
    Removing lv_mbox.o(i.lv_mbox_add_btns), (136 bytes).
    Removing lv_mbox.o(i.lv_mbox_close_action), (34 bytes).
    Removing lv_mbox.o(i.lv_mbox_create), (256 bytes).
    Removing lv_mbox.o(i.lv_mbox_get_anim_time), (16 bytes).
    Removing lv_mbox.o(i.lv_mbox_get_from_btn), (16 bytes).
    Removing lv_mbox.o(i.lv_mbox_get_style), (102 bytes).
    Removing lv_mbox.o(i.lv_mbox_get_text), (20 bytes).
    Removing lv_mbox.o(i.lv_mbox_set_action), (24 bytes).
    Removing lv_mbox.o(i.lv_mbox_set_anim_time), (18 bytes).
    Removing lv_mbox.o(i.lv_mbox_set_style), (122 bytes).
    Removing lv_mbox.o(i.lv_mbox_set_text), (30 bytes).
    Removing lv_mbox.o(i.lv_mbox_signal), (204 bytes).
    Removing lv_mbox.o(i.lv_mbox_start_auto_close), (84 bytes).
    Removing lv_mbox.o(i.lv_mbox_stop_auto_close), (14 bytes).
    Removing lv_mbox.o(i.lv_mem_assert), (8 bytes).
    Removing lv_mbox.o(i.mbox_realign), (124 bytes).
    Removing lv_mbox.o(.data), (4 bytes).
    Removing lv_page.o(.rev16_text), (4 bytes).
    Removing lv_page.o(.revsh_text), (4 bytes).
    Removing lv_page.o(.rrx_text), (6 bytes).
    Removing lv_page.o(i.lv_area_copy), (10 bytes).
    Removing lv_page.o(i.lv_area_get_height), (14 bytes).
    Removing lv_page.o(i.lv_area_get_width), (14 bytes).
    Removing lv_page.o(i.lv_mem_assert), (8 bytes).
    Removing lv_page.o(i.lv_page_create), (504 bytes).
    Removing lv_page.o(i.lv_page_design), (308 bytes).
    Removing lv_page.o(i.lv_page_focus), (288 bytes).
    Removing lv_page.o(i.lv_page_get_sb_mode), (22 bytes).
    Removing lv_page.o(i.lv_page_get_scrl), (16 bytes).
    Removing lv_page.o(i.lv_page_get_style), (50 bytes).
    Removing lv_page.o(i.lv_page_glue_obj), (24 bytes).
    Removing lv_page.o(i.lv_page_sb_refresh), (1050 bytes).
    Removing lv_page.o(i.lv_page_scrollable_signal), (652 bytes).
    Removing lv_page.o(i.lv_page_set_pr_action), (18 bytes).
    Removing lv_page.o(i.lv_page_set_rel_action), (18 bytes).
    Removing lv_page.o(i.lv_page_set_sb_mode), (78 bytes).
    Removing lv_page.o(i.lv_page_set_style), (106 bytes).
    Removing lv_page.o(i.lv_page_signal), (492 bytes).
    Removing lv_page.o(i.lv_scrl_design), (148 bytes).
    Removing lv_page.o(.data), (8 bytes).
    Removing lv_roller.o(.rev16_text), (4 bytes).
    Removing lv_roller.o(.revsh_text), (4 bytes).
    Removing lv_roller.o(.rrx_text), (6 bytes).
    Removing lv_roller.o(i.draw_bg), (388 bytes).
    Removing lv_roller.o(i.lv_font_get_height), (6 bytes).
    Removing lv_roller.o(i.lv_mem_assert), (8 bytes).
    Removing lv_roller.o(i.lv_roller_create), (288 bytes).
    Removing lv_roller.o(i.lv_roller_design), (358 bytes).
    Removing lv_roller.o(i.lv_roller_get_hor_fit), (20 bytes).
    Removing lv_roller.o(i.lv_roller_get_style), (36 bytes).
    Removing lv_roller.o(i.lv_roller_scrl_signal), (292 bytes).
    Removing lv_roller.o(i.lv_roller_set_selected), (42 bytes).
    Removing lv_roller.o(i.lv_roller_set_style), (42 bytes).
    Removing lv_roller.o(i.lv_roller_set_visible_row_count), (56 bytes).
    Removing lv_roller.o(i.lv_roller_signal), (440 bytes).
    Removing lv_roller.o(i.refr_position), (216 bytes).
    Removing lv_roller.o(.data), (8 bytes).
    Removing lv_slider.o(.rev16_text), (4 bytes).
    Removing lv_slider.o(.revsh_text), (4 bytes).
    Removing lv_slider.o(.rrx_text), (6 bytes).
    Removing lv_slider.o(i.lv_area_copy), (10 bytes).
    Removing lv_slider.o(i.lv_area_get_height), (14 bytes).
    Removing lv_slider.o(i.lv_area_get_width), (14 bytes).
    Removing lv_slider.o(i.lv_mem_assert), (8 bytes).
    Removing lv_slider.o(i.lv_slider_create), (236 bytes).
    Removing lv_slider.o(i.lv_slider_design), (884 bytes).
    Removing lv_slider.o(i.lv_slider_get_action), (16 bytes).
    Removing lv_slider.o(i.lv_slider_get_knob_in), (20 bytes).
    Removing lv_slider.o(i.lv_slider_get_style), (54 bytes).
    Removing lv_slider.o(i.lv_slider_get_value), (36 bytes).
    Removing lv_slider.o(i.lv_slider_is_dragged), (30 bytes).
    Removing lv_slider.o(i.lv_slider_set_action), (18 bytes).
    Removing lv_slider.o(i.lv_slider_set_knob_in), (38 bytes).
    Removing lv_slider.o(i.lv_slider_set_style), (70 bytes).
    Removing lv_slider.o(i.lv_slider_set_value), (16 bytes).
    Removing lv_slider.o(i.lv_slider_signal), (724 bytes).
    Removing lv_slider.o(.data), (8 bytes).
    Removing lv_sw.o(.rev16_text), (4 bytes).
    Removing lv_sw.o(.revsh_text), (4 bytes).
    Removing lv_sw.o(.rrx_text), (6 bytes).
    Removing lv_sw.o(i.lv_mem_assert), (8 bytes).
    Removing lv_sw.o(i.lv_slider_set_value), (16 bytes).
    Removing lv_sw.o(i.lv_sw_create), (236 bytes).
    Removing lv_sw.o(i.lv_sw_get_state), (20 bytes).
    Removing lv_sw.o(i.lv_sw_get_style), (62 bytes).
    Removing lv_sw.o(i.lv_sw_off), (44 bytes).
    Removing lv_sw.o(i.lv_sw_on), (44 bytes).
    Removing lv_sw.o(i.lv_sw_set_style), (108 bytes).
    Removing lv_sw.o(i.lv_sw_signal), (368 bytes).
    Removing lv_sw.o(.data), (4 bytes).
    Removing lv_ta.o(.rev16_text), (4 bytes).
    Removing lv_ta.o(.revsh_text), (4 bytes).
    Removing lv_ta.o(.rrx_text), (6 bytes).
    Removing lv_ta.o(i.cursor_blink_anim), (64 bytes).
    Removing lv_ta.o(i.lv_font_get_height), (6 bytes).
    Removing lv_ta.o(i.lv_mem_assert), (8 bytes).
    Removing lv_ta.o(i.lv_page_set_scrl_fit), (30 bytes).
    Removing lv_ta.o(i.lv_ta_add_char), (212 bytes).
    Removing lv_ta.o(i.lv_ta_add_text), (224 bytes).
    Removing lv_ta.o(i.lv_ta_create), (580 bytes).
    Removing lv_ta.o(i.lv_ta_cursor_down), (122 bytes).
    Removing lv_ta.o(i.lv_ta_cursor_left), (30 bytes).
    Removing lv_ta.o(i.lv_ta_cursor_right), (26 bytes).
    Removing lv_ta.o(i.lv_ta_cursor_up), (106 bytes).
    Removing lv_ta.o(i.lv_ta_del_char), (166 bytes).
    Removing lv_ta.o(i.lv_ta_design), (68 bytes).
    Removing lv_ta.o(i.lv_ta_get_cursor_pos), (16 bytes).
    Removing lv_ta.o(i.lv_ta_get_cursor_type), (18 bytes).
    Removing lv_ta.o(i.lv_ta_get_label), (16 bytes).
    Removing lv_ta.o(i.lv_ta_get_one_line), (22 bytes).
    Removing lv_ta.o(i.lv_ta_get_pwd_mode), (22 bytes).
    Removing lv_ta.o(i.lv_ta_get_style), (54 bytes).
    Removing lv_ta.o(i.lv_ta_get_text), (38 bytes).
    Removing lv_ta.o(i.lv_ta_scrollable_design), (1032 bytes).
    Removing lv_ta.o(i.lv_ta_scrollable_signal), (112 bytes).
    Removing lv_ta.o(i.lv_ta_set_cursor_pos), (424 bytes).
    Removing lv_ta.o(i.lv_ta_set_cursor_type), (38 bytes).
    Removing lv_ta.o(i.lv_ta_set_one_line), (238 bytes).
    Removing lv_ta.o(i.lv_ta_set_pwd_mode), (156 bytes).
    Removing lv_ta.o(i.lv_ta_set_style), (76 bytes).
    Removing lv_ta.o(i.lv_ta_set_text), (208 bytes).
    Removing lv_ta.o(i.lv_ta_signal), (528 bytes).
    Removing lv_ta.o(i.pwd_char_hider), (90 bytes).
    Removing lv_ta.o(i.pwd_char_hider_anim), (2 bytes).
    Removing lv_ta.o(.data), (16 bytes).
    Removing lv_tabview.o(.rev16_text), (4 bytes).
    Removing lv_tabview.o(.revsh_text), (4 bytes).
    Removing lv_tabview.o(.rrx_text), (6 bytes).
    Removing lv_tabview.o(i.lv_mem_assert), (8 bytes).
    Removing lv_tabview.o(i.lv_tabview_add_tab), (392 bytes).
    Removing lv_tabview.o(i.lv_tabview_create), (676 bytes).
    Removing lv_tabview.o(i.lv_tabview_get_anim_time), (16 bytes).
    Removing lv_tabview.o(i.lv_tabview_get_sliding), (20 bytes).
    Removing lv_tabview.o(i.lv_tabview_get_style), (92 bytes).
    Removing lv_tabview.o(i.lv_tabview_get_tab), (64 bytes).
    Removing lv_tabview.o(i.lv_tabview_get_tab_act), (16 bytes).
    Removing lv_tabview.o(i.lv_tabview_get_tab_count), (16 bytes).
    Removing lv_tabview.o(i.lv_tabview_get_tab_load_action), (16 bytes).
    Removing lv_tabview.o(i.lv_tabview_set_anim_time), (18 bytes).
    Removing lv_tabview.o(i.lv_tabview_set_sliding), (24 bytes).
    Removing lv_tabview.o(i.lv_tabview_set_style), (148 bytes).
    Removing lv_tabview.o(i.lv_tabview_set_tab_act), (340 bytes).
    Removing lv_tabview.o(i.lv_tabview_set_tab_load_action), (18 bytes).
    Removing lv_tabview.o(i.lv_tabview_signal), (236 bytes).
    Removing lv_tabview.o(i.tab_btnm_action), (76 bytes).
    Removing lv_tabview.o(i.tabpage_press_lost_handler), (198 bytes).
    Removing lv_tabview.o(i.tabpage_pressed_handler), (36 bytes).
    Removing lv_tabview.o(i.tabpage_pressing_handler), (280 bytes).
    Removing lv_tabview.o(i.tabpage_scrl_signal), (124 bytes).
    Removing lv_tabview.o(i.tabpage_signal), (116 bytes).
    Removing lv_tabview.o(i.tabview_realign), (276 bytes).
    Removing lv_tabview.o(.conststring), (1 bytes).
    Removing lv_tabview.o(.data), (16 bytes).
    Removing lv_win.o(.rev16_text), (4 bytes).
    Removing lv_win.o(.revsh_text), (4 bytes).
    Removing lv_win.o(.rrx_text), (6 bytes).
    Removing lv_win.o(i.lv_mem_assert), (8 bytes).
    Removing lv_win.o(i.lv_win_add_btn), (108 bytes).
    Removing lv_win.o(i.lv_win_close_action), (22 bytes).
    Removing lv_win.o(i.lv_win_create), (536 bytes).
    Removing lv_win.o(i.lv_win_focus), (32 bytes).
    Removing lv_win.o(i.lv_win_get_btn_size), (18 bytes).
    Removing lv_win.o(i.lv_win_get_from_btn), (24 bytes).
    Removing lv_win.o(i.lv_win_get_layout), (32 bytes).
    Removing lv_win.o(i.lv_win_get_sb_mode), (20 bytes).
    Removing lv_win.o(i.lv_win_get_style), (88 bytes).
    Removing lv_win.o(i.lv_win_get_title), (20 bytes).
    Removing lv_win.o(i.lv_win_get_width), (54 bytes).
    Removing lv_win.o(i.lv_win_realign), (264 bytes).
    Removing lv_win.o(i.lv_win_set_btn_size), (36 bytes).
    Removing lv_win.o(i.lv_win_set_layout), (38 bytes).
    Removing lv_win.o(i.lv_win_set_sb_mode), (24 bytes).
    Removing lv_win.o(i.lv_win_set_style), (188 bytes).
    Removing lv_win.o(i.lv_win_set_title), (30 bytes).
    Removing lv_win.o(i.lv_win_signal), (252 bytes).
    Removing lv_win.o(.data), (4 bytes).
    Removing lv_theme.o(.rev16_text), (4 bytes).
    Removing lv_theme.o(.revsh_text), (4 bytes).
    Removing lv_theme.o(.rrx_text), (6 bytes).
    Removing lv_theme.o(i.lv_theme_set_current), (12 bytes).
    Removing lv_theme_alien.o(.rev16_text), (4 bytes).
    Removing lv_theme_alien.o(.revsh_text), (4 bytes).
    Removing lv_theme_alien.o(.rrx_text), (6 bytes).
    Removing lv_theme_default.o(.rev16_text), (4 bytes).
    Removing lv_theme_default.o(.revsh_text), (4 bytes).
    Removing lv_theme_default.o(.rrx_text), (6 bytes).
    Removing lv_theme_material.o(.rev16_text), (4 bytes).
    Removing lv_theme_material.o(.revsh_text), (4 bytes).
    Removing lv_theme_material.o(.rrx_text), (6 bytes).
    Removing lv_theme_mono.o(.rev16_text), (4 bytes).
    Removing lv_theme_mono.o(.revsh_text), (4 bytes).
    Removing lv_theme_mono.o(.rrx_text), (6 bytes).
    Removing lv_theme_night.o(.rev16_text), (4 bytes).
    Removing lv_theme_night.o(.revsh_text), (4 bytes).
    Removing lv_theme_night.o(.rrx_text), (6 bytes).
    Removing lv_theme_templ.o(.rev16_text), (4 bytes).
    Removing lv_theme_templ.o(.revsh_text), (4 bytes).
    Removing lv_theme_templ.o(.rrx_text), (6 bytes).
    Removing lv_theme_zen.o(.rev16_text), (4 bytes).
    Removing lv_theme_zen.o(.revsh_text), (4 bytes).
    Removing lv_theme_zen.o(.rrx_text), (6 bytes).
    Removing lv_font_dejavu_10.o(.rev16_text), (4 bytes).
    Removing lv_font_dejavu_10.o(.revsh_text), (4 bytes).
    Removing lv_font_dejavu_10.o(.rrx_text), (6 bytes).
    Removing lv_font_dejavu_10_cyrillic.o(.rev16_text), (4 bytes).
    Removing lv_font_dejavu_10_cyrillic.o(.revsh_text), (4 bytes).
    Removing lv_font_dejavu_10_cyrillic.o(.rrx_text), (6 bytes).
    Removing lv_font_dejavu_10_latin_sup.o(.rev16_text), (4 bytes).
    Removing lv_font_dejavu_10_latin_sup.o(.revsh_text), (4 bytes).
    Removing lv_font_dejavu_10_latin_sup.o(.rrx_text), (6 bytes).
    Removing lv_font_dejavu_20.o(.rev16_text), (4 bytes).
    Removing lv_font_dejavu_20.o(.revsh_text), (4 bytes).
    Removing lv_font_dejavu_20.o(.rrx_text), (6 bytes).
    Removing lv_font_dejavu_20_cyrillic.o(.rev16_text), (4 bytes).
    Removing lv_font_dejavu_20_cyrillic.o(.revsh_text), (4 bytes).
    Removing lv_font_dejavu_20_cyrillic.o(.rrx_text), (6 bytes).
    Removing lv_font_dejavu_20_latin_sup.o(.rev16_text), (4 bytes).
    Removing lv_font_dejavu_20_latin_sup.o(.revsh_text), (4 bytes).
    Removing lv_font_dejavu_20_latin_sup.o(.rrx_text), (6 bytes).
    Removing lv_font_dejavu_30.o(.rev16_text), (4 bytes).
    Removing lv_font_dejavu_30.o(.revsh_text), (4 bytes).
    Removing lv_font_dejavu_30.o(.rrx_text), (6 bytes).
    Removing lv_font_dejavu_30_cyrillic.o(.rev16_text), (4 bytes).
    Removing lv_font_dejavu_30_cyrillic.o(.revsh_text), (4 bytes).
    Removing lv_font_dejavu_30_cyrillic.o(.rrx_text), (6 bytes).
    Removing lv_font_dejavu_30_latin_sup.o(.rev16_text), (4 bytes).
    Removing lv_font_dejavu_30_latin_sup.o(.revsh_text), (4 bytes).
    Removing lv_font_dejavu_30_latin_sup.o(.rrx_text), (6 bytes).
    Removing lv_font_dejavu_40.o(.rev16_text), (4 bytes).
    Removing lv_font_dejavu_40.o(.revsh_text), (4 bytes).
    Removing lv_font_dejavu_40.o(.rrx_text), (6 bytes).
    Removing lv_font_dejavu_40_cyrillic.o(.rev16_text), (4 bytes).
    Removing lv_font_dejavu_40_cyrillic.o(.revsh_text), (4 bytes).
    Removing lv_font_dejavu_40_cyrillic.o(.rrx_text), (6 bytes).
    Removing lv_font_dejavu_40_latin_sup.o(.rev16_text), (4 bytes).
    Removing lv_font_dejavu_40_latin_sup.o(.revsh_text), (4 bytes).
    Removing lv_font_dejavu_40_latin_sup.o(.rrx_text), (6 bytes).
    Removing lv_font_symbol_10.o(.rev16_text), (4 bytes).
    Removing lv_font_symbol_10.o(.revsh_text), (4 bytes).
    Removing lv_font_symbol_10.o(.rrx_text), (6 bytes).
    Removing lv_font_symbol_20.o(.rev16_text), (4 bytes).
    Removing lv_font_symbol_20.o(.revsh_text), (4 bytes).
    Removing lv_font_symbol_20.o(.rrx_text), (6 bytes).
    Removing lv_font_symbol_30.o(.rev16_text), (4 bytes).
    Removing lv_font_symbol_30.o(.revsh_text), (4 bytes).
    Removing lv_font_symbol_30.o(.rrx_text), (6 bytes).
    Removing lv_font_symbol_40.o(.rev16_text), (4 bytes).
    Removing lv_font_symbol_40.o(.revsh_text), (4 bytes).
    Removing lv_font_symbol_40.o(.rrx_text), (6 bytes).
    Removing lv_hal_disp.o(.rev16_text), (4 bytes).
    Removing lv_hal_disp.o(.revsh_text), (4 bytes).
    Removing lv_hal_disp.o(.rrx_text), (6 bytes).
    Removing lv_hal_disp.o(i.lv_disp_fill), (60 bytes).
    Removing lv_hal_disp.o(i.lv_disp_get_active), (12 bytes).
    Removing lv_hal_disp.o(i.lv_disp_map), (64 bytes).
    Removing lv_hal_disp.o(i.lv_disp_next), (36 bytes).
    Removing lv_hal_disp.o(i.lv_disp_set_active), (24 bytes).
    Removing tft.o(.rev16_text), (4 bytes).
    Removing tft.o(.revsh_text), (4 bytes).
    Removing tft.o(.rrx_text), (6 bytes).
    Removing touchpad.o(.rev16_text), (4 bytes).
    Removing touchpad.o(.revsh_text), (4 bytes).
    Removing touchpad.o(.rrx_text), (6 bytes).
    Removing demo.o(.rev16_text), (4 bytes).
    Removing demo.o(.revsh_text), (4 bytes).
    Removing demo.o(.rrx_text), (6 bytes).
    Removing demo.o(i.chart_create), (660 bytes).
    Removing demo.o(i.demo_create), (328 bytes).
    Removing demo.o(i.list_btn_action), (40 bytes).
    Removing demo.o(i.list_create), (572 bytes).
    Removing demo.o(i.lv_page_get_scrl_width), (18 bytes).
    Removing demo.o(i.lv_page_set_scrl_fit), (30 bytes).
    Removing demo.o(i.lv_page_set_scrl_height), (22 bytes).
    Removing demo.o(i.slider_action), (44 bytes).
    Removing demo.o(i.write_create), (456 bytes).
    Removing demo.o(.bss), (780 bytes).
    Removing demo.o(.constdata), (98 bytes).
    Removing demo.o(.conststring), (9 bytes).
    Removing demo.o(.data), (16 bytes).
    Removing img_bubble_pattern.o(.constdata), (225604 bytes).
    Removing wrjzy_20.o(.rev16_text), (4 bytes).
    Removing wrjzy_20.o(.revsh_text), (4 bytes).
    Removing wrjzy_20.o(.rrx_text), (6 bytes).
    Removing wrjzy_20.o(.constdata), (1472 bytes).
    Removing wrjzy_20.o(.data), (40 bytes).
    Removing wrjzy_40.o(.rev16_text), (4 bytes).
    Removing wrjzy_40.o(.revsh_text), (4 bytes).
    Removing wrjzy_40.o(.rrx_text), (6 bytes).
    Removing guicharpex.o(.rev16_text), (4 bytes).
    Removing guicharpex.o(.revsh_text), (4 bytes).
    Removing guicharpex.o(.rrx_text), (6 bytes).
    Removing guicharpex.o(i.GUI_GetDataFromMemory), (332 bytes).
    Removing hzchar.o(.rev16_text), (4 bytes).
    Removing hzchar.o(.revsh_text), (4 bytes).
    Removing hzchar.o(.rrx_text), (6 bytes).

1347 unused section(s) (total 323739 bytes) removed from the image.
