<!doctype html public "-//w3c//dtd html 4.0 transitional//en">
<html><head>
<title>Static Call Graph - [.\Objects\KHD_2.axf]</title></head>
<body><HR>
<H1>Static Call Graph for image .\Objects\KHD_2.axf</H1><HR>
<BR><P>#&#060CALLGRAPH&#062# ARM Linker, 5060750: Last Updated: Tue Sep 18 23:25:22 2018
<BR><P>
<H3>Maximum Stack Usage =        632 bytes + Unknown(Functions without stacksize, Cycles, Untraceable Function Pointers)</H3><H3>
Call chain for Maximum Stack Depth:</H3>
finsh_thread_entry &rArr; finsh_run_line &rArr; finsh_parser_run &rArr; proc_variable_decl &rArr; proc_assign_expr &rArr;  proc_assign_expr (Cycle)
<P>
<H3>
Functions with no stack information
</H3><UL>
 <LI><a href="#[132]">__user_initial_stackheap</a>
</UL>
</UL>
<P>
<H3>
Mutually Recursive functions
</H3> <LI><a href="#[2b]">ADC_IRQHandler</a>&nbsp;&nbsp;&nbsp;&rArr;&nbsp;&nbsp;&nbsp;<a href="#[2b]">ADC_IRQHandler</a><BR>
 <LI><a href="#[177]">rt_assert_handler</a>&nbsp;&nbsp;&nbsp;&rArr;&nbsp;&nbsp;&nbsp;<a href="#[167]">rt_kprintf</a><BR>
 <LI><a href="#[17b]">_rt_scheduler_stack_check</a>&nbsp;&nbsp;&nbsp;&rArr;&nbsp;&nbsp;&nbsp;<a href="#[f3]">list_thread</a><BR>
 <LI><a href="#[1be]">finsh_type_check</a>&nbsp;&nbsp;&nbsp;&rArr;&nbsp;&nbsp;&nbsp;<a href="#[1be]">finsh_type_check</a><BR>
 <LI><a href="#[1bb]">finsh_compile</a>&nbsp;&nbsp;&nbsp;&rArr;&nbsp;&nbsp;&nbsp;<a href="#[1bb]">finsh_compile</a><BR>
 <LI><a href="#[2de]">proc_expr</a>&nbsp;&nbsp;&nbsp;&rArr;&nbsp;&nbsp;&nbsp;<a href="#[2d8]">proc_assign_expr</a><BR>
 <LI><a href="#[2e0]">proc_param_list</a>&nbsp;&nbsp;&nbsp;&rArr;&nbsp;&nbsp;&nbsp;<a href="#[2d8]">proc_assign_expr</a><BR>
 <LI><a href="#[2dc]">proc_unary_expr</a>&nbsp;&nbsp;&nbsp;&rArr;&nbsp;&nbsp;&nbsp;<a href="#[2da]">proc_cast_expr</a><BR>
 <LI><a href="#[2da]">proc_cast_expr</a>&nbsp;&nbsp;&nbsp;&rArr;&nbsp;&nbsp;&nbsp;<a href="#[2da]">proc_cast_expr</a><BR>
 <LI><a href="#[2d8]">proc_assign_expr</a>&nbsp;&nbsp;&nbsp;&rArr;&nbsp;&nbsp;&nbsp;<a href="#[2d8]">proc_assign_expr</a><BR>
 <LI><a href="#[2ac]">refresh_childen_position</a>&nbsp;&nbsp;&nbsp;&rArr;&nbsp;&nbsp;&nbsp;<a href="#[2ac]">refresh_childen_position</a><BR>
 <LI><a href="#[2ad]">refresh_childen_style</a>&nbsp;&nbsp;&nbsp;&rArr;&nbsp;&nbsp;&nbsp;<a href="#[2ad]">refresh_childen_style</a><BR>
 <LI><a href="#[21f]">indev_search_obj</a>&nbsp;&nbsp;&nbsp;&rArr;&nbsp;&nbsp;&nbsp;<a href="#[21f]">indev_search_obj</a><BR>
 <LI><a href="#[2ba]">lv_refr_obj</a>&nbsp;&nbsp;&nbsp;&rArr;&nbsp;&nbsp;&nbsp;<a href="#[2ba]">lv_refr_obj</a><BR>
 <LI><a href="#[2b0]">lv_refr_get_top_obj</a>&nbsp;&nbsp;&nbsp;&rArr;&nbsp;&nbsp;&nbsp;<a href="#[2b0]">lv_refr_get_top_obj</a><BR>
</UL>
<P>
<H3>
Function Pointers
</H3><UL>
 <LI><a href="#[2b]">ADC_IRQHandler</a> from startup_stm32f40_41xxx.o(.text) referenced from startup_stm32f40_41xxx.o(RESET)
 <LI><a href="#[13]">BusFault_Handler</a> from stm32f4xx_it.o(i.BusFault_Handler) referenced from startup_stm32f40_41xxx.o(RESET)
 <LI><a href="#[2d]">CAN1_RX0_IRQHandler</a> from startup_stm32f40_41xxx.o(.text) referenced from startup_stm32f40_41xxx.o(RESET)
 <LI><a href="#[2e]">CAN1_RX1_IRQHandler</a> from startup_stm32f40_41xxx.o(.text) referenced from startup_stm32f40_41xxx.o(RESET)
 <LI><a href="#[2f]">CAN1_SCE_IRQHandler</a> from startup_stm32f40_41xxx.o(.text) referenced from startup_stm32f40_41xxx.o(RESET)
 <LI><a href="#[2c]">CAN1_TX_IRQHandler</a> from startup_stm32f40_41xxx.o(.text) referenced from startup_stm32f40_41xxx.o(RESET)
 <LI><a href="#[59]">CAN2_RX0_IRQHandler</a> from startup_stm32f40_41xxx.o(.text) referenced from startup_stm32f40_41xxx.o(RESET)
 <LI><a href="#[5a]">CAN2_RX1_IRQHandler</a> from startup_stm32f40_41xxx.o(.text) referenced from startup_stm32f40_41xxx.o(RESET)
 <LI><a href="#[5b]">CAN2_SCE_IRQHandler</a> from startup_stm32f40_41xxx.o(.text) referenced from startup_stm32f40_41xxx.o(RESET)
 <LI><a href="#[58]">CAN2_TX_IRQHandler</a> from startup_stm32f40_41xxx.o(.text) referenced from startup_stm32f40_41xxx.o(RESET)
 <LI><a href="#[68]">CRYP_IRQHandler</a> from startup_stm32f40_41xxx.o(.text) referenced from startup_stm32f40_41xxx.o(RESET)
 <LI><a href="#[67]">DCMI_IRQHandler</a> from startup_stm32f40_41xxx.o(.text) referenced from startup_stm32f40_41xxx.o(RESET)
 <LI><a href="#[24]">DMA1_Stream0_IRQHandler</a> from startup_stm32f40_41xxx.o(.text) referenced from startup_stm32f40_41xxx.o(RESET)
 <LI><a href="#[25]">DMA1_Stream1_IRQHandler</a> from usart.o(i.DMA1_Stream1_IRQHandler) referenced from startup_stm32f40_41xxx.o(RESET)
 <LI><a href="#[26]">DMA1_Stream2_IRQHandler</a> from startup_stm32f40_41xxx.o(.text) referenced from startup_stm32f40_41xxx.o(RESET)
 <LI><a href="#[27]">DMA1_Stream3_IRQHandler</a> from startup_stm32f40_41xxx.o(.text) referenced from startup_stm32f40_41xxx.o(RESET)
 <LI><a href="#[28]">DMA1_Stream4_IRQHandler</a> from startup_stm32f40_41xxx.o(.text) referenced from startup_stm32f40_41xxx.o(RESET)
 <LI><a href="#[29]">DMA1_Stream5_IRQHandler</a> from usart.o(i.DMA1_Stream5_IRQHandler) referenced from startup_stm32f40_41xxx.o(RESET)
 <LI><a href="#[2a]">DMA1_Stream6_IRQHandler</a> from startup_stm32f40_41xxx.o(.text) referenced from startup_stm32f40_41xxx.o(RESET)
 <LI><a href="#[48]">DMA1_Stream7_IRQHandler</a> from startup_stm32f40_41xxx.o(.text) referenced from startup_stm32f40_41xxx.o(RESET)
 <LI><a href="#[51]">DMA2_Stream0_IRQHandler</a> from startup_stm32f40_41xxx.o(.text) referenced from startup_stm32f40_41xxx.o(RESET)
 <LI><a href="#[52]">DMA2_Stream1_IRQHandler</a> from usart.o(i.DMA2_Stream1_IRQHandler) referenced from startup_stm32f40_41xxx.o(RESET)
 <LI><a href="#[53]">DMA2_Stream2_IRQHandler</a> from startup_stm32f40_41xxx.o(.text) referenced from startup_stm32f40_41xxx.o(RESET)
 <LI><a href="#[54]">DMA2_Stream3_IRQHandler</a> from startup_stm32f40_41xxx.o(.text) referenced from startup_stm32f40_41xxx.o(RESET)
 <LI><a href="#[55]">DMA2_Stream4_IRQHandler</a> from startup_stm32f40_41xxx.o(.text) referenced from startup_stm32f40_41xxx.o(RESET)
 <LI><a href="#[5d]">DMA2_Stream5_IRQHandler</a> from usart.o(i.DMA2_Stream5_IRQHandler) referenced from startup_stm32f40_41xxx.o(RESET)
 <LI><a href="#[5e]">DMA2_Stream6_IRQHandler</a> from startup_stm32f40_41xxx.o(.text) referenced from startup_stm32f40_41xxx.o(RESET)
 <LI><a href="#[5f]">DMA2_Stream7_IRQHandler</a> from startup_stm32f40_41xxx.o(.text) referenced from startup_stm32f40_41xxx.o(RESET)
 <LI><a href="#[16]">DebugMon_Handler</a> from stm32f4xx_it.o(i.DebugMon_Handler) referenced from startup_stm32f40_41xxx.o(RESET)
 <LI><a href="#[56]">ETH_IRQHandler</a> from startup_stm32f40_41xxx.o(.text) referenced from startup_stm32f40_41xxx.o(RESET)
 <LI><a href="#[57]">ETH_WKUP_IRQHandler</a> from startup_stm32f40_41xxx.o(.text) referenced from startup_stm32f40_41xxx.o(RESET)
 <LI><a href="#[1f]">EXTI0_IRQHandler</a> from startup_stm32f40_41xxx.o(.text) referenced from startup_stm32f40_41xxx.o(RESET)
 <LI><a href="#[41]">EXTI15_10_IRQHandler</a> from startup_stm32f40_41xxx.o(.text) referenced from startup_stm32f40_41xxx.o(RESET)
 <LI><a href="#[20]">EXTI1_IRQHandler</a> from startup_stm32f40_41xxx.o(.text) referenced from startup_stm32f40_41xxx.o(RESET)
 <LI><a href="#[21]">EXTI2_IRQHandler</a> from startup_stm32f40_41xxx.o(.text) referenced from startup_stm32f40_41xxx.o(RESET)
 <LI><a href="#[22]">EXTI3_IRQHandler</a> from startup_stm32f40_41xxx.o(.text) referenced from startup_stm32f40_41xxx.o(RESET)
 <LI><a href="#[23]">EXTI4_IRQHandler</a> from startup_stm32f40_41xxx.o(.text) referenced from startup_stm32f40_41xxx.o(RESET)
 <LI><a href="#[30]">EXTI9_5_IRQHandler</a> from startup_stm32f40_41xxx.o(.text) referenced from startup_stm32f40_41xxx.o(RESET)
 <LI><a href="#[1d]">FLASH_IRQHandler</a> from startup_stm32f40_41xxx.o(.text) referenced from startup_stm32f40_41xxx.o(RESET)
 <LI><a href="#[6a]">FPU_IRQHandler</a> from startup_stm32f40_41xxx.o(.text) referenced from startup_stm32f40_41xxx.o(RESET)
 <LI><a href="#[49]">FSMC_IRQHandler</a> from startup_stm32f40_41xxx.o(.text) referenced from startup_stm32f40_41xxx.o(RESET)
 <LI><a href="#[69]">HASH_RNG_IRQHandler</a> from startup_stm32f40_41xxx.o(.text) referenced from startup_stm32f40_41xxx.o(RESET)
 <LI><a href="#[11]">HardFault_Handler</a> from context_rvds.o(.text) referenced from startup_stm32f40_41xxx.o(RESET)
 <LI><a href="#[39]">I2C1_ER_IRQHandler</a> from startup_stm32f40_41xxx.o(.text) referenced from startup_stm32f40_41xxx.o(RESET)
 <LI><a href="#[38]">I2C1_EV_IRQHandler</a> from startup_stm32f40_41xxx.o(.text) referenced from startup_stm32f40_41xxx.o(RESET)
 <LI><a href="#[3b]">I2C2_ER_IRQHandler</a> from startup_stm32f40_41xxx.o(.text) referenced from startup_stm32f40_41xxx.o(RESET)
 <LI><a href="#[3a]">I2C2_EV_IRQHandler</a> from startup_stm32f40_41xxx.o(.text) referenced from startup_stm32f40_41xxx.o(RESET)
 <LI><a href="#[62]">I2C3_ER_IRQHandler</a> from startup_stm32f40_41xxx.o(.text) referenced from startup_stm32f40_41xxx.o(RESET)
 <LI><a href="#[61]">I2C3_EV_IRQHandler</a> from startup_stm32f40_41xxx.o(.text) referenced from startup_stm32f40_41xxx.o(RESET)
 <LI><a href="#[12]">MemManage_Handler</a> from stm32f4xx_it.o(i.MemManage_Handler) referenced from startup_stm32f40_41xxx.o(RESET)
 <LI><a href="#[10]">NMI_Handler</a> from stm32f4xx_it.o(i.NMI_Handler) referenced from startup_stm32f40_41xxx.o(RESET)
 <LI><a href="#[c2]">OP_add_byte</a> from finsh_ops.o(i.OP_add_byte) referenced from finsh_ops.o(.constdata)
 <LI><a href="#[c4]">OP_add_dword</a> from finsh_ops.o(i.OP_add_dword) referenced from finsh_ops.o(.constdata)
 <LI><a href="#[c3]">OP_add_word</a> from finsh_ops.o(i.OP_add_word) referenced from finsh_ops.o(.constdata)
 <LI><a href="#[d1]">OP_and_byte</a> from finsh_ops.o(i.OP_and_byte) referenced from finsh_ops.o(.constdata)
 <LI><a href="#[d3]">OP_and_dword</a> from finsh_ops.o(i.OP_and_dword) referenced from finsh_ops.o(.constdata)
 <LI><a href="#[d2]">OP_and_word</a> from finsh_ops.o(i.OP_and_word) referenced from finsh_ops.o(.constdata)
 <LI><a href="#[da]">OP_bw_byte</a> from finsh_ops.o(i.OP_bw_byte) referenced from finsh_ops.o(.constdata)
 <LI><a href="#[dc]">OP_bw_dword</a> from finsh_ops.o(i.OP_bw_dword) referenced from finsh_ops.o(.constdata)
 <LI><a href="#[db]">OP_bw_word</a> from finsh_ops.o(i.OP_bw_word) referenced from finsh_ops.o(.constdata)
 <LI><a href="#[ed]">OP_call</a> from finsh_ops.o(i.OP_call) referenced from finsh_ops.o(.constdata)
 <LI><a href="#[c8]">OP_div_byte</a> from finsh_ops.o(i.OP_div_byte) referenced from finsh_ops.o(.constdata)
 <LI><a href="#[ca]">OP_div_dword</a> from finsh_ops.o(i.OP_div_dword) referenced from finsh_ops.o(.constdata)
 <LI><a href="#[c9]">OP_div_word</a> from finsh_ops.o(i.OP_div_word) referenced from finsh_ops.o(.constdata)
 <LI><a href="#[e3]">OP_ld_byte</a> from finsh_ops.o(i.OP_ld_byte) referenced from finsh_ops.o(.constdata)
 <LI><a href="#[e5]">OP_ld_dword</a> from finsh_ops.o(i.OP_ld_dword) referenced from finsh_ops.o(.constdata)
 <LI><a href="#[e6]">OP_ld_value_byte</a> from finsh_ops.o(i.OP_ld_value_byte) referenced from finsh_ops.o(.constdata)
 <LI><a href="#[ee]">OP_ld_value_byte_stack</a> from finsh_ops.o(i.OP_ld_value_byte_stack) referenced from finsh_ops.o(.constdata)
 <LI><a href="#[e8]">OP_ld_value_dword</a> from finsh_ops.o(i.OP_ld_value_dword) referenced from finsh_ops.o(.constdata)
 <LI><a href="#[f0]">OP_ld_value_dword_stack</a> from finsh_ops.o(i.OP_ld_value_dword_stack) referenced from finsh_ops.o(.constdata)
 <LI><a href="#[e7]">OP_ld_value_word</a> from finsh_ops.o(i.OP_ld_value_word) referenced from finsh_ops.o(.constdata)
 <LI><a href="#[ef]">OP_ld_value_word_stack</a> from finsh_ops.o(i.OP_ld_value_word_stack) referenced from finsh_ops.o(.constdata)
 <LI><a href="#[e4]">OP_ld_word</a> from finsh_ops.o(i.OP_ld_word) referenced from finsh_ops.o(.constdata)
 <LI><a href="#[cb]">OP_mod_byte</a> from finsh_ops.o(i.OP_mod_byte) referenced from finsh_ops.o(.constdata)
 <LI><a href="#[cd]">OP_mod_dword</a> from finsh_ops.o(i.OP_mod_dword) referenced from finsh_ops.o(.constdata)
 <LI><a href="#[cc]">OP_mod_word</a> from finsh_ops.o(i.OP_mod_word) referenced from finsh_ops.o(.constdata)
 <LI><a href="#[ce]">OP_mul_byte</a> from finsh_ops.o(i.OP_mul_byte) referenced from finsh_ops.o(.constdata)
 <LI><a href="#[d0]">OP_mul_dword</a> from finsh_ops.o(i.OP_mul_dword) referenced from finsh_ops.o(.constdata)
 <LI><a href="#[cf]">OP_mul_word</a> from finsh_ops.o(i.OP_mul_word) referenced from finsh_ops.o(.constdata)
 <LI><a href="#[c1]">OP_no_op</a> from finsh_ops.o(i.OP_no_op) referenced from finsh_ops.o(.constdata)
 <LI><a href="#[d4]">OP_or_byte</a> from finsh_ops.o(i.OP_or_byte) referenced from finsh_ops.o(.constdata)
 <LI><a href="#[d6]">OP_or_dword</a> from finsh_ops.o(i.OP_or_dword) referenced from finsh_ops.o(.constdata)
 <LI><a href="#[d5]">OP_or_word</a> from finsh_ops.o(i.OP_or_word) referenced from finsh_ops.o(.constdata)
 <LI><a href="#[ec]">OP_pop</a> from finsh_ops.o(i.OP_pop) referenced from finsh_ops.o(.constdata)
 <LI><a href="#[dd]">OP_shl_byte</a> from finsh_ops.o(i.OP_shl_byte) referenced from finsh_ops.o(.constdata)
 <LI><a href="#[df]">OP_shl_dword</a> from finsh_ops.o(i.OP_shl_dword) referenced from finsh_ops.o(.constdata)
 <LI><a href="#[de]">OP_shl_word</a> from finsh_ops.o(i.OP_shl_word) referenced from finsh_ops.o(.constdata)
 <LI><a href="#[e0]">OP_shr_byte</a> from finsh_ops.o(i.OP_shr_byte) referenced from finsh_ops.o(.constdata)
 <LI><a href="#[e2]">OP_shr_dword</a> from finsh_ops.o(i.OP_shr_dword) referenced from finsh_ops.o(.constdata)
 <LI><a href="#[e1]">OP_shr_word</a> from finsh_ops.o(i.OP_shr_word) referenced from finsh_ops.o(.constdata)
 <LI><a href="#[e9]">OP_st_byte</a> from finsh_ops.o(i.OP_st_byte) referenced from finsh_ops.o(.constdata)
 <LI><a href="#[eb]">OP_st_dword</a> from finsh_ops.o(i.OP_st_dword) referenced from finsh_ops.o(.constdata)
 <LI><a href="#[ea]">OP_st_word</a> from finsh_ops.o(i.OP_st_word) referenced from finsh_ops.o(.constdata)
 <LI><a href="#[c5]">OP_sub_byte</a> from finsh_ops.o(i.OP_sub_byte) referenced from finsh_ops.o(.constdata)
 <LI><a href="#[c7]">OP_sub_dword</a> from finsh_ops.o(i.OP_sub_dword) referenced from finsh_ops.o(.constdata)
 <LI><a href="#[c6]">OP_sub_word</a> from finsh_ops.o(i.OP_sub_word) referenced from finsh_ops.o(.constdata)
 <LI><a href="#[d7]">OP_xor_byte</a> from finsh_ops.o(i.OP_xor_byte) referenced from finsh_ops.o(.constdata)
 <LI><a href="#[d9]">OP_xor_dword</a> from finsh_ops.o(i.OP_xor_dword) referenced from finsh_ops.o(.constdata)
 <LI><a href="#[d8]">OP_xor_word</a> from finsh_ops.o(i.OP_xor_word) referenced from finsh_ops.o(.constdata)
 <LI><a href="#[5c]">OTG_FS_IRQHandler</a> from startup_stm32f40_41xxx.o(.text) referenced from startup_stm32f40_41xxx.o(RESET)
 <LI><a href="#[43]">OTG_FS_WKUP_IRQHandler</a> from startup_stm32f40_41xxx.o(.text) referenced from startup_stm32f40_41xxx.o(RESET)
 <LI><a href="#[64]">OTG_HS_EP1_IN_IRQHandler</a> from startup_stm32f40_41xxx.o(.text) referenced from startup_stm32f40_41xxx.o(RESET)
 <LI><a href="#[63]">OTG_HS_EP1_OUT_IRQHandler</a> from startup_stm32f40_41xxx.o(.text) referenced from startup_stm32f40_41xxx.o(RESET)
 <LI><a href="#[66]">OTG_HS_IRQHandler</a> from startup_stm32f40_41xxx.o(.text) referenced from startup_stm32f40_41xxx.o(RESET)
 <LI><a href="#[65]">OTG_HS_WKUP_IRQHandler</a> from startup_stm32f40_41xxx.o(.text) referenced from startup_stm32f40_41xxx.o(RESET)
 <LI><a href="#[1a]">PVD_IRQHandler</a> from startup_stm32f40_41xxx.o(.text) referenced from startup_stm32f40_41xxx.o(RESET)
 <LI><a href="#[17]">PendSV_Handler</a> from context_rvds.o(.text) referenced from startup_stm32f40_41xxx.o(RESET)
 <LI><a href="#[1e]">RCC_IRQHandler</a> from startup_stm32f40_41xxx.o(.text) referenced from startup_stm32f40_41xxx.o(RESET)
 <LI><a href="#[42]">RTC_Alarm_IRQHandler</a> from startup_stm32f40_41xxx.o(.text) referenced from startup_stm32f40_41xxx.o(RESET)
 <LI><a href="#[1c]">RTC_WKUP_IRQHandler</a> from startup_stm32f40_41xxx.o(.text) referenced from startup_stm32f40_41xxx.o(RESET)
 <LI><a href="#[f]">Reset_Handler</a> from startup_stm32f40_41xxx.o(.text) referenced from startup_stm32f40_41xxx.o(RESET)
 <LI><a href="#[4a]">SDIO_IRQHandler</a> from startup_stm32f40_41xxx.o(.text) referenced from startup_stm32f40_41xxx.o(RESET)
 <LI><a href="#[3c]">SPI1_IRQHandler</a> from startup_stm32f40_41xxx.o(.text) referenced from startup_stm32f40_41xxx.o(RESET)
 <LI><a href="#[3d]">SPI2_IRQHandler</a> from startup_stm32f40_41xxx.o(.text) referenced from startup_stm32f40_41xxx.o(RESET)
 <LI><a href="#[4c]">SPI3_IRQHandler</a> from startup_stm32f40_41xxx.o(.text) referenced from startup_stm32f40_41xxx.o(RESET)
 <LI><a href="#[15]">SVC_Handler</a> from stm32f4xx_it.o(i.SVC_Handler) referenced from startup_stm32f40_41xxx.o(RESET)
 <LI><a href="#[18]">SysTick_Handler</a> from board.o(i.SysTick_Handler) referenced from startup_stm32f40_41xxx.o(RESET)
 <LI><a href="#[6b]">SystemInit</a> from system_stm32f4xx.o(i.SystemInit) referenced from startup_stm32f40_41xxx.o(.text)
 <LI><a href="#[1b]">TAMP_STAMP_IRQHandler</a> from startup_stm32f40_41xxx.o(.text) referenced from startup_stm32f40_41xxx.o(RESET)
 <LI><a href="#[31]">TIM1_BRK_TIM9_IRQHandler</a> from startup_stm32f40_41xxx.o(.text) referenced from startup_stm32f40_41xxx.o(RESET)
 <LI><a href="#[34]">TIM1_CC_IRQHandler</a> from startup_stm32f40_41xxx.o(.text) referenced from startup_stm32f40_41xxx.o(RESET)
 <LI><a href="#[33]">TIM1_TRG_COM_TIM11_IRQHandler</a> from startup_stm32f40_41xxx.o(.text) referenced from startup_stm32f40_41xxx.o(RESET)
 <LI><a href="#[32]">TIM1_UP_TIM10_IRQHandler</a> from startup_stm32f40_41xxx.o(.text) referenced from startup_stm32f40_41xxx.o(RESET)
 <LI><a href="#[35]">TIM2_IRQHandler</a> from startup_stm32f40_41xxx.o(.text) referenced from startup_stm32f40_41xxx.o(RESET)
 <LI><a href="#[36]">TIM3_IRQHandler</a> from startup_stm32f40_41xxx.o(.text) referenced from startup_stm32f40_41xxx.o(RESET)
 <LI><a href="#[37]">TIM4_IRQHandler</a> from startup_stm32f40_41xxx.o(.text) referenced from startup_stm32f40_41xxx.o(RESET)
 <LI><a href="#[4b]">TIM5_IRQHandler</a> from startup_stm32f40_41xxx.o(.text) referenced from startup_stm32f40_41xxx.o(RESET)
 <LI><a href="#[4f]">TIM6_DAC_IRQHandler</a> from startup_stm32f40_41xxx.o(.text) referenced from startup_stm32f40_41xxx.o(RESET)
 <LI><a href="#[50]">TIM7_IRQHandler</a> from startup_stm32f40_41xxx.o(.text) referenced from startup_stm32f40_41xxx.o(RESET)
 <LI><a href="#[44]">TIM8_BRK_TIM12_IRQHandler</a> from startup_stm32f40_41xxx.o(.text) referenced from startup_stm32f40_41xxx.o(RESET)
 <LI><a href="#[47]">TIM8_CC_IRQHandler</a> from startup_stm32f40_41xxx.o(.text) referenced from startup_stm32f40_41xxx.o(RESET)
 <LI><a href="#[46]">TIM8_TRG_COM_TIM14_IRQHandler</a> from startup_stm32f40_41xxx.o(.text) referenced from startup_stm32f40_41xxx.o(RESET)
 <LI><a href="#[45]">TIM8_UP_TIM13_IRQHandler</a> from startup_stm32f40_41xxx.o(.text) referenced from startup_stm32f40_41xxx.o(RESET)
 <LI><a href="#[4d]">UART4_IRQHandler</a> from startup_stm32f40_41xxx.o(.text) referenced from startup_stm32f40_41xxx.o(RESET)
 <LI><a href="#[4e]">UART5_IRQHandler</a> from startup_stm32f40_41xxx.o(.text) referenced from startup_stm32f40_41xxx.o(RESET)
 <LI><a href="#[3e]">USART1_IRQHandler</a> from usart.o(i.USART1_IRQHandler) referenced from startup_stm32f40_41xxx.o(RESET)
 <LI><a href="#[3f]">USART2_IRQHandler</a> from usart.o(i.USART2_IRQHandler) referenced from startup_stm32f40_41xxx.o(RESET)
 <LI><a href="#[40]">USART3_IRQHandler</a> from usart.o(i.USART3_IRQHandler) referenced from startup_stm32f40_41xxx.o(RESET)
 <LI><a href="#[60]">USART6_IRQHandler</a> from usart.o(i.USART6_IRQHandler) referenced from startup_stm32f40_41xxx.o(RESET)
 <LI><a href="#[14]">UsageFault_Handler</a> from stm32f4xx_it.o(i.UsageFault_Handler) referenced from startup_stm32f40_41xxx.o(RESET)
 <LI><a href="#[19]">WWDG_IRQHandler</a> from startup_stm32f40_41xxx.o(.text) referenced from startup_stm32f40_41xxx.o(RESET)
 <LI><a href="#[104]">__main</a> from __main.o(!!!main) referenced from startup_stm32f40_41xxx.o(.text)
 <LI><a href="#[6d]">_get_lc_ctype</a> from lc_ctype_c.o(locale$$code) referenced from rt_ctype_table.o(.text)
 <LI><a href="#[ae]">_spi_bus_device_control</a> from spi_dev.o(i._spi_bus_device_control) referenced from spi_dev.o(i.rt_spi_bus_device_init)
 <LI><a href="#[ac]">_spi_bus_device_read</a> from spi_dev.o(i._spi_bus_device_read) referenced from spi_dev.o(i.rt_spi_bus_device_init)
 <LI><a href="#[ad]">_spi_bus_device_write</a> from spi_dev.o(i._spi_bus_device_write) referenced from spi_dev.o(i.rt_spi_bus_device_init)
 <LI><a href="#[b1]">_spidev_device_control</a> from spi_dev.o(i._spidev_device_control) referenced from spi_dev.o(i.rt_spidev_device_init)
 <LI><a href="#[af]">_spidev_device_read</a> from spi_dev.o(i._spidev_device_read) referenced from spi_dev.o(i.rt_spidev_device_init)
 <LI><a href="#[b0]">_spidev_device_write</a> from spi_dev.o(i._spidev_device_write) referenced from spi_dev.o(i.rt_spidev_device_init)
 <LI><a href="#[89]">anim_task</a> from lv_anim.o(i.anim_task) referenced from lv_anim.o(i.lv_anim_init)
 <LI><a href="#[103]">cmd_free</a> from msh_cmd.o(i.cmd_free) referenced from msh_cmd.o(FSymTab)
 <LI><a href="#[101]">cmd_ps</a> from msh_cmd.o(i.cmd_ps) referenced from msh_cmd.o(FSymTab)
 <LI><a href="#[102]">cmd_time</a> from msh_cmd.o(i.cmd_time) referenced from msh_cmd.o(FSymTab)
 <LI><a href="#[7]">configure</a> from spi_hard.o(i.configure) referenced 2 times from spi_hard.o(.data)
 <LI><a href="#[70]">finsh_rx_ind</a> from shell.o(i.finsh_rx_ind) referenced from shell.o(i.finsh_set_device)
 <LI><a href="#[71]">finsh_thread_entry</a> from shell.o(i.finsh_thread_entry) referenced from shell.o(i.finsh_system_init)
 <LI><a href="#[f1]">hello</a> from cmd.o(i.hello) referenced from cmd.o(FSymTab)
 <LI><a href="#[8a]">indev_proc_task</a> from lv_indev.o(i.indev_proc_task) referenced from lv_indev.o(i.lv_indev_init)
 <LI><a href="#[72]">lcd_clr_scr</a> from lcd_fsmc.o(i.lcd_clr_scr) referenced from lcd_fsmc.o(i.lcd_func_init)
 <LI><a href="#[73]">lcd_disp_off</a> from lcd_fsmc.o(i.lcd_disp_off) referenced from lcd_fsmc.o(i.lcd_func_init)
 <LI><a href="#[74]">lcd_disp_on</a> from lcd_fsmc.o(i.lcd_disp_on) referenced from lcd_fsmc.o(i.lcd_func_init)
 <LI><a href="#[77]">lcd_draw_bmp</a> from lcd_fsmc.o(i.lcd_draw_bmp) referenced from lcd_fsmc.o(i.lcd_func_init)
 <LI><a href="#[78]">lcd_draw_circle</a> from lcd_fsmc.o(i.lcd_draw_circle) referenced from lcd_fsmc.o(i.lcd_func_init)
 <LI><a href="#[79]">lcd_draw_colorbox</a> from lcd_fsmc.o(i.lcd_draw_colorbox) referenced from lcd_fsmc.o(i.lcd_func_init)
 <LI><a href="#[7a]">lcd_draw_hor_color_line</a> from lcd_fsmc.o(i.lcd_draw_hor_color_line) referenced from lcd_fsmc.o(i.lcd_func_init)
 <LI><a href="#[7b]">lcd_draw_hor_line</a> from lcd_fsmc.o(i.lcd_draw_hor_line) referenced from lcd_fsmc.o(i.lcd_func_init)
 <LI><a href="#[7c]">lcd_draw_hor_trans_line</a> from lcd_fsmc.o(i.lcd_draw_hor_trans_line) referenced from lcd_fsmc.o(i.lcd_func_init)
 <LI><a href="#[7d]">lcd_draw_line</a> from lcd_fsmc.o(i.lcd_draw_line) referenced from lcd_fsmc.o(i.lcd_func_init)
 <LI><a href="#[7e]">lcd_draw_rect</a> from lcd_fsmc.o(i.lcd_draw_rect) referenced from lcd_fsmc.o(i.lcd_func_init)
 <LI><a href="#[7f]">lcd_draw_ver_line</a> from lcd_fsmc.o(i.lcd_draw_ver_line) referenced from lcd_fsmc.o(i.lcd_func_init)
 <LI><a href="#[80]">lcd_fill_rect</a> from lcd_fsmc.o(i.lcd_fill_rect) referenced from lcd_fsmc.o(i.lcd_func_init)
 <LI><a href="#[81]">lcd_gbr_to_rgb</a> from lcd_fsmc.o(i.lcd_gbr_to_rgb) referenced from lcd_fsmc.o(i.lcd_func_init)
 <LI><a href="#[82]">lcd_get_pixel</a> from lcd_fsmc.o(i.lcd_get_pixel) referenced from lcd_fsmc.o(i.lcd_func_init)
 <LI><a href="#[75]">lcd_get_x_size</a> from lcd_fsmc.o(i.lcd_get_x_size) referenced from lcd_fsmc.o(i.lcd_func_init)
 <LI><a href="#[76]">lcd_get_y_size</a> from lcd_fsmc.o(i.lcd_get_y_size) referenced from lcd_fsmc.o(i.lcd_func_init)
 <LI><a href="#[83]">lcd_init</a> from lcd_fsmc.o(i.lcd_init) referenced from lcd_fsmc.o(i.lcd_func_init)
 <LI><a href="#[84]">lcd_put_pixel</a> from lcd_fsmc.o(i.lcd_put_pixel) referenced from lcd_fsmc.o(i.lcd_func_init)
 <LI><a href="#[85]">lcd_refresh_colorbox</a> from lcd_fsmc.o(i.lcd_refresh_colorbox) referenced from lcd_fsmc.o(i.lcd_func_init)
 <LI><a href="#[87]">lcd_set_disp_cur</a> from lcd_fsmc.o(i.lcd_set_disp_cur) referenced from lcd_fsmc.o(i.lcd_func_init)
 <LI><a href="#[86]">lcd_set_disp_dir</a> from lcd_fsmc.o(i.lcd_set_disp_dir) referenced from lcd_fsmc.o(i.lcd_func_init)
 <LI><a href="#[88]">lcd_set_disp_win</a> from lcd_fsmc.o(i.lcd_set_disp_win) referenced from lcd_fsmc.o(i.lcd_func_init)
 <LI><a href="#[fd]">list</a> from cmd.o(i.list) referenced from cmd.o(FSymTab)
 <LI><a href="#[fc]">list_device</a> from cmd.o(i.list_device) referenced 2 times from cmd.o(FSymTab)
 <LI><a href="#[f5]">list_event</a> from cmd.o(i.list_event) referenced 2 times from cmd.o(FSymTab)
 <LI><a href="#[f7]">list_mailbox</a> from cmd.o(i.list_mailbox) referenced 2 times from cmd.o(FSymTab)
 <LI><a href="#[f9]">list_memheap</a> from cmd.o(i.list_memheap) referenced 2 times from cmd.o(FSymTab)
 <LI><a href="#[fa]">list_mempool</a> from cmd.o(i.list_mempool) referenced 2 times from cmd.o(FSymTab)
 <LI><a href="#[f8]">list_msgqueue</a> from cmd.o(i.list_msgqueue) referenced 2 times from cmd.o(FSymTab)
 <LI><a href="#[f6]">list_mutex</a> from cmd.o(i.list_mutex) referenced 2 times from cmd.o(FSymTab)
 <LI><a href="#[f4]">list_sem</a> from cmd.o(i.list_sem) referenced 2 times from cmd.o(FSymTab)
 <LI><a href="#[f3]">list_thread</a> from cmd.o(i.list_thread) referenced 2 times from cmd.o(FSymTab)
 <LI><a href="#[fb]">list_timer</a> from cmd.o(i.list_timer) referenced 2 times from cmd.o(FSymTab)
 <LI><a href="#[8f]">lv_anim_path_linear</a> from lv_anim.o(i.lv_anim_path_linear) referenced from lv_label.o(i.lv_label_refr_text)
 <LI><a href="#[d]">lv_font_get_bitmap_continuous</a> from lv_font.o(i.lv_font_get_bitmap_continuous) referenced 6 times from lv_font_dejavu_20.o(.data)
 <LI><a href="#[e]">lv_font_get_width_continuous</a> from lv_font.o(i.lv_font_get_width_continuous) referenced 6 times from lv_font_dejavu_20.o(.data)
 <LI><a href="#[8b]">lv_label_design</a> from lv_label.o(i.lv_label_design) referenced from lv_label.o(i.lv_label_create)
 <LI><a href="#[90]">lv_label_set_offset_x</a> from lv_label.o(i.lv_label_set_offset_x) referenced from lv_label.o(i.lv_label_refr_text)
 <LI><a href="#[90]">lv_label_set_offset_x</a> from lv_label.o(i.lv_label_set_offset_x) referenced from lv_label.o(i.lv_label_set_long_mode)
 <LI><a href="#[91]">lv_label_set_offset_y</a> from lv_label.o(i.lv_label_set_offset_y) referenced from lv_label.o(i.lv_label_refr_text)
 <LI><a href="#[91]">lv_label_set_offset_y</a> from lv_label.o(i.lv_label_set_offset_y) referenced from lv_label.o(i.lv_label_set_long_mode)
 <LI><a href="#[8c]">lv_label_signal</a> from lv_label.o(i.lv_label_signal) referenced from lv_label.o(i.lv_label_create)
 <LI><a href="#[93]">lv_obj_design</a> from lv_obj.o(i.lv_obj_design) referenced from lv_obj.o(i.lv_obj_create)
 <LI><a href="#[8d]">lv_obj_set_x</a> from lv_obj.o(i.lv_obj_set_x) referenced from lv_label.o(i.lv_label_refr_text)
 <LI><a href="#[8d]">lv_obj_set_x</a> from lv_obj.o(i.lv_obj_set_x) referenced from lv_label.o(i.lv_label_set_long_mode)
 <LI><a href="#[8e]">lv_obj_set_y</a> from lv_obj.o(i.lv_obj_set_y) referenced from lv_label.o(i.lv_label_refr_text)
 <LI><a href="#[8e]">lv_obj_set_y</a> from lv_obj.o(i.lv_obj_set_y) referenced from lv_label.o(i.lv_label_set_long_mode)
 <LI><a href="#[92]">lv_obj_signal</a> from lv_obj.o(i.lv_obj_signal) referenced from lv_obj.o(i.lv_obj_create)
 <LI><a href="#[94]">lv_refr_task</a> from lv_refr.o(i.lv_refr_task) referenced from lv_refr.o(i.lv_refr_init)
 <LI><a href="#[97]">lv_ufs_close</a> from lv_ufs.o(i.lv_ufs_close) referenced from lv_ufs.o(i.lv_ufs_init)
 <LI><a href="#[a2]">lv_ufs_dir_close</a> from lv_ufs.o(i.lv_ufs_dir_close) referenced from lv_ufs.o(i.lv_ufs_init)
 <LI><a href="#[a0]">lv_ufs_dir_open</a> from lv_ufs.o(i.lv_ufs_dir_open) referenced from lv_ufs.o(i.lv_ufs_init)
 <LI><a href="#[a1]">lv_ufs_dir_read</a> from lv_ufs.o(i.lv_ufs_dir_read) referenced from lv_ufs.o(i.lv_ufs_init)
 <LI><a href="#[9f]">lv_ufs_free</a> from lv_ufs.o(i.lv_ufs_free) referenced from lv_ufs.o(i.lv_ufs_init)
 <LI><a href="#[96]">lv_ufs_open</a> from lv_ufs.o(i.lv_ufs_open) referenced from lv_ufs.o(i.lv_ufs_init)
 <LI><a href="#[99]">lv_ufs_read</a> from lv_ufs.o(i.lv_ufs_read) referenced from lv_ufs.o(i.lv_ufs_init)
 <LI><a href="#[95]">lv_ufs_ready</a> from lv_ufs.o(i.lv_ufs_ready) referenced from lv_ufs.o(i.lv_ufs_init)
 <LI><a href="#[98]">lv_ufs_remove</a> from lv_ufs.o(i.lv_ufs_remove) referenced from lv_ufs.o(i.lv_ufs_init)
 <LI><a href="#[9b]">lv_ufs_seek</a> from lv_ufs.o(i.lv_ufs_seek) referenced from lv_ufs.o(i.lv_ufs_init)
 <LI><a href="#[9d]">lv_ufs_size</a> from lv_ufs.o(i.lv_ufs_size) referenced from lv_ufs.o(i.lv_ufs_init)
 <LI><a href="#[9c]">lv_ufs_tell</a> from lv_ufs.o(i.lv_ufs_tell) referenced from lv_ufs.o(i.lv_ufs_init)
 <LI><a href="#[9e]">lv_ufs_trunc</a> from lv_ufs.o(i.lv_ufs_trunc) referenced from lv_ufs.o(i.lv_ufs_init)
 <LI><a href="#[9a]">lv_ufs_write</a> from lv_ufs.o(i.lv_ufs_write) referenced from lv_ufs.o(i.lv_ufs_init)
 <LI><a href="#[a]">lv_vfill</a> from lv_draw_vbasic.o(i.lv_vfill) referenced 2 times from lv_draw.o(.data)
 <LI><a href="#[b]">lv_vletter</a> from lv_draw_vbasic.o(i.lv_vletter) referenced 2 times from lv_draw.o(.data)
 <LI><a href="#[c]">lv_vmap</a> from lv_draw_vbasic.o(i.lv_vmap) referenced 2 times from lv_draw.o(.data)
 <LI><a href="#[9]">lv_vpx</a> from lv_draw_vbasic.o(i.lv_vpx) referenced 2 times from lv_draw.o(.data)
 <LI><a href="#[ff]">msh_enter</a> from msh.o(i.msh_enter) referenced from msh.o(FSymTab)
 <LI><a href="#[fe]">msh_exit</a> from msh.o(i.msh_exit) referenced from msh.o(FSymTab)
 <LI><a href="#[100]">msh_help</a> from msh.o(i.msh_help) referenced from msh.o(FSymTab)
 <LI><a href="#[a3]">rt_init_thread_entry</a> from application.o(i.rt_init_thread_entry) referenced from application.o(i.rt_application_init)
 <LI><a href="#[aa]">rt_lcd_test_thread_entry</a> from lcd_test.o(i.rt_lcd_test_thread_entry) referenced from application.o(i.rt_init_thread_entry)
 <LI><a href="#[ab]">rt_led_thread_entry</a> from led.o(i.rt_led_thread_entry) referenced from application.o(i.rt_init_thread_entry)
 <LI><a href="#[a6]">rt_serial_close</a> from serial.o(i.rt_serial_close) referenced from serial.o(i.rt_hw_serial_register)
 <LI><a href="#[a9]">rt_serial_control</a> from serial.o(i.rt_serial_control) referenced from serial.o(i.rt_hw_serial_register)
 <LI><a href="#[a4]">rt_serial_init</a> from serial.o(i.rt_serial_init) referenced from serial.o(i.rt_hw_serial_register)
 <LI><a href="#[a5]">rt_serial_open</a> from serial.o(i.rt_serial_open) referenced from serial.o(i.rt_hw_serial_register)
 <LI><a href="#[a7]">rt_serial_read</a> from serial.o(i.rt_serial_read) referenced from serial.o(i.rt_hw_serial_register)
 <LI><a href="#[a8]">rt_serial_write</a> from serial.o(i.rt_serial_write) referenced from serial.o(i.rt_hw_serial_register)
 <LI><a href="#[6e]">rt_thread_exit</a> from thread.o(i.rt_thread_exit) referenced from thread.o(i._rt_thread_init)
 <LI><a href="#[b2]">rt_thread_idle_entry</a> from idle.o(i.rt_thread_idle_entry) referenced from idle.o(i.rt_thread_idle_init)
 <LI><a href="#[6f]">rt_thread_timeout</a> from thread.o(i.rt_thread_timeout) referenced from thread.o(i._rt_thread_init)
 <LI><a href="#[bd]">stm32_configure</a> from usart.o(i.stm32_configure) referenced from usart.o(.constdata)
 <LI><a href="#[be]">stm32_control</a> from usart.o(i.stm32_control) referenced from usart.o(.constdata)
 <LI><a href="#[c0]">stm32_getc</a> from usart.o(i.stm32_getc) referenced from usart.o(.constdata)
 <LI><a href="#[bf]">stm32_putc</a> from usart.o(i.stm32_putc) referenced from usart.o(.constdata)
 <LI><a href="#[b3]">tft_fill</a> from tft.o(i.tft_fill) referenced from tft.o(i.tft_init)
 <LI><a href="#[b5]">tft_flush</a> from tft.o(i.tft_flush) referenced from tft.o(i.tft_init)
 <LI><a href="#[b4]">tft_map</a> from tft.o(i.tft_map) referenced from tft.o(i.tft_init)
 <LI><a href="#[b6]">touchpad_read</a> from touchpad.o(i.touchpad_read) referenced from touchpad.o(i.touchpad_init)
 <LI><a href="#[f2]">version</a> from cmd.o(i.version) referenced 2 times from cmd.o(FSymTab)
 <LI><a href="#[b9]">w25qxx_flash_close</a> from w25qxx.o(i.w25qxx_flash_close) referenced from w25qxx.o(i.w25qxx_init)
 <LI><a href="#[bc]">w25qxx_flash_control</a> from w25qxx.o(i.w25qxx_flash_control) referenced from w25qxx.o(i.w25qxx_init)
 <LI><a href="#[b7]">w25qxx_flash_init</a> from w25qxx.o(i.w25qxx_flash_init) referenced from w25qxx.o(i.w25qxx_init)
 <LI><a href="#[b8]">w25qxx_flash_open</a> from w25qxx.o(i.w25qxx_flash_open) referenced from w25qxx.o(i.w25qxx_init)
 <LI><a href="#[ba]">w25qxx_flash_read</a> from w25qxx.o(i.w25qxx_flash_read) referenced from w25qxx.o(i.w25qxx_init)
 <LI><a href="#[bb]">w25qxx_flash_write</a> from w25qxx.o(i.w25qxx_flash_write) referenced from w25qxx.o(i.w25qxx_init)
 <LI><a href="#[8]">xfer</a> from spi_hard.o(i.xfer) referenced 2 times from spi_hard.o(.data)
</UL>
<P>
<H3>
Global Symbols
</H3>
<P><STRONG><a name="[104]"></a>__main</STRONG> (Thumb, 8 bytes, Stack size 0 bytes, __main.o(!!!main))
<BR><BR>[Calls]<UL><LI><a href="#[105]">&gt;&gt;</a>&nbsp;&nbsp;&nbsp;__scatterload
<LI><a href="#[106]">&gt;&gt;</a>&nbsp;&nbsp;&nbsp;__rt_entry
</UL>

<P><STRONG><a name="[105]"></a>__scatterload</STRONG> (Thumb, 0 bytes, Stack size unknown bytes, __scatter.o(!!!scatter))
<BR><BR>[Called By]<UL><LI><a href="#[104]">&gt;&gt;</a>&nbsp;&nbsp;&nbsp;__main
</UL>

<P><STRONG><a name="[107]"></a>__scatterload_rt2</STRONG> (Thumb, 44 bytes, Stack size unknown bytes, __scatter.o(!!!scatter), UNUSED)
<BR><BR>[Calls]<UL><LI><a href="#[106]">&gt;&gt;</a>&nbsp;&nbsp;&nbsp;__rt_entry
</UL>

<P><STRONG><a name="[361]"></a>__scatterload_rt2_thumb_only</STRONG> (Thumb, 0 bytes, Stack size unknown bytes, __scatter.o(!!!scatter), UNUSED)

<P><STRONG><a name="[362]"></a>__scatterload_null</STRONG> (Thumb, 0 bytes, Stack size unknown bytes, __scatter.o(!!!scatter), UNUSED)

<P><STRONG><a name="[363]"></a>__decompress</STRONG> (Thumb, 90 bytes, Stack size unknown bytes, __dczerorl2.o(!!dczerorl2), UNUSED)

<P><STRONG><a name="[364]"></a>__decompress1</STRONG> (Thumb, 0 bytes, Stack size unknown bytes, __dczerorl2.o(!!dczerorl2), UNUSED)

<P><STRONG><a name="[365]"></a>__scatterload_zeroinit</STRONG> (Thumb, 28 bytes, Stack size unknown bytes, __scatter_zi.o(!!handler_zi), UNUSED)

<P><STRONG><a name="[112]"></a>__rt_lib_init</STRONG> (Thumb, 0 bytes, Stack size unknown bytes, libinit.o(.ARM.Collect$$libinit$$00000000))
<BR><BR>[Called By]<UL><LI><a href="#[111]">&gt;&gt;</a>&nbsp;&nbsp;&nbsp;__rt_entry_li
</UL>

<P><STRONG><a name="[108]"></a>__rt_lib_init_fp_1</STRONG> (Thumb, 0 bytes, Stack size unknown bytes, libinit2.o(.ARM.Collect$$libinit$$00000001))
<BR><BR>[Calls]<UL><LI><a href="#[109]">&gt;&gt;</a>&nbsp;&nbsp;&nbsp;_fp_init
</UL>

<P><STRONG><a name="[10a]"></a>__rt_lib_init_heap_2</STRONG> (Thumb, 0 bytes, Stack size unknown bytes, libinit2.o(.ARM.Collect$$libinit$$00000005))
<BR><BR>[Stack]<UL><LI>Max Depth = 64 + Unknown Stack Size
<LI>Call Chain = __rt_lib_init_heap_2 &rArr; _init_alloc &rArr; __rt_SIGRTMEM &rArr; __rt_SIGRTMEM_inner &rArr; __default_signal_display &rArr; _ttywrch
</UL>
<BR>[Calls]<UL><LI><a href="#[10b]">&gt;&gt;</a>&nbsp;&nbsp;&nbsp;_init_alloc
</UL>

<P><STRONG><a name="[366]"></a>__rt_lib_init_preinit_1</STRONG> (Thumb, 0 bytes, Stack size unknown bytes, libinit2.o(.ARM.Collect$$libinit$$00000004))

<P><STRONG><a name="[367]"></a>__rt_lib_init_heap_1</STRONG> (Thumb, 0 bytes, Stack size unknown bytes, libinit2.o(.ARM.Collect$$libinit$$0000000A))

<P><STRONG><a name="[10c]"></a>__rt_lib_init_lc_common</STRONG> (Thumb, 0 bytes, Stack size unknown bytes, libinit2.o(.ARM.Collect$$libinit$$0000000F))
<BR><BR>[Calls]<UL><LI><a href="#[10d]">&gt;&gt;</a>&nbsp;&nbsp;&nbsp;__rt_locale
</UL>

<P><STRONG><a name="[368]"></a>__rt_lib_init_rand_1</STRONG> (Thumb, 0 bytes, Stack size unknown bytes, libinit2.o(.ARM.Collect$$libinit$$0000000E))

<P><STRONG><a name="[369]"></a>__rt_lib_init_user_alloc_1</STRONG> (Thumb, 0 bytes, Stack size unknown bytes, libinit2.o(.ARM.Collect$$libinit$$0000000C))

<P><STRONG><a name="[36a]"></a>__rt_lib_init_lc_collate_1</STRONG> (Thumb, 0 bytes, Stack size unknown bytes, libinit2.o(.ARM.Collect$$libinit$$00000011))

<P><STRONG><a name="[10e]"></a>__rt_lib_init_lc_ctype_2</STRONG> (Thumb, 0 bytes, Stack size unknown bytes, libinit2.o(.ARM.Collect$$libinit$$00000012))
<BR><BR>[Stack]<UL><LI>Max Depth = 8 + Unknown Stack Size
<LI>Call Chain = __rt_lib_init_lc_ctype_2 &rArr; _get_lc_ctype
</UL>
<BR>[Calls]<UL><LI><a href="#[6d]">&gt;&gt;</a>&nbsp;&nbsp;&nbsp;_get_lc_ctype
</UL>

<P><STRONG><a name="[36b]"></a>__rt_lib_init_alloca_1</STRONG> (Thumb, 0 bytes, Stack size unknown bytes, libinit2.o(.ARM.Collect$$libinit$$0000002E))

<P><STRONG><a name="[36c]"></a>__rt_lib_init_argv_1</STRONG> (Thumb, 0 bytes, Stack size unknown bytes, libinit2.o(.ARM.Collect$$libinit$$0000002C))

<P><STRONG><a name="[36d]"></a>__rt_lib_init_atexit_1</STRONG> (Thumb, 0 bytes, Stack size unknown bytes, libinit2.o(.ARM.Collect$$libinit$$0000001B))

<P><STRONG><a name="[36e]"></a>__rt_lib_init_clock_1</STRONG> (Thumb, 0 bytes, Stack size unknown bytes, libinit2.o(.ARM.Collect$$libinit$$00000021))

<P><STRONG><a name="[36f]"></a>__rt_lib_init_cpp_1</STRONG> (Thumb, 0 bytes, Stack size unknown bytes, libinit2.o(.ARM.Collect$$libinit$$00000032))

<P><STRONG><a name="[370]"></a>__rt_lib_init_exceptions_1</STRONG> (Thumb, 0 bytes, Stack size unknown bytes, libinit2.o(.ARM.Collect$$libinit$$00000030))

<P><STRONG><a name="[371]"></a>__rt_lib_init_fp_trap_1</STRONG> (Thumb, 0 bytes, Stack size unknown bytes, libinit2.o(.ARM.Collect$$libinit$$0000001F))

<P><STRONG><a name="[372]"></a>__rt_lib_init_getenv_1</STRONG> (Thumb, 0 bytes, Stack size unknown bytes, libinit2.o(.ARM.Collect$$libinit$$00000023))

<P><STRONG><a name="[373]"></a>__rt_lib_init_lc_ctype_1</STRONG> (Thumb, 0 bytes, Stack size unknown bytes, libinit2.o(.ARM.Collect$$libinit$$00000013))

<P><STRONG><a name="[374]"></a>__rt_lib_init_lc_monetary_1</STRONG> (Thumb, 0 bytes, Stack size unknown bytes, libinit2.o(.ARM.Collect$$libinit$$00000015))

<P><STRONG><a name="[375]"></a>__rt_lib_init_lc_numeric_1</STRONG> (Thumb, 0 bytes, Stack size unknown bytes, libinit2.o(.ARM.Collect$$libinit$$00000017))

<P><STRONG><a name="[376]"></a>__rt_lib_init_lc_time_1</STRONG> (Thumb, 0 bytes, Stack size unknown bytes, libinit2.o(.ARM.Collect$$libinit$$00000019))

<P><STRONG><a name="[377]"></a>__rt_lib_init_return</STRONG> (Thumb, 0 bytes, Stack size unknown bytes, libinit2.o(.ARM.Collect$$libinit$$00000033))

<P><STRONG><a name="[378]"></a>__rt_lib_init_signal_1</STRONG> (Thumb, 0 bytes, Stack size unknown bytes, libinit2.o(.ARM.Collect$$libinit$$0000001D))

<P><STRONG><a name="[379]"></a>__rt_lib_init_stdio_1</STRONG> (Thumb, 0 bytes, Stack size unknown bytes, libinit2.o(.ARM.Collect$$libinit$$00000025))

<P><STRONG><a name="[117]"></a>__rt_lib_shutdown</STRONG> (Thumb, 0 bytes, Stack size unknown bytes, libshutdown.o(.ARM.Collect$$libshutdown$$00000000))
<BR><BR>[Called By]<UL><LI><a href="#[116]">&gt;&gt;</a>&nbsp;&nbsp;&nbsp;__rt_exit_ls
</UL>

<P><STRONG><a name="[37a]"></a>__rt_lib_shutdown_cpp_1</STRONG> (Thumb, 0 bytes, Stack size unknown bytes, libshutdown2.o(.ARM.Collect$$libshutdown$$00000002))

<P><STRONG><a name="[37b]"></a>__rt_lib_shutdown_fp_trap_1</STRONG> (Thumb, 0 bytes, Stack size unknown bytes, libshutdown2.o(.ARM.Collect$$libshutdown$$00000007))

<P><STRONG><a name="[37c]"></a>__rt_lib_shutdown_heap_1</STRONG> (Thumb, 0 bytes, Stack size unknown bytes, libshutdown2.o(.ARM.Collect$$libshutdown$$0000000F))

<P><STRONG><a name="[37d]"></a>__rt_lib_shutdown_return</STRONG> (Thumb, 0 bytes, Stack size unknown bytes, libshutdown2.o(.ARM.Collect$$libshutdown$$00000010))

<P><STRONG><a name="[37e]"></a>__rt_lib_shutdown_signal_1</STRONG> (Thumb, 0 bytes, Stack size unknown bytes, libshutdown2.o(.ARM.Collect$$libshutdown$$0000000A))

<P><STRONG><a name="[37f]"></a>__rt_lib_shutdown_stdio_1</STRONG> (Thumb, 0 bytes, Stack size unknown bytes, libshutdown2.o(.ARM.Collect$$libshutdown$$00000004))

<P><STRONG><a name="[380]"></a>__rt_lib_shutdown_user_alloc_1</STRONG> (Thumb, 0 bytes, Stack size unknown bytes, libshutdown2.o(.ARM.Collect$$libshutdown$$0000000C))

<P><STRONG><a name="[106]"></a>__rt_entry</STRONG> (Thumb, 0 bytes, Stack size unknown bytes, __rtentry.o(.ARM.Collect$$rtentry$$00000000))
<BR><BR>[Called By]<UL><LI><a href="#[107]">&gt;&gt;</a>&nbsp;&nbsp;&nbsp;__scatterload_rt2
<LI><a href="#[104]">&gt;&gt;</a>&nbsp;&nbsp;&nbsp;__main
</UL>

<P><STRONG><a name="[381]"></a>__rt_entry_presh_1</STRONG> (Thumb, 0 bytes, Stack size unknown bytes, __rtentry2.o(.ARM.Collect$$rtentry$$00000002))

<P><STRONG><a name="[10f]"></a>__rt_entry_sh</STRONG> (Thumb, 0 bytes, Stack size unknown bytes, __rtentry4.o(.ARM.Collect$$rtentry$$00000004))
<BR><BR>[Stack]<UL><LI>Max Depth = 8 + Unknown Stack Size
<LI>Call Chain = __rt_entry_sh &rArr; __user_setup_stackheap
</UL>
<BR>[Calls]<UL><LI><a href="#[110]">&gt;&gt;</a>&nbsp;&nbsp;&nbsp;__user_setup_stackheap
</UL>

<P><STRONG><a name="[111]"></a>__rt_entry_li</STRONG> (Thumb, 0 bytes, Stack size unknown bytes, __rtentry2.o(.ARM.Collect$$rtentry$$0000000A))
<BR><BR>[Calls]<UL><LI><a href="#[112]">&gt;&gt;</a>&nbsp;&nbsp;&nbsp;__rt_lib_init
</UL>

<P><STRONG><a name="[382]"></a>__rt_entry_postsh_1</STRONG> (Thumb, 0 bytes, Stack size unknown bytes, __rtentry2.o(.ARM.Collect$$rtentry$$00000009))

<P><STRONG><a name="[113]"></a>__rt_entry_main</STRONG> (Thumb, 0 bytes, Stack size unknown bytes, __rtentry2.o(.ARM.Collect$$rtentry$$0000000D))
<BR><BR>[Stack]<UL><LI>Max Depth = 432 + Unknown Stack Size
<LI>Call Chain = __rt_entry_main &rArr; main &rArr; rtthread_startup &rArr; finsh_system_init &rArr; rt_thread_create &rArr; rt_object_allocate &rArr; rt_malloc &rArr; rt_memheap_alloc &rArr; rt_sem_take &rArr; rt_schedule &rArr; _rt_scheduler_stack_check &rArr;  list_thread (Cycle)
</UL>
<BR>[Calls]<UL><LI><a href="#[114]">&gt;&gt;</a>&nbsp;&nbsp;&nbsp;main
<LI><a href="#[115]">&gt;&gt;</a>&nbsp;&nbsp;&nbsp;exit
</UL>

<P><STRONG><a name="[383]"></a>__rt_entry_postli_1</STRONG> (Thumb, 0 bytes, Stack size unknown bytes, __rtentry2.o(.ARM.Collect$$rtentry$$0000000C))

<P><STRONG><a name="[133]"></a>__rt_exit</STRONG> (Thumb, 0 bytes, Stack size unknown bytes, rtexit.o(.ARM.Collect$$rtexit$$00000000))
<BR><BR>[Called By]<UL><LI><a href="#[115]">&gt;&gt;</a>&nbsp;&nbsp;&nbsp;exit
</UL>

<P><STRONG><a name="[116]"></a>__rt_exit_ls</STRONG> (Thumb, 0 bytes, Stack size unknown bytes, rtexit2.o(.ARM.Collect$$rtexit$$00000003))
<BR><BR>[Calls]<UL><LI><a href="#[117]">&gt;&gt;</a>&nbsp;&nbsp;&nbsp;__rt_lib_shutdown
</UL>

<P><STRONG><a name="[384]"></a>__rt_exit_prels_1</STRONG> (Thumb, 0 bytes, Stack size unknown bytes, rtexit2.o(.ARM.Collect$$rtexit$$00000002))

<P><STRONG><a name="[118]"></a>__rt_exit_exit</STRONG> (Thumb, 0 bytes, Stack size unknown bytes, rtexit2.o(.ARM.Collect$$rtexit$$00000004))
<BR><BR>[Calls]<UL><LI><a href="#[119]">&gt;&gt;</a>&nbsp;&nbsp;&nbsp;_sys_exit
</UL>

<P><STRONG><a name="[f]"></a>Reset_Handler</STRONG> (Thumb, 8 bytes, Stack size 0 bytes, startup_stm32f40_41xxx.o(.text))
<BR>[Address Reference Count : 1]<UL><LI> startup_stm32f40_41xxx.o(RESET)
</UL>
<P><STRONG><a name="[385]"></a>_maybe_terminate_alloc</STRONG> (Thumb, 0 bytes, Stack size 0 bytes, maybetermalloc1.o(.emb_text), UNUSED)

<P><STRONG><a name="[2b]"></a>ADC_IRQHandler</STRONG> (Thumb, 0 bytes, Stack size 0 bytes, startup_stm32f40_41xxx.o(.text))
<BR><BR>[Calls]<UL><LI><a href="#[2b]">&gt;&gt;</a>&nbsp;&nbsp;&nbsp;ADC_IRQHandler
</UL>
<BR>[Called By]<UL><LI><a href="#[2b]">&gt;&gt;</a>&nbsp;&nbsp;&nbsp;ADC_IRQHandler
</UL>
<BR>[Address Reference Count : 1]<UL><LI> startup_stm32f40_41xxx.o(RESET)
</UL>
<P><STRONG><a name="[2d]"></a>CAN1_RX0_IRQHandler</STRONG> (Thumb, 0 bytes, Stack size 0 bytes, startup_stm32f40_41xxx.o(.text))
<BR>[Address Reference Count : 1]<UL><LI> startup_stm32f40_41xxx.o(RESET)
</UL>
<P><STRONG><a name="[2e]"></a>CAN1_RX1_IRQHandler</STRONG> (Thumb, 0 bytes, Stack size 0 bytes, startup_stm32f40_41xxx.o(.text))
<BR>[Address Reference Count : 1]<UL><LI> startup_stm32f40_41xxx.o(RESET)
</UL>
<P><STRONG><a name="[2f]"></a>CAN1_SCE_IRQHandler</STRONG> (Thumb, 0 bytes, Stack size 0 bytes, startup_stm32f40_41xxx.o(.text))
<BR>[Address Reference Count : 1]<UL><LI> startup_stm32f40_41xxx.o(RESET)
</UL>
<P><STRONG><a name="[2c]"></a>CAN1_TX_IRQHandler</STRONG> (Thumb, 0 bytes, Stack size 0 bytes, startup_stm32f40_41xxx.o(.text))
<BR>[Address Reference Count : 1]<UL><LI> startup_stm32f40_41xxx.o(RESET)
</UL>
<P><STRONG><a name="[59]"></a>CAN2_RX0_IRQHandler</STRONG> (Thumb, 0 bytes, Stack size 0 bytes, startup_stm32f40_41xxx.o(.text))
<BR>[Address Reference Count : 1]<UL><LI> startup_stm32f40_41xxx.o(RESET)
</UL>
<P><STRONG><a name="[5a]"></a>CAN2_RX1_IRQHandler</STRONG> (Thumb, 0 bytes, Stack size 0 bytes, startup_stm32f40_41xxx.o(.text))
<BR>[Address Reference Count : 1]<UL><LI> startup_stm32f40_41xxx.o(RESET)
</UL>
<P><STRONG><a name="[5b]"></a>CAN2_SCE_IRQHandler</STRONG> (Thumb, 0 bytes, Stack size 0 bytes, startup_stm32f40_41xxx.o(.text))
<BR>[Address Reference Count : 1]<UL><LI> startup_stm32f40_41xxx.o(RESET)
</UL>
<P><STRONG><a name="[58]"></a>CAN2_TX_IRQHandler</STRONG> (Thumb, 0 bytes, Stack size 0 bytes, startup_stm32f40_41xxx.o(.text))
<BR>[Address Reference Count : 1]<UL><LI> startup_stm32f40_41xxx.o(RESET)
</UL>
<P><STRONG><a name="[68]"></a>CRYP_IRQHandler</STRONG> (Thumb, 0 bytes, Stack size 0 bytes, startup_stm32f40_41xxx.o(.text))
<BR>[Address Reference Count : 1]<UL><LI> startup_stm32f40_41xxx.o(RESET)
</UL>
<P><STRONG><a name="[67]"></a>DCMI_IRQHandler</STRONG> (Thumb, 0 bytes, Stack size 0 bytes, startup_stm32f40_41xxx.o(.text))
<BR>[Address Reference Count : 1]<UL><LI> startup_stm32f40_41xxx.o(RESET)
</UL>
<P><STRONG><a name="[24]"></a>DMA1_Stream0_IRQHandler</STRONG> (Thumb, 0 bytes, Stack size 0 bytes, startup_stm32f40_41xxx.o(.text))
<BR>[Address Reference Count : 1]<UL><LI> startup_stm32f40_41xxx.o(RESET)
</UL>
<P><STRONG><a name="[26]"></a>DMA1_Stream2_IRQHandler</STRONG> (Thumb, 0 bytes, Stack size 0 bytes, startup_stm32f40_41xxx.o(.text))
<BR>[Address Reference Count : 1]<UL><LI> startup_stm32f40_41xxx.o(RESET)
</UL>
<P><STRONG><a name="[27]"></a>DMA1_Stream3_IRQHandler</STRONG> (Thumb, 0 bytes, Stack size 0 bytes, startup_stm32f40_41xxx.o(.text))
<BR>[Address Reference Count : 1]<UL><LI> startup_stm32f40_41xxx.o(RESET)
</UL>
<P><STRONG><a name="[28]"></a>DMA1_Stream4_IRQHandler</STRONG> (Thumb, 0 bytes, Stack size 0 bytes, startup_stm32f40_41xxx.o(.text))
<BR>[Address Reference Count : 1]<UL><LI> startup_stm32f40_41xxx.o(RESET)
</UL>
<P><STRONG><a name="[2a]"></a>DMA1_Stream6_IRQHandler</STRONG> (Thumb, 0 bytes, Stack size 0 bytes, startup_stm32f40_41xxx.o(.text))
<BR>[Address Reference Count : 1]<UL><LI> startup_stm32f40_41xxx.o(RESET)
</UL>
<P><STRONG><a name="[48]"></a>DMA1_Stream7_IRQHandler</STRONG> (Thumb, 0 bytes, Stack size 0 bytes, startup_stm32f40_41xxx.o(.text))
<BR>[Address Reference Count : 1]<UL><LI> startup_stm32f40_41xxx.o(RESET)
</UL>
<P><STRONG><a name="[51]"></a>DMA2_Stream0_IRQHandler</STRONG> (Thumb, 0 bytes, Stack size 0 bytes, startup_stm32f40_41xxx.o(.text))
<BR>[Address Reference Count : 1]<UL><LI> startup_stm32f40_41xxx.o(RESET)
</UL>
<P><STRONG><a name="[53]"></a>DMA2_Stream2_IRQHandler</STRONG> (Thumb, 0 bytes, Stack size 0 bytes, startup_stm32f40_41xxx.o(.text))
<BR>[Address Reference Count : 1]<UL><LI> startup_stm32f40_41xxx.o(RESET)
</UL>
<P><STRONG><a name="[54]"></a>DMA2_Stream3_IRQHandler</STRONG> (Thumb, 0 bytes, Stack size 0 bytes, startup_stm32f40_41xxx.o(.text))
<BR>[Address Reference Count : 1]<UL><LI> startup_stm32f40_41xxx.o(RESET)
</UL>
<P><STRONG><a name="[55]"></a>DMA2_Stream4_IRQHandler</STRONG> (Thumb, 0 bytes, Stack size 0 bytes, startup_stm32f40_41xxx.o(.text))
<BR>[Address Reference Count : 1]<UL><LI> startup_stm32f40_41xxx.o(RESET)
</UL>
<P><STRONG><a name="[5e]"></a>DMA2_Stream6_IRQHandler</STRONG> (Thumb, 0 bytes, Stack size 0 bytes, startup_stm32f40_41xxx.o(.text))
<BR>[Address Reference Count : 1]<UL><LI> startup_stm32f40_41xxx.o(RESET)
</UL>
<P><STRONG><a name="[5f]"></a>DMA2_Stream7_IRQHandler</STRONG> (Thumb, 0 bytes, Stack size 0 bytes, startup_stm32f40_41xxx.o(.text))
<BR>[Address Reference Count : 1]<UL><LI> startup_stm32f40_41xxx.o(RESET)
</UL>
<P><STRONG><a name="[56]"></a>ETH_IRQHandler</STRONG> (Thumb, 0 bytes, Stack size 0 bytes, startup_stm32f40_41xxx.o(.text))
<BR>[Address Reference Count : 1]<UL><LI> startup_stm32f40_41xxx.o(RESET)
</UL>
<P><STRONG><a name="[57]"></a>ETH_WKUP_IRQHandler</STRONG> (Thumb, 0 bytes, Stack size 0 bytes, startup_stm32f40_41xxx.o(.text))
<BR>[Address Reference Count : 1]<UL><LI> startup_stm32f40_41xxx.o(RESET)
</UL>
<P><STRONG><a name="[1f]"></a>EXTI0_IRQHandler</STRONG> (Thumb, 0 bytes, Stack size 0 bytes, startup_stm32f40_41xxx.o(.text))
<BR>[Address Reference Count : 1]<UL><LI> startup_stm32f40_41xxx.o(RESET)
</UL>
<P><STRONG><a name="[41]"></a>EXTI15_10_IRQHandler</STRONG> (Thumb, 0 bytes, Stack size 0 bytes, startup_stm32f40_41xxx.o(.text))
<BR>[Address Reference Count : 1]<UL><LI> startup_stm32f40_41xxx.o(RESET)
</UL>
<P><STRONG><a name="[20]"></a>EXTI1_IRQHandler</STRONG> (Thumb, 0 bytes, Stack size 0 bytes, startup_stm32f40_41xxx.o(.text))
<BR>[Address Reference Count : 1]<UL><LI> startup_stm32f40_41xxx.o(RESET)
</UL>
<P><STRONG><a name="[21]"></a>EXTI2_IRQHandler</STRONG> (Thumb, 0 bytes, Stack size 0 bytes, startup_stm32f40_41xxx.o(.text))
<BR>[Address Reference Count : 1]<UL><LI> startup_stm32f40_41xxx.o(RESET)
</UL>
<P><STRONG><a name="[22]"></a>EXTI3_IRQHandler</STRONG> (Thumb, 0 bytes, Stack size 0 bytes, startup_stm32f40_41xxx.o(.text))
<BR>[Address Reference Count : 1]<UL><LI> startup_stm32f40_41xxx.o(RESET)
</UL>
<P><STRONG><a name="[23]"></a>EXTI4_IRQHandler</STRONG> (Thumb, 0 bytes, Stack size 0 bytes, startup_stm32f40_41xxx.o(.text))
<BR>[Address Reference Count : 1]<UL><LI> startup_stm32f40_41xxx.o(RESET)
</UL>
<P><STRONG><a name="[30]"></a>EXTI9_5_IRQHandler</STRONG> (Thumb, 0 bytes, Stack size 0 bytes, startup_stm32f40_41xxx.o(.text))
<BR>[Address Reference Count : 1]<UL><LI> startup_stm32f40_41xxx.o(RESET)
</UL>
<P><STRONG><a name="[1d]"></a>FLASH_IRQHandler</STRONG> (Thumb, 0 bytes, Stack size 0 bytes, startup_stm32f40_41xxx.o(.text))
<BR>[Address Reference Count : 1]<UL><LI> startup_stm32f40_41xxx.o(RESET)
</UL>
<P><STRONG><a name="[6a]"></a>FPU_IRQHandler</STRONG> (Thumb, 0 bytes, Stack size 0 bytes, startup_stm32f40_41xxx.o(.text))
<BR>[Address Reference Count : 1]<UL><LI> startup_stm32f40_41xxx.o(RESET)
</UL>
<P><STRONG><a name="[49]"></a>FSMC_IRQHandler</STRONG> (Thumb, 0 bytes, Stack size 0 bytes, startup_stm32f40_41xxx.o(.text))
<BR>[Address Reference Count : 1]<UL><LI> startup_stm32f40_41xxx.o(RESET)
</UL>
<P><STRONG><a name="[69]"></a>HASH_RNG_IRQHandler</STRONG> (Thumb, 0 bytes, Stack size 0 bytes, startup_stm32f40_41xxx.o(.text))
<BR>[Address Reference Count : 1]<UL><LI> startup_stm32f40_41xxx.o(RESET)
</UL>
<P><STRONG><a name="[39]"></a>I2C1_ER_IRQHandler</STRONG> (Thumb, 0 bytes, Stack size 0 bytes, startup_stm32f40_41xxx.o(.text))
<BR>[Address Reference Count : 1]<UL><LI> startup_stm32f40_41xxx.o(RESET)
</UL>
<P><STRONG><a name="[38]"></a>I2C1_EV_IRQHandler</STRONG> (Thumb, 0 bytes, Stack size 0 bytes, startup_stm32f40_41xxx.o(.text))
<BR>[Address Reference Count : 1]<UL><LI> startup_stm32f40_41xxx.o(RESET)
</UL>
<P><STRONG><a name="[3b]"></a>I2C2_ER_IRQHandler</STRONG> (Thumb, 0 bytes, Stack size 0 bytes, startup_stm32f40_41xxx.o(.text))
<BR>[Address Reference Count : 1]<UL><LI> startup_stm32f40_41xxx.o(RESET)
</UL>
<P><STRONG><a name="[3a]"></a>I2C2_EV_IRQHandler</STRONG> (Thumb, 0 bytes, Stack size 0 bytes, startup_stm32f40_41xxx.o(.text))
<BR>[Address Reference Count : 1]<UL><LI> startup_stm32f40_41xxx.o(RESET)
</UL>
<P><STRONG><a name="[62]"></a>I2C3_ER_IRQHandler</STRONG> (Thumb, 0 bytes, Stack size 0 bytes, startup_stm32f40_41xxx.o(.text))
<BR>[Address Reference Count : 1]<UL><LI> startup_stm32f40_41xxx.o(RESET)
</UL>
<P><STRONG><a name="[61]"></a>I2C3_EV_IRQHandler</STRONG> (Thumb, 0 bytes, Stack size 0 bytes, startup_stm32f40_41xxx.o(.text))
<BR>[Address Reference Count : 1]<UL><LI> startup_stm32f40_41xxx.o(RESET)
</UL>
<P><STRONG><a name="[5c]"></a>OTG_FS_IRQHandler</STRONG> (Thumb, 0 bytes, Stack size 0 bytes, startup_stm32f40_41xxx.o(.text))
<BR>[Address Reference Count : 1]<UL><LI> startup_stm32f40_41xxx.o(RESET)
</UL>
<P><STRONG><a name="[43]"></a>OTG_FS_WKUP_IRQHandler</STRONG> (Thumb, 0 bytes, Stack size 0 bytes, startup_stm32f40_41xxx.o(.text))
<BR>[Address Reference Count : 1]<UL><LI> startup_stm32f40_41xxx.o(RESET)
</UL>
<P><STRONG><a name="[64]"></a>OTG_HS_EP1_IN_IRQHandler</STRONG> (Thumb, 0 bytes, Stack size 0 bytes, startup_stm32f40_41xxx.o(.text))
<BR>[Address Reference Count : 1]<UL><LI> startup_stm32f40_41xxx.o(RESET)
</UL>
<P><STRONG><a name="[63]"></a>OTG_HS_EP1_OUT_IRQHandler</STRONG> (Thumb, 0 bytes, Stack size 0 bytes, startup_stm32f40_41xxx.o(.text))
<BR>[Address Reference Count : 1]<UL><LI> startup_stm32f40_41xxx.o(RESET)
</UL>
<P><STRONG><a name="[66]"></a>OTG_HS_IRQHandler</STRONG> (Thumb, 0 bytes, Stack size 0 bytes, startup_stm32f40_41xxx.o(.text))
<BR>[Address Reference Count : 1]<UL><LI> startup_stm32f40_41xxx.o(RESET)
</UL>
<P><STRONG><a name="[65]"></a>OTG_HS_WKUP_IRQHandler</STRONG> (Thumb, 0 bytes, Stack size 0 bytes, startup_stm32f40_41xxx.o(.text))
<BR>[Address Reference Count : 1]<UL><LI> startup_stm32f40_41xxx.o(RESET)
</UL>
<P><STRONG><a name="[1a]"></a>PVD_IRQHandler</STRONG> (Thumb, 0 bytes, Stack size 0 bytes, startup_stm32f40_41xxx.o(.text))
<BR>[Address Reference Count : 1]<UL><LI> startup_stm32f40_41xxx.o(RESET)
</UL>
<P><STRONG><a name="[1e]"></a>RCC_IRQHandler</STRONG> (Thumb, 0 bytes, Stack size 0 bytes, startup_stm32f40_41xxx.o(.text))
<BR>[Address Reference Count : 1]<UL><LI> startup_stm32f40_41xxx.o(RESET)
</UL>
<P><STRONG><a name="[42]"></a>RTC_Alarm_IRQHandler</STRONG> (Thumb, 0 bytes, Stack size 0 bytes, startup_stm32f40_41xxx.o(.text))
<BR>[Address Reference Count : 1]<UL><LI> startup_stm32f40_41xxx.o(RESET)
</UL>
<P><STRONG><a name="[1c]"></a>RTC_WKUP_IRQHandler</STRONG> (Thumb, 0 bytes, Stack size 0 bytes, startup_stm32f40_41xxx.o(.text))
<BR>[Address Reference Count : 1]<UL><LI> startup_stm32f40_41xxx.o(RESET)
</UL>
<P><STRONG><a name="[4a]"></a>SDIO_IRQHandler</STRONG> (Thumb, 0 bytes, Stack size 0 bytes, startup_stm32f40_41xxx.o(.text))
<BR>[Address Reference Count : 1]<UL><LI> startup_stm32f40_41xxx.o(RESET)
</UL>
<P><STRONG><a name="[3c]"></a>SPI1_IRQHandler</STRONG> (Thumb, 0 bytes, Stack size 0 bytes, startup_stm32f40_41xxx.o(.text))
<BR>[Address Reference Count : 1]<UL><LI> startup_stm32f40_41xxx.o(RESET)
</UL>
<P><STRONG><a name="[3d]"></a>SPI2_IRQHandler</STRONG> (Thumb, 0 bytes, Stack size 0 bytes, startup_stm32f40_41xxx.o(.text))
<BR>[Address Reference Count : 1]<UL><LI> startup_stm32f40_41xxx.o(RESET)
</UL>
<P><STRONG><a name="[4c]"></a>SPI3_IRQHandler</STRONG> (Thumb, 0 bytes, Stack size 0 bytes, startup_stm32f40_41xxx.o(.text))
<BR>[Address Reference Count : 1]<UL><LI> startup_stm32f40_41xxx.o(RESET)
</UL>
<P><STRONG><a name="[1b]"></a>TAMP_STAMP_IRQHandler</STRONG> (Thumb, 0 bytes, Stack size 0 bytes, startup_stm32f40_41xxx.o(.text))
<BR>[Address Reference Count : 1]<UL><LI> startup_stm32f40_41xxx.o(RESET)
</UL>
<P><STRONG><a name="[31]"></a>TIM1_BRK_TIM9_IRQHandler</STRONG> (Thumb, 0 bytes, Stack size 0 bytes, startup_stm32f40_41xxx.o(.text))
<BR>[Address Reference Count : 1]<UL><LI> startup_stm32f40_41xxx.o(RESET)
</UL>
<P><STRONG><a name="[34]"></a>TIM1_CC_IRQHandler</STRONG> (Thumb, 0 bytes, Stack size 0 bytes, startup_stm32f40_41xxx.o(.text))
<BR>[Address Reference Count : 1]<UL><LI> startup_stm32f40_41xxx.o(RESET)
</UL>
<P><STRONG><a name="[33]"></a>TIM1_TRG_COM_TIM11_IRQHandler</STRONG> (Thumb, 0 bytes, Stack size 0 bytes, startup_stm32f40_41xxx.o(.text))
<BR>[Address Reference Count : 1]<UL><LI> startup_stm32f40_41xxx.o(RESET)
</UL>
<P><STRONG><a name="[32]"></a>TIM1_UP_TIM10_IRQHandler</STRONG> (Thumb, 0 bytes, Stack size 0 bytes, startup_stm32f40_41xxx.o(.text))
<BR>[Address Reference Count : 1]<UL><LI> startup_stm32f40_41xxx.o(RESET)
</UL>
<P><STRONG><a name="[35]"></a>TIM2_IRQHandler</STRONG> (Thumb, 0 bytes, Stack size 0 bytes, startup_stm32f40_41xxx.o(.text))
<BR>[Address Reference Count : 1]<UL><LI> startup_stm32f40_41xxx.o(RESET)
</UL>
<P><STRONG><a name="[36]"></a>TIM3_IRQHandler</STRONG> (Thumb, 0 bytes, Stack size 0 bytes, startup_stm32f40_41xxx.o(.text))
<BR>[Address Reference Count : 1]<UL><LI> startup_stm32f40_41xxx.o(RESET)
</UL>
<P><STRONG><a name="[37]"></a>TIM4_IRQHandler</STRONG> (Thumb, 0 bytes, Stack size 0 bytes, startup_stm32f40_41xxx.o(.text))
<BR>[Address Reference Count : 1]<UL><LI> startup_stm32f40_41xxx.o(RESET)
</UL>
<P><STRONG><a name="[4b]"></a>TIM5_IRQHandler</STRONG> (Thumb, 0 bytes, Stack size 0 bytes, startup_stm32f40_41xxx.o(.text))
<BR>[Address Reference Count : 1]<UL><LI> startup_stm32f40_41xxx.o(RESET)
</UL>
<P><STRONG><a name="[4f]"></a>TIM6_DAC_IRQHandler</STRONG> (Thumb, 0 bytes, Stack size 0 bytes, startup_stm32f40_41xxx.o(.text))
<BR>[Address Reference Count : 1]<UL><LI> startup_stm32f40_41xxx.o(RESET)
</UL>
<P><STRONG><a name="[50]"></a>TIM7_IRQHandler</STRONG> (Thumb, 0 bytes, Stack size 0 bytes, startup_stm32f40_41xxx.o(.text))
<BR>[Address Reference Count : 1]<UL><LI> startup_stm32f40_41xxx.o(RESET)
</UL>
<P><STRONG><a name="[44]"></a>TIM8_BRK_TIM12_IRQHandler</STRONG> (Thumb, 0 bytes, Stack size 0 bytes, startup_stm32f40_41xxx.o(.text))
<BR>[Address Reference Count : 1]<UL><LI> startup_stm32f40_41xxx.o(RESET)
</UL>
<P><STRONG><a name="[47]"></a>TIM8_CC_IRQHandler</STRONG> (Thumb, 0 bytes, Stack size 0 bytes, startup_stm32f40_41xxx.o(.text))
<BR>[Address Reference Count : 1]<UL><LI> startup_stm32f40_41xxx.o(RESET)
</UL>
<P><STRONG><a name="[46]"></a>TIM8_TRG_COM_TIM14_IRQHandler</STRONG> (Thumb, 0 bytes, Stack size 0 bytes, startup_stm32f40_41xxx.o(.text))
<BR>[Address Reference Count : 1]<UL><LI> startup_stm32f40_41xxx.o(RESET)
</UL>
<P><STRONG><a name="[45]"></a>TIM8_UP_TIM13_IRQHandler</STRONG> (Thumb, 0 bytes, Stack size 0 bytes, startup_stm32f40_41xxx.o(.text))
<BR>[Address Reference Count : 1]<UL><LI> startup_stm32f40_41xxx.o(RESET)
</UL>
<P><STRONG><a name="[4d]"></a>UART4_IRQHandler</STRONG> (Thumb, 0 bytes, Stack size 0 bytes, startup_stm32f40_41xxx.o(.text))
<BR>[Address Reference Count : 1]<UL><LI> startup_stm32f40_41xxx.o(RESET)
</UL>
<P><STRONG><a name="[4e]"></a>UART5_IRQHandler</STRONG> (Thumb, 0 bytes, Stack size 0 bytes, startup_stm32f40_41xxx.o(.text))
<BR>[Address Reference Count : 1]<UL><LI> startup_stm32f40_41xxx.o(RESET)
</UL>
<P><STRONG><a name="[19]"></a>WWDG_IRQHandler</STRONG> (Thumb, 0 bytes, Stack size 0 bytes, startup_stm32f40_41xxx.o(.text))
<BR>[Address Reference Count : 1]<UL><LI> startup_stm32f40_41xxx.o(RESET)
</UL>
<P><STRONG><a name="[132]"></a>__user_initial_stackheap</STRONG> (Thumb, 0 bytes, Stack size unknown bytes, startup_stm32f40_41xxx.o(.text))
<BR><BR>[Called By]<UL><LI><a href="#[110]">&gt;&gt;</a>&nbsp;&nbsp;&nbsp;__user_setup_stackheap
</UL>

<P><STRONG><a name="[17c]"></a>rt_hw_interrupt_disable</STRONG> (Thumb, 8 bytes, Stack size 0 bytes, context_rvds.o(.text))
<BR><BR>[Called By]<UL><LI><a href="#[1ae]">&gt;&gt;</a>&nbsp;&nbsp;&nbsp;rt_exit_critical
<LI><a href="#[1ac]">&gt;&gt;</a>&nbsp;&nbsp;&nbsp;rt_enter_critical
<LI><a href="#[114]">&gt;&gt;</a>&nbsp;&nbsp;&nbsp;main
<LI><a href="#[1b1]">&gt;&gt;</a>&nbsp;&nbsp;&nbsp;rt_hw_serial_isr
<LI><a href="#[1b6]">&gt;&gt;</a>&nbsp;&nbsp;&nbsp;dma_uart_rx_idle_isr
<LI><a href="#[137]">&gt;&gt;</a>&nbsp;&nbsp;&nbsp;dma_rx_done_isr
<LI><a href="#[138]">&gt;&gt;</a>&nbsp;&nbsp;&nbsp;rt_interrupt_leave
<LI><a href="#[136]">&gt;&gt;</a>&nbsp;&nbsp;&nbsp;rt_interrupt_enter
<LI><a href="#[1ff]">&gt;&gt;</a>&nbsp;&nbsp;&nbsp;rt_mutex_take
<LI><a href="#[201]">&gt;&gt;</a>&nbsp;&nbsp;&nbsp;rt_mutex_release
<LI><a href="#[317]">&gt;&gt;</a>&nbsp;&nbsp;&nbsp;rt_object_delete
<LI><a href="#[332]">&gt;&gt;</a>&nbsp;&nbsp;&nbsp;rt_thread_idle_excute
<LI><a href="#[2f7]">&gt;&gt;</a>&nbsp;&nbsp;&nbsp;rt_object_init
<LI><a href="#[319]">&gt;&gt;</a>&nbsp;&nbsp;&nbsp;rt_object_detach
<LI><a href="#[338]">&gt;&gt;</a>&nbsp;&nbsp;&nbsp;rt_timer_check
<LI><a href="#[337]">&gt;&gt;</a>&nbsp;&nbsp;&nbsp;rt_thread_yield
<LI><a href="#[31f]">&gt;&gt;</a>&nbsp;&nbsp;&nbsp;rt_schedule_remove_thread
<LI><a href="#[31e]">&gt;&gt;</a>&nbsp;&nbsp;&nbsp;rt_schedule_insert_thread
<LI><a href="#[17b]">&gt;&gt;</a>&nbsp;&nbsp;&nbsp;_rt_scheduler_stack_check
<LI><a href="#[2ed]">&gt;&gt;</a>&nbsp;&nbsp;&nbsp;rt_timer_start
<LI><a href="#[2eb]">&gt;&gt;</a>&nbsp;&nbsp;&nbsp;rt_thread_suspend
<LI><a href="#[2e7]">&gt;&gt;</a>&nbsp;&nbsp;&nbsp;rt_thread_resume
<LI><a href="#[313]">&gt;&gt;</a>&nbsp;&nbsp;&nbsp;rt_thread_control
<LI><a href="#[2e8]">&gt;&gt;</a>&nbsp;&nbsp;&nbsp;rt_schedule
<LI><a href="#[315]">&gt;&gt;</a>&nbsp;&nbsp;&nbsp;rt_object_allocate
<LI><a href="#[1c8]">&gt;&gt;</a>&nbsp;&nbsp;&nbsp;rt_sem_take
<LI><a href="#[1e9]">&gt;&gt;</a>&nbsp;&nbsp;&nbsp;rt_sem_release
<LI><a href="#[336]">&gt;&gt;</a>&nbsp;&nbsp;&nbsp;rt_timer_stop
<LI><a href="#[330]">&gt;&gt;</a>&nbsp;&nbsp;&nbsp;rt_timer_detach
<LI><a href="#[32f]">&gt;&gt;</a>&nbsp;&nbsp;&nbsp;rt_thread_sleep
<LI><a href="#[6e]">&gt;&gt;</a>&nbsp;&nbsp;&nbsp;rt_thread_exit
<LI><a href="#[32e]">&gt;&gt;</a>&nbsp;&nbsp;&nbsp;rt_thread_delete
<LI><a href="#[18a]">&gt;&gt;</a>&nbsp;&nbsp;&nbsp;rt_data_queue_push
<LI><a href="#[2f2]">&gt;&gt;</a>&nbsp;&nbsp;&nbsp;rt_data_queue_pop
<LI><a href="#[2f1]">&gt;&gt;</a>&nbsp;&nbsp;&nbsp;rt_data_queue_peak
<LI><a href="#[18e]">&gt;&gt;</a>&nbsp;&nbsp;&nbsp;rt_completion_wait
<LI><a href="#[2e9]">&gt;&gt;</a>&nbsp;&nbsp;&nbsp;rt_completion_init
<LI><a href="#[2e5]">&gt;&gt;</a>&nbsp;&nbsp;&nbsp;rt_completion_done
<LI><a href="#[18c]">&gt;&gt;</a>&nbsp;&nbsp;&nbsp;_serial_int_rx
<LI><a href="#[189]">&gt;&gt;</a>&nbsp;&nbsp;&nbsp;_serial_dma_tx
<LI><a href="#[183]">&gt;&gt;</a>&nbsp;&nbsp;&nbsp;_serial_dma_rx
</UL>

<P><STRONG><a name="[184]"></a>rt_hw_interrupt_enable</STRONG> (Thumb, 6 bytes, Stack size 0 bytes, context_rvds.o(.text))
<BR><BR>[Called By]<UL><LI><a href="#[1ae]">&gt;&gt;</a>&nbsp;&nbsp;&nbsp;rt_exit_critical
<LI><a href="#[1ac]">&gt;&gt;</a>&nbsp;&nbsp;&nbsp;rt_enter_critical
<LI><a href="#[1b1]">&gt;&gt;</a>&nbsp;&nbsp;&nbsp;rt_hw_serial_isr
<LI><a href="#[1b6]">&gt;&gt;</a>&nbsp;&nbsp;&nbsp;dma_uart_rx_idle_isr
<LI><a href="#[137]">&gt;&gt;</a>&nbsp;&nbsp;&nbsp;dma_rx_done_isr
<LI><a href="#[138]">&gt;&gt;</a>&nbsp;&nbsp;&nbsp;rt_interrupt_leave
<LI><a href="#[136]">&gt;&gt;</a>&nbsp;&nbsp;&nbsp;rt_interrupt_enter
<LI><a href="#[1ff]">&gt;&gt;</a>&nbsp;&nbsp;&nbsp;rt_mutex_take
<LI><a href="#[201]">&gt;&gt;</a>&nbsp;&nbsp;&nbsp;rt_mutex_release
<LI><a href="#[317]">&gt;&gt;</a>&nbsp;&nbsp;&nbsp;rt_object_delete
<LI><a href="#[332]">&gt;&gt;</a>&nbsp;&nbsp;&nbsp;rt_thread_idle_excute
<LI><a href="#[2f7]">&gt;&gt;</a>&nbsp;&nbsp;&nbsp;rt_object_init
<LI><a href="#[319]">&gt;&gt;</a>&nbsp;&nbsp;&nbsp;rt_object_detach
<LI><a href="#[338]">&gt;&gt;</a>&nbsp;&nbsp;&nbsp;rt_timer_check
<LI><a href="#[337]">&gt;&gt;</a>&nbsp;&nbsp;&nbsp;rt_thread_yield
<LI><a href="#[31f]">&gt;&gt;</a>&nbsp;&nbsp;&nbsp;rt_schedule_remove_thread
<LI><a href="#[31e]">&gt;&gt;</a>&nbsp;&nbsp;&nbsp;rt_schedule_insert_thread
<LI><a href="#[2ed]">&gt;&gt;</a>&nbsp;&nbsp;&nbsp;rt_timer_start
<LI><a href="#[2eb]">&gt;&gt;</a>&nbsp;&nbsp;&nbsp;rt_thread_suspend
<LI><a href="#[2e7]">&gt;&gt;</a>&nbsp;&nbsp;&nbsp;rt_thread_resume
<LI><a href="#[313]">&gt;&gt;</a>&nbsp;&nbsp;&nbsp;rt_thread_control
<LI><a href="#[2e8]">&gt;&gt;</a>&nbsp;&nbsp;&nbsp;rt_schedule
<LI><a href="#[315]">&gt;&gt;</a>&nbsp;&nbsp;&nbsp;rt_object_allocate
<LI><a href="#[1c8]">&gt;&gt;</a>&nbsp;&nbsp;&nbsp;rt_sem_take
<LI><a href="#[1e9]">&gt;&gt;</a>&nbsp;&nbsp;&nbsp;rt_sem_release
<LI><a href="#[336]">&gt;&gt;</a>&nbsp;&nbsp;&nbsp;rt_timer_stop
<LI><a href="#[330]">&gt;&gt;</a>&nbsp;&nbsp;&nbsp;rt_timer_detach
<LI><a href="#[32f]">&gt;&gt;</a>&nbsp;&nbsp;&nbsp;rt_thread_sleep
<LI><a href="#[6e]">&gt;&gt;</a>&nbsp;&nbsp;&nbsp;rt_thread_exit
<LI><a href="#[32e]">&gt;&gt;</a>&nbsp;&nbsp;&nbsp;rt_thread_delete
<LI><a href="#[18a]">&gt;&gt;</a>&nbsp;&nbsp;&nbsp;rt_data_queue_push
<LI><a href="#[2f2]">&gt;&gt;</a>&nbsp;&nbsp;&nbsp;rt_data_queue_pop
<LI><a href="#[2f1]">&gt;&gt;</a>&nbsp;&nbsp;&nbsp;rt_data_queue_peak
<LI><a href="#[18e]">&gt;&gt;</a>&nbsp;&nbsp;&nbsp;rt_completion_wait
<LI><a href="#[2e9]">&gt;&gt;</a>&nbsp;&nbsp;&nbsp;rt_completion_init
<LI><a href="#[2e5]">&gt;&gt;</a>&nbsp;&nbsp;&nbsp;rt_completion_done
<LI><a href="#[18c]">&gt;&gt;</a>&nbsp;&nbsp;&nbsp;_serial_int_rx
<LI><a href="#[189]">&gt;&gt;</a>&nbsp;&nbsp;&nbsp;_serial_dma_tx
<LI><a href="#[183]">&gt;&gt;</a>&nbsp;&nbsp;&nbsp;_serial_dma_rx
</UL>

<P><STRONG><a name="[31c]"></a>rt_hw_context_switch</STRONG> (Thumb, 32 bytes, Stack size 0 bytes, context_rvds.o(.text))
<BR><BR>[Called By]<UL><LI><a href="#[2e8]">&gt;&gt;</a>&nbsp;&nbsp;&nbsp;rt_schedule
</UL>

<P><STRONG><a name="[31d]"></a>rt_hw_context_switch_interrupt</STRONG> (Thumb, 0 bytes, Stack size 0 bytes, context_rvds.o(.text))
<BR><BR>[Called By]<UL><LI><a href="#[2e8]">&gt;&gt;</a>&nbsp;&nbsp;&nbsp;rt_schedule
</UL>

<P><STRONG><a name="[17]"></a>PendSV_Handler</STRONG> (Thumb, 108 bytes, Stack size 0 bytes, context_rvds.o(.text))
<BR>[Address Reference Count : 1]<UL><LI> startup_stm32f40_41xxx.o(RESET)
</UL>
<P><STRONG><a name="[32c]"></a>rt_hw_context_switch_to</STRONG> (Thumb, 70 bytes, Stack size 0 bytes, context_rvds.o(.text))
<BR><BR>[Called By]<UL><LI><a href="#[32b]">&gt;&gt;</a>&nbsp;&nbsp;&nbsp;rt_system_scheduler_start
</UL>

<P><STRONG><a name="[386]"></a>rt_hw_interrupt_thread_switch</STRONG> (Thumb, 2 bytes, Stack size 0 bytes, context_rvds.o(.text), UNUSED)

<P><STRONG><a name="[11]"></a>HardFault_Handler</STRONG> (Thumb, 20 bytes, Stack size 0 bytes, context_rvds.o(.text))
<BR><BR>[Stack]<UL><LI>Max Depth = 328<LI>Call Chain = HardFault_Handler &rArr; rt_hw_hard_fault_exception &rArr; list_thread &rArr; _list_thread &rArr; object_name_maxlen &rArr; rt_exit_critical &rArr; rt_schedule &rArr; _rt_scheduler_stack_check &rArr;  list_thread (Cycle)
</UL>
<BR>[Calls]<UL><LI><a href="#[11a]">&gt;&gt;</a>&nbsp;&nbsp;&nbsp;rt_hw_hard_fault_exception
</UL>
<BR>[Address Reference Count : 1]<UL><LI> startup_stm32f40_41xxx.o(RESET)
</UL>
<P><STRONG><a name="[11b]"></a>malloc</STRONG> (Thumb, 94 bytes, Stack size 16 bytes, h1_alloc.o(.text))
<BR><BR>[Stack]<UL><LI>Max Depth = 48<LI>Call Chain = malloc &rArr; __Heap_Full &rArr; __Heap_ProvideMemory &rArr; free
</UL>
<BR>[Calls]<UL><LI><a href="#[11d]">&gt;&gt;</a>&nbsp;&nbsp;&nbsp;__Heap_Full
<LI><a href="#[11c]">&gt;&gt;</a>&nbsp;&nbsp;&nbsp;__rt_heap_descriptor
</UL>
<BR>[Called By]<UL><LI><a href="#[25a]">&gt;&gt;</a>&nbsp;&nbsp;&nbsp;lv_draw_shadow_full
<LI><a href="#[25b]">&gt;&gt;</a>&nbsp;&nbsp;&nbsp;lv_draw_shadow_bottom
</UL>

<P><STRONG><a name="[11e]"></a>free</STRONG> (Thumb, 78 bytes, Stack size 16 bytes, h1_free.o(.text))
<BR><BR>[Stack]<UL><LI>Max Depth = 16<LI>Call Chain = free
</UL>
<BR>[Calls]<UL><LI><a href="#[11c]">&gt;&gt;</a>&nbsp;&nbsp;&nbsp;__rt_heap_descriptor
</UL>
<BR>[Called By]<UL><LI><a href="#[25a]">&gt;&gt;</a>&nbsp;&nbsp;&nbsp;lv_draw_shadow_full
<LI><a href="#[25b]">&gt;&gt;</a>&nbsp;&nbsp;&nbsp;lv_draw_shadow_bottom
<LI><a href="#[128]">&gt;&gt;</a>&nbsp;&nbsp;&nbsp;__Heap_ProvideMemory
</UL>

<P><STRONG><a name="[11f]"></a>atoi</STRONG> (Thumb, 26 bytes, Stack size 16 bytes, atoi.o(.text))
<BR><BR>[Stack]<UL><LI>Max Depth = 88<LI>Call Chain = atoi &rArr; strtol &rArr; _strtoul
</UL>
<BR>[Calls]<UL><LI><a href="#[121]">&gt;&gt;</a>&nbsp;&nbsp;&nbsp;strtol
<LI><a href="#[120]">&gt;&gt;</a>&nbsp;&nbsp;&nbsp;__aeabi_errno_addr
</UL>
<BR>[Called By]<UL><LI><a href="#[349]">&gt;&gt;</a>&nbsp;&nbsp;&nbsp;token_proc_char
</UL>

<P><STRONG><a name="[1c5]"></a>strcpy</STRONG> (Thumb, 72 bytes, Stack size 12 bytes, strcpy.o(.text))
<BR><BR>[Stack]<UL><LI>Max Depth = 12<LI>Call Chain = strcpy
</UL>
<BR>[Called By]<UL><LI><a href="#[280]">&gt;&gt;</a>&nbsp;&nbsp;&nbsp;lv_label_set_text
<LI><a href="#[1c3]">&gt;&gt;</a>&nbsp;&nbsp;&nbsp;finsh_get_prompt
<LI><a href="#[a1]">&gt;&gt;</a>&nbsp;&nbsp;&nbsp;lv_ufs_dir_read
<LI><a href="#[2c2]">&gt;&gt;</a>&nbsp;&nbsp;&nbsp;lv_ufs_ent_new
</UL>

<P><STRONG><a name="[1de]"></a>strlen</STRONG> (Thumb, 62 bytes, Stack size 8 bytes, strlen.o(.text))
<BR><BR>[Stack]<UL><LI>Max Depth = 8<LI>Call Chain = strlen
</UL>
<BR>[Called By]<UL><LI><a href="#[280]">&gt;&gt;</a>&nbsp;&nbsp;&nbsp;lv_label_set_text
<LI><a href="#[1d8]">&gt;&gt;</a>&nbsp;&nbsp;&nbsp;finsh_sysvar_lookup
<LI><a href="#[1d9]">&gt;&gt;</a>&nbsp;&nbsp;&nbsp;finsh_syscall_lookup
<LI><a href="#[1dd]">&gt;&gt;</a>&nbsp;&nbsp;&nbsp;finsh_node_new_string
<LI><a href="#[235]">&gt;&gt;</a>&nbsp;&nbsp;&nbsp;list_prefix
<LI><a href="#[71]">&gt;&gt;</a>&nbsp;&nbsp;&nbsp;finsh_thread_entry
<LI><a href="#[2d1]">&gt;&gt;</a>&nbsp;&nbsp;&nbsp;msh_auto_complete
<LI><a href="#[34b]">&gt;&gt;</a>&nbsp;&nbsp;&nbsp;token_proc_number
<LI><a href="#[346]">&gt;&gt;</a>&nbsp;&nbsp;&nbsp;token_next_char
<LI><a href="#[2c2]">&gt;&gt;</a>&nbsp;&nbsp;&nbsp;lv_ufs_ent_new
</UL>

<P><STRONG><a name="[1f0]"></a>strncmp</STRONG> (Thumb, 150 bytes, Stack size 16 bytes, strncmp.o(.text))
<BR><BR>[Stack]<UL><LI>Max Depth = 16<LI>Call Chain = strncmp
</UL>
<BR>[Called By]<UL><LI><a href="#[1d7]">&gt;&gt;</a>&nbsp;&nbsp;&nbsp;finsh_var_lookup
<LI><a href="#[1d8]">&gt;&gt;</a>&nbsp;&nbsp;&nbsp;finsh_sysvar_lookup
<LI><a href="#[1d9]">&gt;&gt;</a>&nbsp;&nbsp;&nbsp;finsh_syscall_lookup
<LI><a href="#[fd]">&gt;&gt;</a>&nbsp;&nbsp;&nbsp;list
<LI><a href="#[100]">&gt;&gt;</a>&nbsp;&nbsp;&nbsp;msh_help
<LI><a href="#[2d1]">&gt;&gt;</a>&nbsp;&nbsp;&nbsp;msh_auto_complete
<LI><a href="#[178]">&gt;&gt;</a>&nbsp;&nbsp;&nbsp;msh_get_cmd
<LI><a href="#[1fd]">&gt;&gt;</a>&nbsp;&nbsp;&nbsp;finsh_var_insert
</UL>

<P><STRONG><a name="[1c6]"></a>strcat</STRONG> (Thumb, 24 bytes, Stack size 0 bytes, strcat.o(.text))
<BR><BR>[Called By]<UL><LI><a href="#[1c3]">&gt;&gt;</a>&nbsp;&nbsp;&nbsp;finsh_get_prompt
</UL>

<P><STRONG><a name="[28c]"></a>__aeabi_memcpy</STRONG> (Thumb, 0 bytes, Stack size 0 bytes, rt_memcpy_v6.o(.text))
<BR><BR>[Called By]<UL><LI><a href="#[277]">&gt;&gt;</a>&nbsp;&nbsp;&nbsp;lv_label_create
<LI><a href="#[28b]">&gt;&gt;</a>&nbsp;&nbsp;&nbsp;lv_mem_realloc
<LI><a href="#[2cd]">&gt;&gt;</a>&nbsp;&nbsp;&nbsp;sw_mem_blend
<LI><a href="#[2c5]">&gt;&gt;</a>&nbsp;&nbsp;&nbsp;sw_color_fill
<LI><a href="#[9a]">&gt;&gt;</a>&nbsp;&nbsp;&nbsp;lv_ufs_write
<LI><a href="#[99]">&gt;&gt;</a>&nbsp;&nbsp;&nbsp;lv_ufs_read
<LI><a href="#[296]">&gt;&gt;</a>&nbsp;&nbsp;&nbsp;lv_label_refr_text
</UL>

<P><STRONG><a name="[122]"></a>__rt_memcpy</STRONG> (Thumb, 138 bytes, Stack size 0 bytes, rt_memcpy_v6.o(.text), UNUSED)
<BR><BR>[Calls]<UL><LI><a href="#[123]">&gt;&gt;</a>&nbsp;&nbsp;&nbsp;__aeabi_memcpy4
</UL>

<P><STRONG><a name="[387]"></a>_memcpy_lastbytes</STRONG> (Thumb, 0 bytes, Stack size unknown bytes, rt_memcpy_v6.o(.text), UNUSED)

<P><STRONG><a name="[123]"></a>__aeabi_memcpy4</STRONG> (Thumb, 0 bytes, Stack size 8 bytes, rt_memcpy_w.o(.text))
<BR><BR>[Stack]<UL><LI>Max Depth = 8<LI>Call Chain = __aeabi_memcpy4
</UL>
<BR>[Called By]<UL><LI><a href="#[266]">&gt;&gt;</a>&nbsp;&nbsp;&nbsp;lv_style_copy
<LI><a href="#[165]">&gt;&gt;</a>&nbsp;&nbsp;&nbsp;_list_device
<LI><a href="#[270]">&gt;&gt;</a>&nbsp;&nbsp;&nbsp;lv_style_init
<LI><a href="#[239]">&gt;&gt;</a>&nbsp;&nbsp;&nbsp;lv_anim_create
<LI><a href="#[25f]">&gt;&gt;</a>&nbsp;&nbsp;&nbsp;lv_fs_add_drv
<LI><a href="#[23f]">&gt;&gt;</a>&nbsp;&nbsp;&nbsp;lv_disp_drv_register
<LI><a href="#[122]">&gt;&gt;</a>&nbsp;&nbsp;&nbsp;__rt_memcpy
</UL>

<P><STRONG><a name="[388]"></a>__aeabi_memcpy8</STRONG> (Thumb, 0 bytes, Stack size 8 bytes, rt_memcpy_w.o(.text), UNUSED)

<P><STRONG><a name="[389]"></a>__rt_memcpy_w</STRONG> (Thumb, 100 bytes, Stack size 8 bytes, rt_memcpy_w.o(.text), UNUSED)

<P><STRONG><a name="[38a]"></a>_memcpy_lastbytes_aligned</STRONG> (Thumb, 0 bytes, Stack size unknown bytes, rt_memcpy_w.o(.text), UNUSED)

<P><STRONG><a name="[127]"></a>__aeabi_memclr</STRONG> (Thumb, 0 bytes, Stack size 0 bytes, rt_memclr.o(.text))
<BR><BR>[Called By]<UL><LI><a href="#[1bd]">&gt;&gt;</a>&nbsp;&nbsp;&nbsp;finsh_compiler_run
<LI><a href="#[25a]">&gt;&gt;</a>&nbsp;&nbsp;&nbsp;lv_draw_shadow_full
<LI><a href="#[94]">&gt;&gt;</a>&nbsp;&nbsp;&nbsp;lv_refr_task
<LI><a href="#[271]">&gt;&gt;</a>&nbsp;&nbsp;&nbsp;lv_refr_init
<LI><a href="#[126]">&gt;&gt;</a>&nbsp;&nbsp;&nbsp;strncpy
</UL>

<P><STRONG><a name="[124]"></a>__rt_memclr</STRONG> (Thumb, 68 bytes, Stack size 0 bytes, rt_memclr.o(.text), UNUSED)
<BR><BR>[Calls]<UL><LI><a href="#[125]">&gt;&gt;</a>&nbsp;&nbsp;&nbsp;_memset_w
</UL>

<P><STRONG><a name="[38b]"></a>_memset</STRONG> (Thumb, 0 bytes, Stack size unknown bytes, rt_memclr.o(.text), UNUSED)

<P><STRONG><a name="[179]"></a>__aeabi_memclr4</STRONG> (Thumb, 0 bytes, Stack size 4 bytes, rt_memclr_w.o(.text))
<BR><BR>[Stack]<UL><LI>Max Depth = 4<LI>Call Chain = __aeabi_memclr4
</UL>
<BR>[Called By]<UL><LI><a href="#[1ea]">&gt;&gt;</a>&nbsp;&nbsp;&nbsp;finsh_set_device
<LI><a href="#[1d3]">&gt;&gt;</a>&nbsp;&nbsp;&nbsp;finsh_var_init
<LI><a href="#[1c0]">&gt;&gt;</a>&nbsp;&nbsp;&nbsp;finsh_parser_init
<LI><a href="#[1c1]">&gt;&gt;</a>&nbsp;&nbsp;&nbsp;finsh_node_init
<LI><a href="#[1d1]">&gt;&gt;</a>&nbsp;&nbsp;&nbsp;finsh_heap_init
<LI><a href="#[1ca]">&gt;&gt;</a>&nbsp;&nbsp;&nbsp;finsh_heap_allocate
<LI><a href="#[71]">&gt;&gt;</a>&nbsp;&nbsp;&nbsp;finsh_thread_entry
<LI><a href="#[176]">&gt;&gt;</a>&nbsp;&nbsp;&nbsp;_msh_exec_cmd
<LI><a href="#[1e0]">&gt;&gt;</a>&nbsp;&nbsp;&nbsp;finsh_token_init
<LI><a href="#[26f]">&gt;&gt;</a>&nbsp;&nbsp;&nbsp;lv_ufs_init
<LI><a href="#[2a6]">&gt;&gt;</a>&nbsp;&nbsp;&nbsp;lv_mem_monitor
<LI><a href="#[269]">&gt;&gt;</a>&nbsp;&nbsp;&nbsp;lv_indev_drv_register
</UL>

<P><STRONG><a name="[38c]"></a>__aeabi_memclr8</STRONG> (Thumb, 0 bytes, Stack size 4 bytes, rt_memclr_w.o(.text), UNUSED)

<P><STRONG><a name="[38d]"></a>__rt_memclr_w</STRONG> (Thumb, 78 bytes, Stack size 4 bytes, rt_memclr_w.o(.text), UNUSED)

<P><STRONG><a name="[125]"></a>_memset_w</STRONG> (Thumb, 0 bytes, Stack size unknown bytes, rt_memclr_w.o(.text), UNUSED)
<BR><BR>[Called By]<UL><LI><a href="#[124]">&gt;&gt;</a>&nbsp;&nbsp;&nbsp;__rt_memclr
</UL>

<P><STRONG><a name="[126]"></a>strncpy</STRONG> (Thumb, 86 bytes, Stack size 8 bytes, strncpy.o(.text))
<BR><BR>[Stack]<UL><LI>Max Depth = 8<LI>Call Chain = strncpy
</UL>
<BR>[Calls]<UL><LI><a href="#[127]">&gt;&gt;</a>&nbsp;&nbsp;&nbsp;__aeabi_memclr
</UL>
<BR>[Called By]<UL><LI><a href="#[1dd]">&gt;&gt;</a>&nbsp;&nbsp;&nbsp;finsh_node_new_string
<LI><a href="#[1fd]">&gt;&gt;</a>&nbsp;&nbsp;&nbsp;finsh_var_insert
<LI><a href="#[2df]">&gt;&gt;</a>&nbsp;&nbsp;&nbsp;proc_identifier
</UL>

<P><STRONG><a name="[1ef]"></a>strcmp</STRONG> (Thumb, 128 bytes, Stack size 0 bytes, strcmpv7m.o(.text))
<BR><BR>[Called By]<UL><LI><a href="#[1d8]">&gt;&gt;</a>&nbsp;&nbsp;&nbsp;finsh_sysvar_lookup
<LI><a href="#[1d9]">&gt;&gt;</a>&nbsp;&nbsp;&nbsp;finsh_syscall_lookup
<LI><a href="#[348]">&gt;&gt;</a>&nbsp;&nbsp;&nbsp;token_match_name
<LI><a href="#[2c1]">&gt;&gt;</a>&nbsp;&nbsp;&nbsp;lv_ufs_ent_get
<LI><a href="#[6d]">&gt;&gt;</a>&nbsp;&nbsp;&nbsp;_get_lc_ctype
</UL>

<P><STRONG><a name="[38e]"></a>__use_two_region_memory</STRONG> (Thumb, 2 bytes, Stack size 0 bytes, heapauxi.o(.text), UNUSED)

<P><STRONG><a name="[1]"></a>__rt_heap_escrow</STRONG> (Thumb, 2 bytes, Stack size 0 bytes, heapauxi.o(.text), UNUSED)

<P><STRONG><a name="[0]"></a>__rt_heap_expand</STRONG> (Thumb, 2 bytes, Stack size 0 bytes, heapauxi.o(.text), UNUSED)

<P><STRONG><a name="[11c]"></a>__rt_heap_descriptor</STRONG> (Thumb, 8 bytes, Stack size 0 bytes, rt_heap_descriptor_intlibspace.o(.text))
<BR><BR>[Called By]<UL><LI><a href="#[11e]">&gt;&gt;</a>&nbsp;&nbsp;&nbsp;free
<LI><a href="#[11b]">&gt;&gt;</a>&nbsp;&nbsp;&nbsp;malloc
<LI><a href="#[10b]">&gt;&gt;</a>&nbsp;&nbsp;&nbsp;_init_alloc
</UL>

<P><STRONG><a name="[120]"></a>__aeabi_errno_addr</STRONG> (Thumb, 8 bytes, Stack size 0 bytes, rt_errno_addr_intlibspace.o(.text))
<BR><BR>[Called By]<UL><LI><a href="#[12d]">&gt;&gt;</a>&nbsp;&nbsp;&nbsp;_strtoul
<LI><a href="#[121]">&gt;&gt;</a>&nbsp;&nbsp;&nbsp;strtol
<LI><a href="#[11f]">&gt;&gt;</a>&nbsp;&nbsp;&nbsp;atoi
</UL>

<P><STRONG><a name="[38f]"></a>__errno$intlibspace</STRONG> (Thumb, 0 bytes, Stack size 0 bytes, rt_errno_addr_intlibspace.o(.text), UNUSED)

<P><STRONG><a name="[390]"></a>__rt_errno_addr$intlibspace</STRONG> (Thumb, 0 bytes, Stack size 0 bytes, rt_errno_addr_intlibspace.o(.text), UNUSED)

<P><STRONG><a name="[391]"></a>__use_no_heap</STRONG> (Thumb, 2 bytes, Stack size 0 bytes, hguard.o(.text), UNUSED)

<P><STRONG><a name="[392]"></a>__heap$guard</STRONG> (Thumb, 2 bytes, Stack size 0 bytes, hguard.o(.text), UNUSED)

<P><STRONG><a name="[5]"></a>_terminate_user_alloc</STRONG> (Thumb, 2 bytes, Stack size 0 bytes, init_alloc.o(.text), UNUSED)

<P><STRONG><a name="[3]"></a>_init_user_alloc</STRONG> (Thumb, 2 bytes, Stack size 0 bytes, init_alloc.o(.text), UNUSED)

<P><STRONG><a name="[11d]"></a>__Heap_Full</STRONG> (Thumb, 34 bytes, Stack size 16 bytes, init_alloc.o(.text))
<BR><BR>[Stack]<UL><LI>Max Depth = 32<LI>Call Chain = __Heap_Full &rArr; __Heap_ProvideMemory &rArr; free
</UL>
<BR>[Calls]<UL><LI><a href="#[128]">&gt;&gt;</a>&nbsp;&nbsp;&nbsp;__Heap_ProvideMemory
</UL>
<BR>[Called By]<UL><LI><a href="#[11b]">&gt;&gt;</a>&nbsp;&nbsp;&nbsp;malloc
</UL>

<P><STRONG><a name="[129]"></a>__Heap_Broken</STRONG> (Thumb, 6 bytes, Stack size 0 bytes, init_alloc.o(.text), UNUSED)
<BR><BR>[Calls]<UL><LI><a href="#[12a]">&gt;&gt;</a>&nbsp;&nbsp;&nbsp;__rt_SIGRTMEM
</UL>

<P><STRONG><a name="[10b]"></a>_init_alloc</STRONG> (Thumb, 94 bytes, Stack size 24 bytes, init_alloc.o(.text))
<BR><BR>[Stack]<UL><LI>Max Depth = 64<LI>Call Chain = _init_alloc &rArr; __rt_SIGRTMEM &rArr; __rt_SIGRTMEM_inner &rArr; __default_signal_display &rArr; _ttywrch
</UL>
<BR>[Calls]<UL><LI><a href="#[12a]">&gt;&gt;</a>&nbsp;&nbsp;&nbsp;__rt_SIGRTMEM
<LI><a href="#[128]">&gt;&gt;</a>&nbsp;&nbsp;&nbsp;__Heap_ProvideMemory
<LI><a href="#[12b]">&gt;&gt;</a>&nbsp;&nbsp;&nbsp;__Heap_Initialize
<LI><a href="#[11c]">&gt;&gt;</a>&nbsp;&nbsp;&nbsp;__rt_heap_descriptor
</UL>
<BR>[Called By]<UL><LI><a href="#[10a]">&gt;&gt;</a>&nbsp;&nbsp;&nbsp;__rt_lib_init_heap_2
</UL>

<P><STRONG><a name="[12b]"></a>__Heap_Initialize</STRONG> (Thumb, 10 bytes, Stack size 0 bytes, h1_init.o(.text))
<BR><BR>[Called By]<UL><LI><a href="#[10b]">&gt;&gt;</a>&nbsp;&nbsp;&nbsp;_init_alloc
</UL>

<P><STRONG><a name="[2]"></a>__Heap_DescSize</STRONG> (Thumb, 4 bytes, Stack size 0 bytes, h1_init.o(.text), UNUSED)

<P><STRONG><a name="[121]"></a>strtol</STRONG> (Thumb, 112 bytes, Stack size 32 bytes, strtol.o(.text))
<BR><BR>[Stack]<UL><LI>Max Depth = 72<LI>Call Chain = strtol &rArr; _strtoul
</UL>
<BR>[Calls]<UL><LI><a href="#[12d]">&gt;&gt;</a>&nbsp;&nbsp;&nbsp;_strtoul
<LI><a href="#[12c]">&gt;&gt;</a>&nbsp;&nbsp;&nbsp;__rt_ctype_table
[...]
<BR><BR>[Stack]<UL><LI>Max Depth = 212<LI>Call Chain = lv_draw_rect_main_corner &rArr; lv_color_mix
</UL>
<BR>[Calls]<UL><LI><a href="#[250]">&gt;&gt;</a>&nbsp;&nbsp;&nbsp;lv_draw_cont_radius_corr
<LI><a href="#[256]">&gt;&gt;</a>&nbsp;&nbsp;&nbsp;lv_color_mix
<LI><a href="#[242]">&gt;&gt;</a>&nbsp;&nbsp;&nbsp;lv_area_get_width
<LI><a href="#[24a]">&gt;&gt;</a>&nbsp;&nbsp;&nbsp;lv_area_get_height
<LI><a href="#[252]">&gt;&gt;</a>&nbsp;&nbsp;&nbsp;antialias_get_opa_circ
<LI><a href="#[253]">&gt;&gt;</a>&nbsp;&nbsp;&nbsp;antialias_get_opa
<LI><a href="#[254]">&gt;&gt;</a>&nbsp;&nbsp;&nbsp;lv_circ_next
<LI><a href="#[251]">&gt;&gt;</a>&nbsp;&nbsp;&nbsp;lv_circ_init
<LI><a href="#[257]">&gt;&gt;</a>&nbsp;&nbsp;&nbsp;lv_circ_cont
<LI><a href="#[255]">&gt;&gt;</a>&nbsp;&nbsp;&nbsp;lv_area_set
</UL>
<BR>[Called By]<UL><LI><a href="#[249]">&gt;&gt;</a>&nbsp;&nbsp;&nbsp;lv_draw_rect
</UL>

<P><STRONG><a name="[24c]"></a>lv_draw_rect_main_mid</STRONG> (Thumb, 282 bytes, Stack size 80 bytes, lv_draw.o(i.lv_draw_rect_main_mid))
<BR><BR>[Stack]<UL><LI>Max Depth = 100<LI>Call Chain = lv_draw_rect_main_mid &rArr; lv_color_mix
</UL>
<BR>[Calls]<UL><LI><a href="#[250]">&gt;&gt;</a>&nbsp;&nbsp;&nbsp;lv_draw_cont_radius_corr
<LI><a href="#[256]">&gt;&gt;</a>&nbsp;&nbsp;&nbsp;lv_color_mix
<LI><a href="#[242]">&gt;&gt;</a>&nbsp;&nbsp;&nbsp;lv_area_get_width
<LI><a href="#[24a]">&gt;&gt;</a>&nbsp;&nbsp;&nbsp;lv_area_get_height
</UL>
<BR>[Called By]<UL><LI><a href="#[249]">&gt;&gt;</a>&nbsp;&nbsp;&nbsp;lv_draw_rect
</UL>

<P><STRONG><a name="[24b]"></a>lv_draw_shadow</STRONG> (Thumb, 168 bytes, Stack size 40 bytes, lv_draw.o(i.lv_draw_shadow))
<BR><BR>[Stack]<UL><LI>Max Depth = 256<LI>Call Chain = lv_draw_shadow &rArr; lv_draw_shadow_full &rArr; lv_draw_shadow_full_straight
</UL>
<BR>[Calls]<UL><LI><a href="#[25a]">&gt;&gt;</a>&nbsp;&nbsp;&nbsp;lv_draw_shadow_full
<LI><a href="#[25b]">&gt;&gt;</a>&nbsp;&nbsp;&nbsp;lv_draw_shadow_bottom
<LI><a href="#[250]">&gt;&gt;</a>&nbsp;&nbsp;&nbsp;lv_draw_cont_radius_corr
<LI><a href="#[242]">&gt;&gt;</a>&nbsp;&nbsp;&nbsp;lv_area_get_width
<LI><a href="#[24a]">&gt;&gt;</a>&nbsp;&nbsp;&nbsp;lv_area_get_height
<LI><a href="#[258]">&gt;&gt;</a>&nbsp;&nbsp;&nbsp;lv_area_copy
<LI><a href="#[259]">&gt;&gt;</a>&nbsp;&nbsp;&nbsp;lv_area_is_in
</UL>
<BR>[Called By]<UL><LI><a href="#[249]">&gt;&gt;</a>&nbsp;&nbsp;&nbsp;lv_draw_rect
</UL>

<P><STRONG><a name="[25b]"></a>lv_draw_shadow_bottom</STRONG> (Thumb, 578 bytes, Stack size 120 bytes, lv_draw.o(i.lv_draw_shadow_bottom))
<BR><BR>[Stack]<UL><LI>Max Depth = 168<LI>Call Chain = lv_draw_shadow_bottom &rArr; malloc &rArr; __Heap_Full &rArr; __Heap_ProvideMemory &rArr; free
</UL>
<BR>[Calls]<UL><LI><a href="#[250]">&gt;&gt;</a>&nbsp;&nbsp;&nbsp;lv_draw_cont_radius_corr
<LI><a href="#[242]">&gt;&gt;</a>&nbsp;&nbsp;&nbsp;lv_area_get_width
<LI><a href="#[24a]">&gt;&gt;</a>&nbsp;&nbsp;&nbsp;lv_area_get_height
<LI><a href="#[254]">&gt;&gt;</a>&nbsp;&nbsp;&nbsp;lv_circ_next
<LI><a href="#[251]">&gt;&gt;</a>&nbsp;&nbsp;&nbsp;lv_circ_init
<LI><a href="#[257]">&gt;&gt;</a>&nbsp;&nbsp;&nbsp;lv_circ_cont
<LI><a href="#[11e]">&gt;&gt;</a>&nbsp;&nbsp;&nbsp;free
<LI><a href="#[11b]">&gt;&gt;</a>&nbsp;&nbsp;&nbsp;malloc
</UL>
<BR>[Called By]<UL><LI><a href="#[24b]">&gt;&gt;</a>&nbsp;&nbsp;&nbsp;lv_draw_shadow
</UL>

<P><STRONG><a name="[25a]"></a>lv_draw_shadow_full</STRONG> (Thumb, 908 bytes, Stack size 136 bytes, lv_draw.o(i.lv_draw_shadow_full))
<BR><BR>[Stack]<UL><LI>Max Depth = 216<LI>Call Chain = lv_draw_shadow_full &rArr; lv_draw_shadow_full_straight
</UL>
<BR>[Calls]<UL><LI><a href="#[25c]">&gt;&gt;</a>&nbsp;&nbsp;&nbsp;lv_draw_shadow_full_straight
<LI><a href="#[250]">&gt;&gt;</a>&nbsp;&nbsp;&nbsp;lv_draw_cont_radius_corr
<LI><a href="#[242]">&gt;&gt;</a>&nbsp;&nbsp;&nbsp;lv_area_get_width
<LI><a href="#[24a]">&gt;&gt;</a>&nbsp;&nbsp;&nbsp;lv_area_get_height
<LI><a href="#[254]">&gt;&gt;</a>&nbsp;&nbsp;&nbsp;lv_circ_next
<LI><a href="#[251]">&gt;&gt;</a>&nbsp;&nbsp;&nbsp;lv_circ_init
<LI><a href="#[257]">&gt;&gt;</a>&nbsp;&nbsp;&nbsp;lv_circ_cont
<LI><a href="#[11e]">&gt;&gt;</a>&nbsp;&nbsp;&nbsp;free
<LI><a href="#[11b]">&gt;&gt;</a>&nbsp;&nbsp;&nbsp;malloc
<LI><a href="#[127]">&gt;&gt;</a>&nbsp;&nbsp;&nbsp;__aeabi_memclr
</UL>
<BR>[Called By]<UL><LI><a href="#[24b]">&gt;&gt;</a>&nbsp;&nbsp;&nbsp;lv_draw_shadow
</UL>

<P><STRONG><a name="[25c]"></a>lv_draw_shadow_full_straight</STRONG> (Thumb, 410 bytes, Stack size 80 bytes, lv_draw.o(i.lv_draw_shadow_full_straight))
<BR><BR>[Stack]<UL><LI>Max Depth = 80<LI>Call Chain = lv_draw_shadow_full_straight
</UL>
<BR>[Calls]<UL><LI><a href="#[250]">&gt;&gt;</a>&nbsp;&nbsp;&nbsp;lv_draw_cont_radius_corr
<LI><a href="#[242]">&gt;&gt;</a>&nbsp;&nbsp;&nbsp;lv_area_get_width
<LI><a href="#[24a]">&gt;&gt;</a>&nbsp;&nbsp;&nbsp;lv_area_get_height
</UL>
<BR>[Called By]<UL><LI><a href="#[25a]">&gt;&gt;</a>&nbsp;&nbsp;&nbsp;lv_draw_shadow_full
</UL>

<P><STRONG><a name="[2c4]"></a>lv_area_get_width</STRONG> (Thumb, 14 bytes, Stack size 0 bytes, lv_draw_vbasic.o(i.lv_area_get_width))
<BR><BR>[Called By]<UL><LI><a href="#[2c5]">&gt;&gt;</a>&nbsp;&nbsp;&nbsp;sw_color_fill
<LI><a href="#[9]">&gt;&gt;</a>&nbsp;&nbsp;&nbsp;lv_vpx
<LI><a href="#[c]">&gt;&gt;</a>&nbsp;&nbsp;&nbsp;lv_vmap
<LI><a href="#[b]">&gt;&gt;</a>&nbsp;&nbsp;&nbsp;lv_vletter
<LI><a href="#[a]">&gt;&gt;</a>&nbsp;&nbsp;&nbsp;lv_vfill
</UL>

<P><STRONG><a name="[2cc]"></a>lv_color_mix</STRONG> (Thumb, 124 bytes, Stack size 20 bytes, lv_draw_vbasic.o(i.lv_color_mix))
<BR><BR>[Stack]<UL><LI>Max Depth = 20<LI>Call Chain = lv_color_mix
</UL>
<BR>[Called By]<UL><LI><a href="#[2cd]">&gt;&gt;</a>&nbsp;&nbsp;&nbsp;sw_mem_blend
<LI><a href="#[2c5]">&gt;&gt;</a>&nbsp;&nbsp;&nbsp;sw_color_fill
<LI><a href="#[9]">&gt;&gt;</a>&nbsp;&nbsp;&nbsp;lv_vpx
<LI><a href="#[c]">&gt;&gt;</a>&nbsp;&nbsp;&nbsp;lv_vmap
<LI><a href="#[b]">&gt;&gt;</a>&nbsp;&nbsp;&nbsp;lv_vletter
</UL>

<P><STRONG><a name="[2c5]"></a>sw_color_fill</STRONG> (Thumb, 234 bytes, Stack size 64 bytes, lv_draw_vbasic.o(i.sw_color_fill))
<BR><BR>[Stack]<UL><LI>Max Depth = 84<LI>Call Chain = sw_color_fill &rArr; lv_color_mix
</UL>
<BR>[Calls]<UL><LI><a href="#[2cc]">&gt;&gt;</a>&nbsp;&nbsp;&nbsp;lv_color_mix
<LI><a href="#[2c4]">&gt;&gt;</a>&nbsp;&nbsp;&nbsp;lv_area_get_width
<LI><a href="#[28c]">&gt;&gt;</a>&nbsp;&nbsp;&nbsp;__aeabi_memcpy
</UL>
<BR>[Called By]<UL><LI><a href="#[a]">&gt;&gt;</a>&nbsp;&nbsp;&nbsp;lv_vfill
</UL>

<P><STRONG><a name="[2cd]"></a>sw_mem_blend</STRONG> (Thumb, 80 bytes, Stack size 40 bytes, lv_draw_vbasic.o(i.sw_mem_blend))
<BR><BR>[Stack]<UL><LI>Max Depth = 60<LI>Call Chain = sw_mem_blend &rArr; lv_color_mix
</UL>
<BR>[Calls]<UL><LI><a href="#[2cc]">&gt;&gt;</a>&nbsp;&nbsp;&nbsp;lv_color_mix
<LI><a href="#[28c]">&gt;&gt;</a>&nbsp;&nbsp;&nbsp;__aeabi_memcpy
</UL>
<BR>[Called By]<UL><LI><a href="#[c]">&gt;&gt;</a>&nbsp;&nbsp;&nbsp;lv_vmap
</UL>

<P><STRONG><a name="[192]"></a>anim_ready_handler</STRONG> (Thumb, 156 bytes, Stack size 24 bytes, lv_anim.o(i.anim_ready_handler))
<BR><BR>[Stack]<UL><LI>Max Depth = 56<LI>Call Chain = anim_ready_handler &rArr; lv_ll_rem &rArr; lv_ll_get_prev
</UL>
<BR>[Calls]<UL><LI><a href="#[194]">&gt;&gt;</a>&nbsp;&nbsp;&nbsp;lv_mem_free
<LI><a href="#[193]">&gt;&gt;</a>&nbsp;&nbsp;&nbsp;lv_ll_rem
</UL>
<BR>[Called By]<UL><LI><a href="#[89]">&gt;&gt;</a>&nbsp;&nbsp;&nbsp;anim_task
</UL>

<P><STRONG><a name="[89]"></a>anim_task</STRONG> (Thumb, 140 bytes, Stack size 32 bytes, lv_anim.o(i.anim_task))
<BR><BR>[Stack]<UL><LI>Max Depth = 88<LI>Call Chain = anim_task &rArr; anim_ready_handler &rArr; lv_ll_rem &rArr; lv_ll_get_prev
</UL>
<BR>[Calls]<UL><LI><a href="#[197]">&gt;&gt;</a>&nbsp;&nbsp;&nbsp;lv_ll_get_next
<LI><a href="#[196]">&gt;&gt;</a>&nbsp;&nbsp;&nbsp;lv_ll_get_head
<LI><a href="#[198]">&gt;&gt;</a>&nbsp;&nbsp;&nbsp;lv_tick_get
<LI><a href="#[195]">&gt;&gt;</a>&nbsp;&nbsp;&nbsp;lv_tick_elaps
<LI><a href="#[192]">&gt;&gt;</a>&nbsp;&nbsp;&nbsp;anim_ready_handler
</UL>
<BR>[Address Reference Count : 1]<UL><LI> lv_anim.o(i.lv_anim_init)
</UL>
<P><STRONG><a name="[2a3]"></a>node_set_next</STRONG> (Thumb, 10 bytes, Stack size 0 bytes, lv_ll.o(i.node_set_next))
<BR><BR>[Called By]<UL><LI><a href="#[193]">&gt;&gt;</a>&nbsp;&nbsp;&nbsp;lv_ll_rem
<LI><a href="#[262]">&gt;&gt;</a>&nbsp;&nbsp;&nbsp;lv_ll_ins_tail
<LI><a href="#[23b]">&gt;&gt;</a>&nbsp;&nbsp;&nbsp;lv_ll_ins_head
<LI><a href="#[222]">&gt;&gt;</a>&nbsp;&nbsp;&nbsp;lv_ll_chg_list
<LI><a href="#[2a4]">&gt;&gt;</a>&nbsp;&nbsp;&nbsp;lv_ll_ins_prev
</UL>

<P><STRONG><a name="[2a2]"></a>node_set_prev</STRONG> (Thumb, 8 bytes, Stack size 0 bytes, lv_ll.o(i.node_set_prev))
<BR><BR>[Called By]<UL><LI><a href="#[193]">&gt;&gt;</a>&nbsp;&nbsp;&nbsp;lv_ll_rem
<LI><a href="#[262]">&gt;&gt;</a>&nbsp;&nbsp;&nbsp;lv_ll_ins_tail
<LI><a href="#[23b]">&gt;&gt;</a>&nbsp;&nbsp;&nbsp;lv_ll_ins_head
<LI><a href="#[222]">&gt;&gt;</a>&nbsp;&nbsp;&nbsp;lv_ll_chg_list
<LI><a href="#[2a4]">&gt;&gt;</a>&nbsp;&nbsp;&nbsp;lv_ll_ins_prev
</UL>

<P><STRONG><a name="[1b9]"></a>ent_alloc</STRONG> (Thumb, 48 bytes, Stack size 16 bytes, lv_mem.o(i.ent_alloc))
<BR><BR>[Stack]<UL><LI>Max Depth = 28<LI>Call Chain = ent_alloc &rArr; ent_trunc
</UL>
<BR>[Calls]<UL><LI><a href="#[1ba]">&gt;&gt;</a>&nbsp;&nbsp;&nbsp;ent_trunc
</UL>
<BR>[Called By]<UL><LI><a href="#[240]">&gt;&gt;</a>&nbsp;&nbsp;&nbsp;lv_mem_alloc
</UL>

<P><STRONG><a name="[2a5]"></a>ent_get_next</STRONG> (Thumb, 34 bytes, Stack size 8 bytes, lv_mem.o(i.ent_get_next))
<BR><BR>[Stack]<UL><LI>Max Depth = 8<LI>Call Chain = ent_get_next
</UL>
<BR>[Called By]<UL><LI><a href="#[194]">&gt;&gt;</a>&nbsp;&nbsp;&nbsp;lv_mem_free
<LI><a href="#[240]">&gt;&gt;</a>&nbsp;&nbsp;&nbsp;lv_mem_alloc
<LI><a href="#[2a6]">&gt;&gt;</a>&nbsp;&nbsp;&nbsp;lv_mem_monitor
</UL>

<P><STRONG><a name="[1ba]"></a>ent_trunc</STRONG> (Thumb, 76 bytes, Stack size 12 bytes, lv_mem.o(i.ent_trunc))
<BR><BR>[Stack]<UL><LI>Max Depth = 12<LI>Call Chain = ent_trunc
</UL>
<BR>[Called By]<UL><LI><a href="#[28b]">&gt;&gt;</a>&nbsp;&nbsp;&nbsp;lv_mem_realloc
<LI><a href="#[1b9]">&gt;&gt;</a>&nbsp;&nbsp;&nbsp;ent_alloc
</UL>

<P><STRONG><a name="[2bc]"></a>lv_task_exec</STRONG> (Thumb, 52 bytes, Stack size 16 bytes, lv_task.o(i.lv_task_exec))
<BR><BR>[Stack]<UL><LI>Max Depth = 56<LI>Call Chain = lv_task_exec &rArr; lv_task_del &rArr; lv_ll_rem &rArr; lv_ll_get_prev
</UL>
<BR>[Calls]<UL><LI><a href="#[198]">&gt;&gt;</a>&nbsp;&nbsp;&nbsp;lv_tick_get
<LI><a href="#[195]">&gt;&gt;</a>&nbsp;&nbsp;&nbsp;lv_tick_elaps
<LI><a href="#[2bb]">&gt;&gt;</a>&nbsp;&nbsp;&nbsp;lv_task_del
</UL>
<BR>[Called By]<UL><LI><a href="#[2bd]">&gt;&gt;</a>&nbsp;&nbsp;&nbsp;lv_task_handler
</UL>

<P><STRONG><a name="[2bf]"></a>is_break_char</STRONG> (Thumb, 36 bytes, Stack size 0 bytes, lv_txt.o(i.is_break_char))
<BR><BR>[Called By]<UL><LI><a href="#[244]">&gt;&gt;</a>&nbsp;&nbsp;&nbsp;lv_txt_get_next_line
</UL>

<P><STRONG><a name="[2c1]"></a>lv_ufs_ent_get</STRONG> (Thumb, 46 bytes, Stack size 16 bytes, lv_ufs.o(i.lv_ufs_ent_get))
<BR><BR>[Stack]<UL><LI>Max Depth = 24<LI>Call Chain = lv_ufs_ent_get &rArr; lv_ll_get_next
</UL>
<BR>[Calls]<UL><LI><a href="#[197]">&gt;&gt;</a>&nbsp;&nbsp;&nbsp;lv_ll_get_next
<LI><a href="#[196]">&gt;&gt;</a>&nbsp;&nbsp;&nbsp;lv_ll_get_head
<LI><a href="#[1ef]">&gt;&gt;</a>&nbsp;&nbsp;&nbsp;strcmp
</UL>
<BR>[Called By]<UL><LI><a href="#[98]">&gt;&gt;</a>&nbsp;&nbsp;&nbsp;lv_ufs_remove
<LI><a href="#[96]">&gt;&gt;</a>&nbsp;&nbsp;&nbsp;lv_ufs_open
</UL>

<P><STRONG><a name="[2c2]"></a>lv_ufs_ent_new</STRONG> (Thumb, 58 bytes, Stack size 16 bytes, lv_ufs.o(i.lv_ufs_ent_new))
<BR><BR>[Stack]<UL><LI>Max Depth = 76<LI>Call Chain = lv_ufs_ent_new &rArr; lv_ll_ins_head &rArr; lv_mem_alloc &rArr; ent_alloc &rArr; ent_trunc
</UL>
<BR>[Calls]<UL><LI><a href="#[240]">&gt;&gt;</a>&nbsp;&nbsp;&nbsp;lv_mem_alloc
<LI><a href="#[23b]">&gt;&gt;</a>&nbsp;&nbsp;&nbsp;lv_ll_ins_head
<LI><a href="#[1de]">&gt;&gt;</a>&nbsp;&nbsp;&nbsp;strlen
<LI><a href="#[1c5]">&gt;&gt;</a>&nbsp;&nbsp;&nbsp;strcpy
</UL>
<BR>[Called By]<UL><LI><a href="#[96]">&gt;&gt;</a>&nbsp;&nbsp;&nbsp;lv_ufs_open
</UL>

<P><STRONG><a name="[2a1]"></a>lv_area_get_height</STRONG> (Thumb, 14 bytes, Stack size 0 bytes, lv_label.o(i.lv_area_get_height))
<BR><BR>[Called By]<UL><LI><a href="#[8c]">&gt;&gt;</a>&nbsp;&nbsp;&nbsp;lv_label_signal
</UL>

<P><STRONG><a name="[2a0]"></a>lv_area_get_width</STRONG> (Thumb, 14 bytes, Stack size 0 bytes, lv_label.o(i.lv_area_get_width))
<BR><BR>[Called By]<UL><LI><a href="#[8c]">&gt;&gt;</a>&nbsp;&nbsp;&nbsp;lv_label_signal
</UL>

<P><STRONG><a name="[293]"></a>lv_font_get_height</STRONG> (Thumb, 6 bytes, Stack size 0 bytes, lv_label.o(i.lv_font_get_height))
<BR><BR>[Called By]<UL><LI><a href="#[291]">&gt;&gt;</a>&nbsp;&nbsp;&nbsp;lv_label_get_letter_on
<LI><a href="#[296]">&gt;&gt;</a>&nbsp;&nbsp;&nbsp;lv_label_refr_text
</UL>

<P><STRONG><a name="[8b]"></a>lv_label_design</STRONG> (Thumb, 240 bytes, Stack size 48 bytes, lv_label.o(i.lv_label_design))
<BR><BR>[Stack]<UL><LI>Max Depth = 324<LI>Call Chain = lv_label_design &rArr; lv_draw_label &rArr; lv_txt_get_size &rArr; lv_txt_get_next_line &rArr; lv_txt_utf8_prev &rArr; lv_txt_utf8_next
</UL>
<BR>[Calls]<UL><LI><a href="#[268]">&gt;&gt;</a>&nbsp;&nbsp;&nbsp;lv_group_get_focused
<LI><a href="#[249]">&gt;&gt;</a>&nbsp;&nbsp;&nbsp;lv_draw_rect
<LI><a href="#[28e]">&gt;&gt;</a>&nbsp;&nbsp;&nbsp;lv_obj_get_style
<LI><a href="#[290]">&gt;&gt;</a>&nbsp;&nbsp;&nbsp;lv_obj_get_group
<LI><a href="#[27b]">&gt;&gt;</a>&nbsp;&nbsp;&nbsp;lv_obj_get_ext_attr
<LI><a href="#[28f]">&gt;&gt;</a>&nbsp;&nbsp;&nbsp;lv_obj_get_coords
<LI><a href="#[241]">&gt;&gt;</a>&nbsp;&nbsp;&nbsp;lv_draw_label
</UL>
<BR>[Address Reference Count : 1]<UL><LI> lv_label.o(i.lv_label_create)
</UL>
<P><STRONG><a name="[296]"></a>lv_label_refr_text</STRONG> (Thumb, 996 bytes, Stack size 80 bytes, lv_label.o(i.lv_label_refr_text))
<BR><BR>[Stack]<UL><LI>Max Depth = 268<LI>Call Chain = lv_label_refr_text &rArr; lv_label_get_letter_on &rArr; lv_obj_get_style &rArr; lv_group_mod_style &rArr; style_mod_def &rArr; lv_color_mix
</UL>
<BR>[Calls]<UL><LI><a href="#[223]">&gt;&gt;</a>&nbsp;&nbsp;&nbsp;lv_obj_invalidate
<LI><a href="#[23a]">&gt;&gt;</a>&nbsp;&nbsp;&nbsp;lv_anim_del
<LI><a href="#[239]">&gt;&gt;</a>&nbsp;&nbsp;&nbsp;lv_anim_create
<LI><a href="#[297]">&gt;&gt;</a>&nbsp;&nbsp;&nbsp;lv_obj_set_size
<LI><a href="#[29d]">&gt;&gt;</a>&nbsp;&nbsp;&nbsp;lv_obj_set_height
<LI><a href="#[292]">&gt;&gt;</a>&nbsp;&nbsp;&nbsp;lv_obj_get_width
<LI><a href="#[28e]">&gt;&gt;</a>&nbsp;&nbsp;&nbsp;lv_obj_get_style
<LI><a href="#[299]">&gt;&gt;</a>&nbsp;&nbsp;&nbsp;lv_obj_get_height
<LI><a href="#[27b]">&gt;&gt;</a>&nbsp;&nbsp;&nbsp;lv_obj_get_ext_attr
<LI><a href="#[20f]">&gt;&gt;</a>&nbsp;&nbsp;&nbsp;lv_obj_get_parent
<LI><a href="#[298]">&gt;&gt;</a>&nbsp;&nbsp;&nbsp;lv_anim_speed_to_time
<LI><a href="#[246]">&gt;&gt;</a>&nbsp;&nbsp;&nbsp;lv_txt_utf8_next
<LI><a href="#[243]">&gt;&gt;</a>&nbsp;&nbsp;&nbsp;lv_txt_get_size
<LI><a href="#[248]">&gt;&gt;</a>&nbsp;&nbsp;&nbsp;lv_font_get_width
<LI><a href="#[29b]">&gt;&gt;</a>&nbsp;&nbsp;&nbsp;txt_utf8_get_byte_id
<LI><a href="#[29c]">&gt;&gt;</a>&nbsp;&nbsp;&nbsp;lv_txt_utf8_size
<LI><a href="#[29a]">&gt;&gt;</a>&nbsp;&nbsp;&nbsp;lv_txt_get_length
<LI><a href="#[291]">&gt;&gt;</a>&nbsp;&nbsp;&nbsp;lv_label_get_letter_on
<LI><a href="#[293]">&gt;&gt;</a>&nbsp;&nbsp;&nbsp;lv_font_get_height
<LI><a href="#[28c]">&gt;&gt;</a>&nbsp;&nbsp;&nbsp;__aeabi_memcpy
</UL>
<BR>[Called By]<UL><LI><a href="#[280]">&gt;&gt;</a>&nbsp;&nbsp;&nbsp;lv_label_set_text
<LI><a href="#[289]">&gt;&gt;</a>&nbsp;&nbsp;&nbsp;lv_label_set_static_text
<LI><a href="#[283]">&gt;&gt;</a>&nbsp;&nbsp;&nbsp;lv_label_set_recolor
<LI><a href="#[27f]">&gt;&gt;</a>&nbsp;&nbsp;&nbsp;lv_label_set_long_mode
<LI><a href="#[8c]">&gt;&gt;</a>&nbsp;&nbsp;&nbsp;lv_label_signal
</UL>

<P><STRONG><a name="[29e]"></a>lv_label_revert_dots</STRONG> (Thumb, 86 bytes, Stack size 24 bytes, lv_label.o(i.lv_label_revert_dots))
<BR><BR>[Stack]<UL><LI>Max Depth = 36<LI>Call Chain = lv_label_revert_dots &rArr; txt_utf8_get_byte_id
</UL>
<BR>[Calls]<UL><LI><a href="#[27b]">&gt;&gt;</a>&nbsp;&nbsp;&nbsp;lv_obj_get_ext_attr
<LI><a href="#[29b]">&gt;&gt;</a>&nbsp;&nbsp;&nbsp;txt_utf8_get_byte_id
</UL>
<BR>[Called By]<UL><LI><a href="#[27f]">&gt;&gt;</a>&nbsp;&nbsp;&nbsp;lv_label_set_long_mode
<LI><a href="#[8c]">&gt;&gt;</a>&nbsp;&nbsp;&nbsp;lv_label_signal
</UL>

<P><STRONG><a name="[90]"></a>lv_label_set_offset_x</STRONG> (Thumb, 24 bytes, Stack size 16 bytes, lv_label.o(i.lv_label_set_offset_x))
<BR><BR>[Stack]<UL><LI>Max Depth = 92<LI>Call Chain = lv_label_set_offset_x &rArr; lv_obj_invalidate &rArr; lv_inv_area &rArr; lv_area_union
</UL>
<BR>[Calls]<UL><LI><a href="#[223]">&gt;&gt;</a>&nbsp;&nbsp;&nbsp;lv_obj_invalidate
<LI><a href="#[27b]">&gt;&gt;</a>&nbsp;&nbsp;&nbsp;lv_obj_get_ext_attr
</UL>
<BR>[Address Reference Count : 2]<UL><LI> lv_label.o(i.lv_label_refr_text)
<LI> lv_label.o(i.lv_label_set_long_mode)
</UL>
<P><STRONG><a name="[91]"></a>lv_label_set_offset_y</STRONG> (Thumb, 24 bytes, Stack size 16 bytes, lv_label.o(i.lv_label_set_offset_y))
<BR><BR>[Stack]<UL><LI>Max Depth = 92<LI>Call Chain = lv_label_set_offset_y &rArr; lv_obj_invalidate &rArr; lv_inv_area &rArr; lv_area_union
</UL>
<BR>[Calls]<UL><LI><a href="#[223]">&gt;&gt;</a>&nbsp;&nbsp;&nbsp;lv_obj_invalidate
<LI><a href="#[27b]">&gt;&gt;</a>&nbsp;&nbsp;&nbsp;lv_obj_get_ext_attr
</UL>
<BR>[Address Reference Count : 2]<UL><LI> lv_label.o(i.lv_label_refr_text)
<LI> lv_label.o(i.lv_label_set_long_mode)
</UL>
<P><STRONG><a name="[8c]"></a>lv_label_signal</STRONG> (Thumb, 256 bytes, Stack size 32 bytes, lv_label.o(i.lv_label_signal))
<BR><BR>[Stack]<UL><LI>Max Depth = 300<LI>Call Chain = lv_label_signal &rArr; lv_label_refr_text &rArr; lv_label_get_letter_on &rArr; lv_obj_get_style &rArr; lv_group_mod_style &rArr; style_mod_def &rArr; lv_color_mix
</UL>
<BR>[Calls]<UL><LI><a href="#[194]">&gt;&gt;</a>&nbsp;&nbsp;&nbsp;lv_mem_free
<LI><a href="#[28e]">&gt;&gt;</a>&nbsp;&nbsp;&nbsp;lv_obj_get_style
<LI><a href="#[27b]">&gt;&gt;</a>&nbsp;&nbsp;&nbsp;lv_obj_get_ext_attr
<LI><a href="#[29e]">&gt;&gt;</a>&nbsp;&nbsp;&nbsp;lv_label_revert_dots
<LI><a href="#[296]">&gt;&gt;</a>&nbsp;&nbsp;&nbsp;lv_label_refr_text
<LI><a href="#[2a0]">&gt;&gt;</a>&nbsp;&nbsp;&nbsp;lv_area_get_width
<LI><a href="#[2a1]">&gt;&gt;</a>&nbsp;&nbsp;&nbsp;lv_area_get_height
</UL>
<BR>[Address Reference Count : 1]<UL><LI> lv_label.o(i.lv_label_create)
</UL>
<P><STRONG><a name="[278]"></a>lv_mem_assert</STRONG> (Thumb, 8 bytes, Stack size 0 bytes, lv_label.o(i.lv_mem_assert))
<BR><BR>[Called By]<UL><LI><a href="#[277]">&gt;&gt;</a>&nbsp;&nbsp;&nbsp;lv_label_create
</UL>

<P><STRONG><a name="[b5]"></a>tft_flush</STRONG> (Thumb, 100 bytes, Stack size 40 bytes, tft.o(i.tft_flush))
<BR><BR>[Stack]<UL><LI>Max Depth = 40<LI>Call Chain = tft_flush
</UL>
<BR>[Calls]<UL><LI><a href="#[343]">&gt;&gt;</a>&nbsp;&nbsp;&nbsp;lv_flush_ready
</UL>
<BR>[Address Reference Count : 1]<UL><LI> tft.o(i.tft_init)
</UL>
<P><STRONG><a name="[b4]"></a>tft_map</STRONG> (Thumb, 96 bytes, Stack size 40 bytes, tft.o(i.tft_map))
<BR><BR>[Stack]<UL><LI>Max Depth = 40<LI>Call Chain = tft_map
</UL>
<BR>[Address Reference Count : 1]<UL><LI> tft.o(i.tft_init)
</UL>
<P><STRONG><a name="[b6]"></a>touchpad_read</STRONG> (Thumb, 76 bytes, Stack size 8 bytes, touchpad.o(i.touchpad_read))
<BR><BR>[Stack]<UL><LI>Max Depth = 352<LI>Call Chain = touchpad_read &rArr; touch_get_xy &rArr; ct_get_touch_status &rArr; ct_read_reg &rArr; iic_read_byte &rArr; iic_no_ack &rArr; delay_us &rArr; delay_osschedunlock &rArr; rt_exit_critical &rArr; rt_schedule &rArr; _rt_scheduler_stack_check &rArr;  list_thread (Cycle)
</UL>
<BR>[Calls]<UL><LI><a href="#[350]">&gt;&gt;</a>&nbsp;&nbsp;&nbsp;touch_get_xy
</UL>
<BR>[Address Reference Count : 1]<UL><LI> touchpad.o(i.touchpad_init)
</UL><P>
<H3>
Undefined Global Symbols
</H3><HR></body></html>
