<html>
<body>
<pre>
<h1>礦ision Build Log</h1>
<h2>Tool Versions:</h2>
IDE-Version: μVision V5.26.2.0
Copyright (C) 2018 ARM Ltd and ARM Germany GmbH. All rights reserved.
License Information: 1123 1123, 1123, LIC=UB4FW-Q7CFW-RF7IZ-JBR1B-UBXKB-YSEEU
 
Tool Versions:
Toolchain:       MDK-ARM Professional  Version: 5.26.2.0
Toolchain Path:  D:\Keil_v5\ARM\ARMCC\Bin
C Compiler:      Armcc.exe V5.06 update 6 (build 750)
Assembler:       Armasm.exe V5.06 update 6 (build 750)
Linker/Locator:  ArmLink.exe V5.06 update 6 (build 750)
Library Manager: ArmAr.exe V5.06 update 6 (build 750)
Hex Converter:   FromElf.exe V5.06 update 6 (build 750)
CPU DLL:         SARMCM3.DLL V5.26.2.0
Dialog DLL:      DCM.DLL V1.17.2.0
Target DLL:      Segger\JL2CM3.dll V2.99.31.0
Dialog DLL:      TCM.DLL V1.36.1.0
 
<h2>Project:</h2>
C:\Users\zhush\Desktop\Cliet\Cliet\Project\Project.uvprojx
Project File Date:  09/18/2018

<h2>Output:</h2>
*** Using Compiler 'V5.06 update 6 (build 750)', folder: 'D:\Keil_v5\ARM\ARMCC\Bin'
Build target '客户端'
Before Build - User command #1: VerManage.exe
读取 VerManage.h文件成功！
修改 VerManage.h文件成功！
/*     FirstBuiltDate：2017-10-31 18:06:00      */
工程编译时间：2018-09-18 23:25:07
当前编译的版本号：1.05.61
备注：此软件仅用于娱乐，造成任何损失一概不负责！
compiling lv_vdb.c...
compiling lv_refr.c...
compiling lv_group.c...
compiling lv_indev.c...
compiling lv_style.c...
compiling lv_anim.c...
compiling lv_draw_rbasic.c...
compiling lv_color.c...
compiling LCD_TEST.c...
..\APP\LCD_TEST\LCD_TEST.h(31): warning:  #1-D: last line of file ends without a newline
  #endif
..\Applications\main_task\main_task.h(4): warning:  #1295-D: Deprecated declaration main_task_creat - give arg types
  void main_task_creat();
..\APP\LCD_TEST\LCD_TEST.c(45): warning:  #1-D: last line of file ends without a newline
  }
..\APP\LCD_TEST\LCD_TEST.c: 3 warnings, 0 errors
compiling lv_task.c...
compiling lv_mem.c...
compiling lv_fs.c...
compiling main_task.c...
..\Applications\main_task\main_task.h(4): warning:  #1295-D: Deprecated declaration main_task_creat - give arg types
  void main_task_creat();
..\Applications\main_task\main_task.c(49): warning:  #1-D: last line of file ends without a newline
  }
..\Applications\main_task\main_task.c: 2 warnings, 0 errors
compiling application.c...
..\Bsp\Drivers\spi_hard\spi_hard.h(123): warning:  #47-D: incompatible redefinition of macro "FLASH_DEBUG"  (declared at line 135 of "..\RT-Thread\rtConfig\rtconfig.h")
  #define FLASH_DEBUG(fmt,arg...)          do{\
..\APP\LED\LED.h(28): warning:  #1-D: last line of file ends without a newline
  #endif
..\APP\LCD_TEST\LCD_TEST.h(31): warning:  #1-D: last line of file ends without a newline
  #endif
..\Applications\application.c(83): warning:  #177-D: variable "tid"  was declared but never referenced
      rt_thread_t tid;
..\Applications\application.c: 4 warnings, 0 errors
compiling lv_ufs.c...
compiling lv_draw.c...
..\lvgl\lv_draw\lv_draw.c(2133): warning:  #111-D: statement is unreachable
      return 0;
..\lvgl\lv_draw\lv_draw.c: 1 warning, 0 errors
compiling lv_obj.c...
..\lvgl\lv_core\lv_obj.c(933): warning:  #188-D: enumerated type mixed with another type
  	type = type & (~LV_ANIM_DIR_MASK);
..\lvgl\lv_core\lv_obj.c(1083): warning:  #111-D: statement is unreachable
  	return NULL;
..\lvgl\lv_core\lv_obj.c(1101): warning:  #111-D: statement is unreachable
      return NULL;
..\lvgl\lv_core\lv_obj.c: 3 warnings, 0 errors
compiling board.c...
compiling lv_btn.c...
..\lvgl\lv_objx\lv_btn.c(270): warning:  #111-D: statement is unreachable
      return NULL;
..\lvgl\lv_objx\lv_btn.c: 1 warning, 0 errors
compiling lv_bar.c...
..\lvgl\lv_objx\lv_bar.c(255): warning:  #111-D: statement is unreachable
      return NULL;
..\lvgl\lv_objx\lv_bar.c: 1 warning, 0 errors
compiling lv_txt.c...
compiling lv_cb.c...
..\lvgl\lv_objx\lv_cb.c(197): warning:  #111-D: statement is unreachable
      return NULL;
..\lvgl\lv_objx\lv_cb.c(232): warning:  #111-D: statement is unreachable
      return true;
..\lvgl\lv_objx\lv_cb.c: 2 warnings, 0 errors
compiling lv_font.c...
compiling lv_ddlist.c...
..\lvgl\lv_objx\lv_ddlist.c(371): warning:  #111-D: statement is unreachable
      return NULL;
..\lvgl\lv_objx\lv_ddlist.c: 1 warning, 0 errors
compiling lv_draw_vbasic.c...
compiling lv_chart.c...
..\lvgl\lv_objx\lv_chart.c(336): warning:  #188-D: enumerated type mixed with another type
      return ext->type;
..\lvgl\lv_objx\lv_chart.c: 1 warning, 0 errors
compiling lv_gauge.c...
compiling lv_objx_templ.c...
compiling lv_cont.c...
..\lvgl\lv_objx\lv_cont.c(159): warning:  #188-D: enumerated type mixed with another type
  	return ext->layout;
..\lvgl\lv_objx\lv_cont.c: 1 warning, 0 errors
compiling lv_led.c...
compiling lv_kb.c...
..\lvgl\lv_objx\lv_kb.c(152): warning:  #188-D: enumerated type mixed with another type
          lv_ta_set_cursor_type(ext->ta,  cur_type | LV_CURSOR_HIDDEN);
..\lvgl\lv_objx\lv_kb.c(160): warning:  #188-D: enumerated type mixed with another type
          lv_ta_set_cursor_type(ext->ta,  cur_type & (~LV_CURSOR_HIDDEN));
..\lvgl\lv_objx\lv_kb.c(197): warning:  #188-D: enumerated type mixed with another type
              lv_ta_set_cursor_type(ext->ta,  cur_type & (~LV_CURSOR_HIDDEN));
..\lvgl\lv_objx\lv_kb.c(199): warning:  #188-D: enumerated type mixed with another type
              lv_ta_set_cursor_type(ext->ta,  cur_type | LV_CURSOR_HIDDEN);
..\lvgl\lv_objx\lv_kb.c(335): warning:  #111-D: statement is unreachable
      return NULL;
..\lvgl\lv_objx\lv_kb.c: 5 warnings, 0 errors
compiling lv_list.c...
..\lvgl\lv_objx\lv_list.c(369): warning:  #111-D: statement is unreachable
      return NULL;
..\lvgl\lv_objx\lv_list.c: 1 warning, 0 errors
compiling lv_lmeter.c...
compiling lv_mbox.c...
..\lvgl\lv_objx\lv_mbox.c(210): warning:  #188-D: enumerated type mixed with another type
          lv_obj_animate(mbox, LV_ANIM_GROW_H| LV_ANIM_OUT, ext->anim_time, delay, NULL);
..\lvgl\lv_objx\lv_mbox.c(211): warning:  #188-D: enumerated type mixed with another type
          lv_obj_animate(mbox, LV_ANIM_GROW_V| LV_ANIM_OUT, ext->anim_time, delay, (void (*)(lv_obj_t*))lv_obj_del);
..\lvgl\lv_objx\lv_mbox.c(333): warning:  #111-D: statement is unreachable
      return NULL;
..\lvgl\lv_objx\lv_mbox.c: 3 warnings, 0 errors
compiling lv_btnm.c...
..\lvgl\lv_objx\lv_btnm.c(369): warning:  #111-D: statement is unreachable
      return NULL;
..\lvgl\lv_objx\lv_btnm.c: 1 warning, 0 errors
compiling lv_line.c...
compiling lv_img.c...
compiling lv_label.c...
..\lvgl\lv_objx\lv_label.c(363): warning:  #188-D: enumerated type mixed with another type
      return ext->align;
..\lvgl\lv_objx\lv_label.c: 1 warning, 0 errors
compiling lv_roller.c...
..\lvgl\lv_objx\lv_roller.c(194): warning:  #111-D: statement is unreachable
      return NULL;
..\lvgl\lv_objx\lv_roller.c: 1 warning, 0 errors
compiling lv_page.c...
..\lvgl\lv_objx\lv_page.c(92): warning:  #188-D: enumerated type mixed with another type
          lv_page_set_sb_mode(new_page, ext->sb.mode);
..\lvgl\lv_objx\lv_page.c(119): warning:  #188-D: enumerated type mixed with another type
          lv_page_set_sb_mode(new_page, copy_ext->sb.mode);
..\lvgl\lv_objx\lv_page.c(234): warning:  #188-D: enumerated type mixed with another type
      return ext->sb.mode;
..\lvgl\lv_objx\lv_page.c(255): warning:  #111-D: statement is unreachable
      return NULL;
..\lvgl\lv_objx\lv_page.c: 4 warnings, 0 errors
compiling lv_slider.c...
..\lvgl\lv_objx\lv_slider.c(229): warning:  #111-D: statement is unreachable
      return NULL;
..\lvgl\lv_objx\lv_slider.c: 1 warning, 0 errors
compiling lv_theme.c...
compiling lv_theme_default.c...
compiling lv_ta.c...
..\lvgl\lv_objx\lv_ta.c(621): warning:  #111-D: statement is unreachable
      return NULL;
..\lvgl\lv_objx\lv_ta.c: 1 warning, 0 errors
compiling lv_theme_material.c...
compiling lv_sw.c...
..\lvgl\lv_objx\lv_sw.c(150): warning:  #188-D: enumerated type mixed with another type
              lv_bar_set_style(sw, LV_SLIDER_STYLE_INDIC, style);
..\lvgl\lv_objx\lv_sw.c(186): warning:  #111-D: statement is unreachable
      return NULL;
..\lvgl\lv_objx\lv_sw.c: 2 warnings, 0 errors
compiling lv_tabview.c...
..\lvgl\lv_objx\lv_tabview.c(481): warning:  #111-D: statement is unreachable
      return NULL;
..\lvgl\lv_objx\lv_tabview.c: 1 warning, 0 errors
compiling lv_theme_night.c...
compiling lv_theme_templ.c...
compiling lv_theme_alien.c...
compiling lv_theme_mono.c...
compiling lv_theme_zen.c...
compiling lv_win.c...
..\lvgl\lv_objx\lv_win.c(388): warning:  #111-D: statement is unreachable
      return NULL;
..\lvgl\lv_objx\lv_win.c: 1 warning, 0 errors
compiling lv_font_dejavu_10_cyrillic.c...
compiling lv_font_dejavu_20.c...
compiling lv_font_dejavu_10.c...
compiling lv_font_dejavu_20_cyrillic.c...
compiling lv_font_dejavu_20_latin_sup.c...
compiling lv_font_dejavu_30_cyrillic.c...
compiling lv_font_dejavu_10_latin_sup.c...
compiling lv_font_dejavu_40.c...
compiling lv_font_dejavu_40_cyrillic.c...
compiling lv_hal_indev.c...
compiling lv_hal_tick.c...
compiling lv_font_symbol_10.c...
compiling lv_font_dejavu_30.c...
compiling lv_font_symbol_30.c...
compiling lv_font_dejavu_30_latin_sup.c...
compiling lv_font_dejavu_40_latin_sup.c...
compiling img_bubble_pattern.c...
compiling lv_hal_disp.c...
compiling lv_font_symbol_40.c...
compiling touchpad.c...
compiling lv_font_symbol_20.c...
compiling WRJZY_20.c...
..\Applications\font\WRJZY_20.c(1376): warning:  #177-D: variable "WRJZY_20_unicode_list"  was declared but never referenced
  static const uint32_t WRJZY_20_unicode_list[] = {
..\Applications\font\WRJZY_20.c: 1 warning, 0 errors
compiling demo.c...
compiling WRJZY_40.c...
compiling GUICharPEx.c...
..\Applications\font\GUICharPEx.c(51): warning:  #767-D: conversion from pointer to smaller integer
      BytesPerFont = (u16)GUI_UNI_PTR.h_px * (u16)GUI_UNI_PTR.get_width; 
..\Applications\font\GUICharPEx.c(42): warning:  #177-D: function "GUI_GetDataFromMemory"  was declared but never referenced
  static void GUI_GetDataFromMemory(const lv_font_t GUI_UNI_PTR, char *c) 
..\Applications\font\GUICharPEx.c: 2 warnings, 0 errors
compiling tft.c...
compiling HZChar.c...
..\Applications\font\HZChar.c(14): warning:  #177-D: variable "HZ_16_glyph_bitmap"  was declared but never referenced
  static const uint8_t HZ_16_glyph_bitmap[] = 
..\Applications\font\HZChar.c: 1 warning, 0 errors
linking...
Program Size: Code=89472 RO-data=24204 RW-data=920 ZI-data=58008  
FromELF: creating hex file...
".\Objects\KHD_2.axf" - 0 Error(s), 46 Warning(s).

<h2>Software Packages used:</h2>

Package Vendor: Keil
                http://www.keil.com/pack/Keil.STM32F4xx_DFP.2.13.0.pack
                Keil.STM32F4xx_DFP.2.13.0
                STMicroelectronics STM32F4 Series Device Support, Drivers and Examples

<h2>Collection of Component include folders:</h2>
  .\RTE\_______
  D:\Keil_v5\ARM\PACK\Keil\STM32F4xx_DFP\2.13.0\Drivers\CMSIS\Device\ST\STM32F4xx\Include

<h2>Collection of Component Files used:</h2>
Build Time Elapsed:  00:00:17
</pre>
</body>
</html>
